Archive member included to satisfy reference by file (symbol)

/usr/lib/gcc/arm-none-eabi/15.2.0/../../../../arm-none-eabi/lib/thumb/v8-m.main+fp/softfp/libm.a(libm_a-wf_sqrt.o)
                              CMakeFiles/2890-cartridge-gadget.dir/home/menadue/pico/pico-sdk/src/rp2_common/pico_float/float_math.c.o (sqrtf)
/usr/lib/gcc/arm-none-eabi/15.2.0/../../../../arm-none-eabi/lib/thumb/v8-m.main+fp/softfp/libm.a(libm_a-ef_sqrt.o)
                              /usr/lib/gcc/arm-none-eabi/15.2.0/../../../../arm-none-eabi/lib/thumb/v8-m.main+fp/softfp/libm.a(libm_a-wf_sqrt.o) (__ieee754_sqrtf)
/usr/lib/gcc/arm-none-eabi/15.2.0/thumb/v8-m.main+fp/softfp/libgcc.a(_arm_addsubdf3.o)
                              CMakeFiles/2890-cartridge-gadget.dir/home/menadue/pico/pico-sdk/src/rp2_common/pico_float/float_math.c.o (__aeabi_f2d)
/usr/lib/gcc/arm-none-eabi/15.2.0/thumb/v8-m.main+fp/softfp/libgcc.a(_aeabi_ldivmod.o)
                              CMakeFiles/2890-cartridge-gadget.dir/home/menadue/pico/pico-sdk/src/common/pico_time/time.c.o (__aeabi_ldivmod)
/usr/lib/gcc/arm-none-eabi/15.2.0/thumb/v8-m.main+fp/softfp/libgcc.a(_aeabi_uldivmod.o)
                              CMakeFiles/2890-cartridge-gadget.dir/home/menadue/pico/pico-sdk/src/rp2_common/hardware_clocks/clocks.c.o (__aeabi_uldivmod)
/usr/lib/gcc/arm-none-eabi/15.2.0/thumb/v8-m.main+fp/softfp/libgcc.a(_udivmoddi4.o)
                              /usr/lib/gcc/arm-none-eabi/15.2.0/thumb/v8-m.main+fp/softfp/libgcc.a(_aeabi_ldivmod.o) (__udivmoddi4)
/usr/lib/gcc/arm-none-eabi/15.2.0/thumb/v8-m.main+fp/softfp/libgcc.a(_dvmd_tls.o)
                              /usr/lib/gcc/arm-none-eabi/15.2.0/thumb/v8-m.main+fp/softfp/libgcc.a(_aeabi_ldivmod.o) (__aeabi_ldiv0)
/usr/lib/gcc/arm-none-eabi/15.2.0/../../../../arm-none-eabi/lib/thumb/v8-m.main+fp/softfp/libg.a(libc_a-atexit.o)
                              /usr/lib/gcc/arm-none-eabi/15.2.0/../../../../arm-none-eabi/lib/thumb/v8-m.main+fp/softfp/crt0.o (atexit)
/usr/lib/gcc/arm-none-eabi/15.2.0/../../../../arm-none-eabi/lib/thumb/v8-m.main+fp/softfp/libg.a(libc_a-atoi.o)
                              CMakeFiles/2890-cartridge-gadget.dir/home/menadue/tree/github/monroe-calculator-information/2890/firmware/no-OS-FatFS-SD-SDIO-SPI-RPi-Pico/src/sd_driver/sd_card.c.o (atoi)
/usr/lib/gcc/arm-none-eabi/15.2.0/../../../../arm-none-eabi/lib/thumb/v8-m.main+fp/softfp/libg.a(libc_a-calloc.o)
                              CMakeFiles/2890-cartridge-gadget.dir/home/menadue/pico/pico-sdk/src/rp2_common/pico_malloc/malloc.c.o (calloc)
/usr/lib/gcc/arm-none-eabi/15.2.0/../../../../arm-none-eabi/lib/thumb/v8-m.main+fp/softfp/libg.a(libc_a-callocr.o)
                              /usr/lib/gcc/arm-none-eabi/15.2.0/../../../../arm-none-eabi/lib/thumb/v8-m.main+fp/softfp/libg.a(libc_a-calloc.o) (_calloc_r)
/usr/lib/gcc/arm-none-eabi/15.2.0/../../../../arm-none-eabi/lib/thumb/v8-m.main+fp/softfp/libg.a(libc_a-malloc.o)
                              CMakeFiles/2890-cartridge-gadget.dir/home/menadue/pico/pico-sdk/src/rp2_common/pico_malloc/malloc.c.o (malloc)
/usr/lib/gcc/arm-none-eabi/15.2.0/../../../../arm-none-eabi/lib/thumb/v8-m.main+fp/softfp/libg.a(libc_a-mallocr.o)
                              /usr/lib/gcc/arm-none-eabi/15.2.0/../../../../arm-none-eabi/lib/thumb/v8-m.main+fp/softfp/libg.a(libc_a-callocr.o) (_malloc_r)
/usr/lib/gcc/arm-none-eabi/15.2.0/../../../../arm-none-eabi/lib/thumb/v8-m.main+fp/softfp/libg.a(libc_a-mlock.o)
                              /usr/lib/gcc/arm-none-eabi/15.2.0/../../../../arm-none-eabi/lib/thumb/v8-m.main+fp/softfp/libg.a(libc_a-mallocr.o) (__malloc_lock)
/usr/lib/gcc/arm-none-eabi/15.2.0/../../../../arm-none-eabi/lib/thumb/v8-m.main+fp/softfp/libg.a(libc_a-realloc.o)
                              CMakeFiles/2890-cartridge-gadget.dir/home/menadue/pico/pico-sdk/src/rp2_common/pico_malloc/malloc.c.o (realloc)
/usr/lib/gcc/arm-none-eabi/15.2.0/../../../../arm-none-eabi/lib/thumb/v8-m.main+fp/softfp/libg.a(libc_a-reallocr.o)
                              /usr/lib/gcc/arm-none-eabi/15.2.0/../../../../arm-none-eabi/lib/thumb/v8-m.main+fp/softfp/libg.a(libc_a-realloc.o) (_realloc_r)
/usr/lib/gcc/arm-none-eabi/15.2.0/../../../../arm-none-eabi/lib/thumb/v8-m.main+fp/softfp/libg.a(libc_a-strtol.o)
                              /usr/lib/gcc/arm-none-eabi/15.2.0/../../../../arm-none-eabi/lib/thumb/v8-m.main+fp/softfp/libg.a(libc_a-atoi.o) (_strtol_r)
/usr/lib/gcc/arm-none-eabi/15.2.0/../../../../arm-none-eabi/lib/thumb/v8-m.main+fp/softfp/libg.a(libc_a-ctype_.o)
                              CMakeFiles/2890-cartridge-gadget.dir/2890-cartridge-gadget.c.o (_ctype_)
/usr/lib/gcc/arm-none-eabi/15.2.0/../../../../arm-none-eabi/lib/thumb/v8-m.main+fp/softfp/libg.a(libc_a-sscanf.o)
                              CMakeFiles/2890-cartridge-gadget.dir/2890-cartridge-gadget.c.o (sscanf)
/usr/lib/gcc/arm-none-eabi/15.2.0/../../../../arm-none-eabi/lib/thumb/v8-m.main+fp/softfp/libg.a(libc_a-stdio.o)
[...]
Memory Configuration

Name             Origin             Length             Attributes
FLASH            0x10000000         0x01000000         xr
RAM              0x20000000         0x00080000         xrw
SCRATCH_X        0x20080000         0x00001000         xrw
SCRATCH_Y        0x20081000         0x00001000         xrw
*default*        0x00000000         0xffffffff

Linker script and memory map

LOAD /usr/lib/gcc/arm-none-eabi/15.2.0/thumb/v8-m.main+fp/softfp/crti.o
LOAD /usr/lib/gcc/arm-none-eabi/15.2.0/thumb/v8-m.main+fp/softfp/crtbegin.o
LOAD /usr/lib/gcc/arm-none-eabi/15.2.0/../../../../arm-none-eabi/lib/thumb/v8-m.main+fp/softfp/crt0.o

.flash_begin    0x10000000        0x0
                0x10000000                        __flash_binary_start = .

.flashtext      0x10000000      0x1f8
                0x10000000                        __logical_binary_start = .
 *(.vectors)
 .vectors       0x10000000      0x124 CMakeFiles/2890-cartridge-gadget.dir/home/menadue/pico/pico-sdk/src/rp2_common/pico_crt0/crt0.S.o
                0x10000000                __vectors
                0x10000000                __VECTOR_TABLE
                0x10000110                isr_invalid
                0x10000110                __default_isrs_start
                0x10000112                NMI_Handler
                0x10000116                SVC_Handler
                0x10000118                PendSV_Handler
                0x1000011a                SysTick_Handler
                0x1000011c                UART0_IRQ_Handler
                0x1000011c                __unhandled_user_irq
                0x1000011c                TIMER1_IRQ_1_Handler
                0x1000011c                TRNG_IRQ_Handler
                0x1000011c                isr_irq49
                0x1000011c                PLL_SYS_IRQ_Handler
                0x1000011c                IO_IRQ_BANK0_Handler
                0x1000011c                PIO0_IRQ_0_Handler
                0x1000011c                USBCTRL_IRQ_Handler
                0x1000011c                SPI1_IRQ_Handler
                0x1000011c                POWMAN_IRQ_POW_Handler
                0x1000011c                DMA_IRQ_2_Handler
                0x1000011c                PIO1_IRQ_1_Handler
                0x1000011c                POWMAN_IRQ_TIMER_Handler
                0x1000011c                DMA_IRQ_1_Handler
                0x1000011c                SIO_IRQ_FIFO_Handler
                0x1000011c                PLL_USB_IRQ_Handler
                0x1000011c                TIMER0_IRQ_2_Handler
                0x1000011c                I2C1_IRQ_Handler
                0x1000011c                IO_IRQ_BANK0_NS_Handler
                0x1000011c                isr_irq48
                0x1000011c                PIO2_IRQ_1_Handler
                0x1000011c                PWM_IRQ_WRAP_0_Handler
                0x1000011c                isr_irq50
                0x1000011c                TIMER1_IRQ_0_Handler
                0x1000011c                isr_irq40
                0x1000011c                SPI0_IRQ_Handler
                0x1000011c                PWM_IRQ_WRAP_1_Handler
                0x1000011c                SIO_IRQ_BELL_Handler
                0x1000011c                isr_irq41
                0x1000011c                OTP_IRQ_Handler
                0x1000011c                PIO0_IRQ_1_Handler
                0x1000011c                I2C0_IRQ_Handler
                0x1000011c                SIO_IRQ_FIFO_NS_Handler
                0x1000011c                SIO_IRQ_BELL_NS_Handler
                0x1000011c                SIO_IRQ_MTIMECMP_Handler
                0x1000011c                UART1_IRQ_Handler
                0x1000011c                DMA_IRQ_0_Handler
                0x1000011c                CLOCKS_IRQ_Handler
                0x1000011c                PIO1_IRQ_0_Handler
                0x1000011c                PIO2_IRQ_0_Handler
                0x1000011c                isr_irq46
                0x1000011c                ADC_IRQ_FIFO_Handler
                0x1000011c                isr_irq47
                0x1000011c                isr_irq51
                0x1000011c                IO_IRQ_QSPI_Handler
                0x1000011c                TIMER1_IRQ_3_Handler
                0x1000011c                TIMER0_IRQ_0_Handler
                0x1000011c                IO_IRQ_QSPI_NS_Handler
                0x1000011c                __default_isrs_end
                0x1000011c                TIMER0_IRQ_3_Handler
                0x1000011c                TIMER1_IRQ_2_Handler
                0x1000011c                TIMER0_IRQ_1_Handler
                0x1000011c                DMA_IRQ_3_Handler
                0x10000122                unhandled_user_irq_num_in_r0
 *(.binary_info_header)
 .binary_info_header
                0x10000124       0x14 CMakeFiles/2890-cartridge-gadget.dir/home/menadue/pico/pico-sdk/src/rp2_common/pico_crt0/crt0.S.o
                0x10000138                        __binary_info_header_end = .
 *(.embedded_block)
 .embedded_block
                0x10000138       0x14 CMakeFiles/2890-cartridge-gadget.dir/home/menadue/pico/pico-sdk/src/rp2_common/pico_crt0/crt0.S.o
                0x1000014c                        __embedded_block_end = .
 *(.reset)
 .reset         0x1000014c       0xac CMakeFiles/2890-cartridge-gadget.dir/home/menadue/pico/pico-sdk/src/rp2_common/pico_crt0/crt0.S.o
                0x1000014c                _entry_point
                0x100001f8                        . = ALIGN (0x4)

.boot2          0x100001f8        0x0
                0x100001f8                        __boot2_start__ = .
 *(.boot2)
                0x100001f8                        __boot2_end__ = .
                0x00000001                        ASSERT (((__boot2_end__ - __boot2_start__) <= 0x100), ERROR: Pico second stage bootloader must be no more than 256 bytes in size)

.rodata         0x100001f8        0x0
 *(SORT_BY_ALIGNMENT(SORT_BY_NAME(.flashdata*)))
                0x100001f8                        . = ALIGN (0x4)

.ARM.extab
 *(.ARM.extab* .gnu.linkonce.armextab.*)
                0x100001f8                        __exidx_start = .

.ARM.exidx      0x100001f8        0x8
 *(.ARM.exidx* .gnu.linkonce.armexidx.*)
 .ARM.exidx     0x100001f8        0x8 /usr/lib/gcc/arm-none-eabi/15.2.0/thumb/v8-m.main+fp/softfp/libgcc.a(_udivmoddi4.o)
 .ARM.exidx     0x10000200        0x0 /usr/lib/gcc/arm-none-eabi/15.2.0/../../../../arm-none-eabi/lib/thumb/v8-m.main+fp/softfp/libg.a(libc_a-strcmp.o)
                                  0x8 (size before relaxing)
 .ARM.exidx     0x10000200        0x0 /usr/lib/gcc/arm-none-eabi/15.2.0/../../../../arm-none-eabi/lib/thumb/v8-m.main+fp/softfp/libg.a(libc_a-memcpy.o)
                                  0x8 (size before relaxing)
                0x10000200                        __exidx_end = .
                0x10000200                        . = ALIGN (0x4)
                0x10000200                        __binary_info_start = .

.binary_info    0x10000200       0x24
 *(.binary_info.keep.*)
 .binary_info.keep.__bi_ptr84
                0x10000200        0x4 CMakeFiles/2890-cartridge-gadget.dir/home/menadue/pico/pico-sdk/src/rp2_common/pico_standard_binary_info/standard_binary_info.c.o
 .binary_info.keep.__bi_ptr78
                0x10000204        0x4 CMakeFiles/2890-cartridge-gadget.dir/home/menadue/pico/pico-sdk/src/rp2_common/pico_standard_binary_info/standard_binary_info.c.o
 .binary_info.keep.__bi_ptr60
                0x10000208        0x4 CMakeFiles/2890-cartridge-gadget.dir/home/menadue/pico/pico-sdk/src/rp2_common/pico_standard_binary_info/standard_binary_info.c.o
 .binary_info.keep.__bi_ptr54
                0x1000020c        0x4 CMakeFiles/2890-cartridge-gadget.dir/home/menadue/pico/pico-sdk/src/rp2_common/pico_standard_binary_info/standard_binary_info.c.o
 .binary_info.keep.__bi_ptr48
                0x10000210        0x4 CMakeFiles/2890-cartridge-gadget.dir/home/menadue/pico/pico-sdk/src/rp2_common/pico_standard_binary_info/standard_binary_info.c.o
 .binary_info.keep.__bi_ptr42
                0x10000214        0x4 CMakeFiles/2890-cartridge-gadget.dir/home/menadue/pico/pico-sdk/src/rp2_common/pico_standard_binary_info/standard_binary_info.c.o
 .binary_info.keep.__bi_ptr34
                0x10000218        0x4 CMakeFiles/2890-cartridge-gadget.dir/home/menadue/pico/pico-sdk/src/rp2_common/pico_standard_binary_info/standard_binary_info.c.o
 .binary_info.keep.__bi_ptr26
                0x1000021c        0x4 CMakeFiles/2890-cartridge-gadget.dir/home/menadue/pico/pico-sdk/src/rp2_common/pico_standard_binary_info/standard_binary_info.c.o
 *(.binary_info.*)
 .binary_info.__bi_ptr197
                0x10000220        0x4 CMakeFiles/2890-cartridge-gadget.dir/home/menadue/pico/pico-sdk/src/rp2_common/pico_stdio_usb/stdio_usb.c.o
                0x10000224                        __binary_info_end = .
                0x10000224                        . = ALIGN (0x4)

.ram_vector_table
                0x20000000      0x110
 *(.ram_vector_table)
 .ram_vector_table
                0x20000000      0x110 CMakeFiles/2890-cartridge-gadget.dir/home/menadue/pico/pico-sdk/src/rp2_common/pico_runtime_init/runtime_init.c.o
                0x20000000                ram_vector_table

.uninitialized_data
                0x20000110       0x78
                0x20000110                        . = ALIGN (0x4)
 *(.uninitialized_data*)
 .uninitialized_data
                0x20000110       0x78 CMakeFiles/2890-cartridge-gadget.dir/home/menadue/tree/github/monroe-calculator-information/2890/firmware/no-OS-FatFS-SD-SDIO-SPI-RPi-Pico/src/src/crash.c.o

.text           0x20000188    0x18ba4 load address 0x10000224
                0x20000188                        __ram_text_start__ = .
 *(.init)
 .init          0x20000188        0x4 /usr/lib/gcc/arm-none-eabi/15.2.0/thumb/v8-m.main+fp/softfp/crti.o
                0x20000188                _init
 *(.text*)
 .text          0x2000018c       0x8c /usr/lib/gcc/arm-none-eabi/15.2.0/thumb/v8-m.main+fp/softfp/crtbegin.o
 .text.cli_do_reset
                0x20000218        0x4 CMakeFiles/2890-cartridge-gadget.dir/2890-cartridge-gadget.c.o
                0x20000218                cli_do_reset
 .text.cli_trace_addresses
                0x2000021c       0x18 CMakeFiles/2890-cartridge-gadget.dir/2890-cartridge-gadget.c.o
                0x2000021c                cli_trace_addresses
 .text.cli_version
                0x20000234       0x18 CMakeFiles/2890-cartridge-gadget.dir/2890-cartridge-gadget.c.o
                0x20000234                cli_version
 .text.cli_digit
                0x2000024c       0x14 CMakeFiles/2890-cartridge-gadget.dir/2890-cartridge-gadget.c.o
                0x2000024c                cli_digit
 .text.cli_get_vdu
                0x20000260       0x84 CMakeFiles/2890-cartridge-gadget.dir/2890-cartridge-gadget.c.o
                0x20000260                cli_get_vdu
 .text.cli_dump_window
                0x200002e4       0x48 CMakeFiles/2890-cartridge-gadget.dir/2890-cartridge-gadget.c.o
                0x200002e4                cli_dump_window
 .text.serial_help
                0x2000032c       0x3c CMakeFiles/2890-cartridge-gadget.dir/2890-cartridge-gadget.c.o
                0x2000032c                serial_help
 .text.cli_display_vdu_regs
                0x20000368       0x70 CMakeFiles/2890-cartridge-gadget.dir/2890-cartridge-gadget.c.o
                0x20000368                cli_display_vdu_regs
 .text.cli_dump_trace
                0x200003d8       0x6c CMakeFiles/2890-cartridge-gadget.dir/2890-cartridge-gadget.c.o
                0x200003d8                cli_dump_trace
 .text.cli_boot_mass
                0x20000444        0xc CMakeFiles/2890-cartridge-gadget.dir/2890-cartridge-gadget.c.o
                0x20000444                cli_boot_mass
 .text.cli_dump_ram
                0x20000450       0xc0 CMakeFiles/2890-cartridge-gadget.dir/2890-cartridge-gadget.c.o
                0x20000450                cli_dump_ram
 .text.cli_information
                0x20000510       0xb8 CMakeFiles/2890-cartridge-gadget.dir/2890-cartridge-gadget.c.o
                0x20000510                cli_information
 .text.ram_emulate
                0x200005c8       0xe4 CMakeFiles/2890-cartridge-gadget.dir/2890-cartridge-gadget.c.o
                0x200005c8                ram_emulate
 .text.cli_load_app
                0x200006ac       0x64 CMakeFiles/2890-cartridge-gadget.dir/2890-cartridge-gadget.c.o
                0x200006ac                cli_load_app
 .text.cli_enter_parameter
                0x20000710       0x80 CMakeFiles/2890-cartridge-gadget.dir/2890-cartridge-gadget.c.o
                0x20000710                cli_enter_parameter
 .text.cli_ls   0x20000790       0xb0 CMakeFiles/2890-cartridge-gadget.dir/2890-cartridge-gadget.c.o
                0x20000790                cli_ls
 .text.update_screen
                0x20000840       0xf0 CMakeFiles/2890-cartridge-gadget.dir/2890-cartridge-gadget.c.o
                0x20000840                update_screen
 .text.cli_vdu_loop
                0x20000930      0x150 CMakeFiles/2890-cartridge-gadget.dir/2890-cartridge-gadget.c.o
                0x20000930                cli_vdu_loop
 .text.find_next_file_number
                0x20000a80      0x10c CMakeFiles/2890-cartridge-gadget.dir/2890-cartridge-gadget.c.o
                0x20000a80                find_next_file_number
 .text.core_writefile
                0x20000b8c      0x1e0 CMakeFiles/2890-cartridge-gadget.dir/2890-cartridge-gadget.c.o
                0x20000b8c                core_writefile
 .text.cli_snapshot_memory
                0x20000d6c        0xc CMakeFiles/2890-cartridge-gadget.dir/2890-cartridge-gadget.c.o
                0x20000d6c                cli_snapshot_memory
 .text.read_binary_file
                0x20000d78       0x8c CMakeFiles/2890-cartridge-gadget.dir/2890-cartridge-gadget.c.o
                0x20000d78                read_binary_file
 .text.cli_read_file
                0x20000e04       0x10 CMakeFiles/2890-cartridge-gadget.dir/2890-cartridge-gadget.c.o
                0x20000e04                cli_read_file
 .text.cli_load_monitor
                0x20000e14       0x10 CMakeFiles/2890-cartridge-gadget.dir/2890-cartridge-gadget.c.o
                0x20000e14                cli_load_monitor
 .text.cli_load_basic
                0x20000e24       0x10 CMakeFiles/2890-cartridge-gadget.dir/2890-cartridge-gadget.c.o
                0x20000e24                cli_load_basic
 .text.cli_load_cos40
                0x20000e34       0x10 CMakeFiles/2890-cartridge-gadget.dir/2890-cartridge-gadget.c.o
                0x20000e34                cli_load_cos40
 .text.startup.main
                0x20000e44      0x364 CMakeFiles/2890-cartridge-gadget.dir/2890-cartridge-gadget.c.o
                0x20000e44                main
 .text.i2c_send_byte.constprop.0
                0x200011a8       0xa0 CMakeFiles/2890-cartridge-gadget.dir/oled.c.o
 .text.i2c_init
                0x20001248       0x14 CMakeFiles/2890-cartridge-gadget.dir/oled.c.o
                0x20001248                i2c_init
 .text.oled_set_xy
                0x2000125c       0xdc CMakeFiles/2890-cartridge-gadget.dir/oled.c.o
                0x2000125c                oled_set_xy
 .text.oled_display_string
                0x20001338      0x120 CMakeFiles/2890-cartridge-gadget.dir/oled.c.o
                0x20001338                oled_display_string
 .text.oled_clear_display
                0x20001458      0x114 CMakeFiles/2890-cartridge-gadget.dir/oled.c.o
                0x20001458                oled_clear_display
 .text.oled_setup
                0x2000156c       0xcc CMakeFiles/2890-cartridge-gadget.dir/oled.c.o
                0x2000156c                oled_setup
 .text.mount_sd
                0x20001638       0x3c CMakeFiles/2890-cartridge-gadget.dir/sdcard.c.o
                0x20001638                mount_sd
 .text.unmount_sd
                0x20001674       0x10 CMakeFiles/2890-cartridge-gadget.dir/sdcard.c.o
                0x20001674                unmount_sd
 .text.cd_to_dir
                0x20001684       0x68 CMakeFiles/2890-cartridge-gadget.dir/sdcard.c.o
                0x20001684                cd_to_dir
 .text.sd_get_num
                0x200016ec        0x4 CMakeFiles/2890-cartridge-gadget.dir/hw_config.c.o
                0x200016ec                sd_get_num
 .text.sd_get_by_num
                0x200016f0       0x10 CMakeFiles/2890-cartridge-gadget.dir/hw_config.c.o
                0x200016f0                sd_get_by_num
 .text.button_exit
                0x20001700        0xc CMakeFiles/2890-cartridge-gadget.dir/menu.c.o
                0x20001700                button_exit
 .text.button_select_file
                0x2000170c        0x4 CMakeFiles/2890-cartridge-gadget.dir/menu.c.o
                0x2000170c                button_select_file
 .text.draw_menu
                0x20001710      0x12c CMakeFiles/2890-cartridge-gadget.dir/menu.c.o
                0x20001710                draw_menu
 .text.button_list
                0x2000183c      0x1d4 CMakeFiles/2890-cartridge-gadget.dir/menu.c.o
                0x2000183c                button_list
 .text.but_ev_file_select
                0x20001a10       0xf0 CMakeFiles/2890-cartridge-gadget.dir/menu.c.o
                0x20001a10                but_ev_file_select
 .text.button_write
                0x20001b00       0x48 CMakeFiles/2890-cartridge-gadget.dir/menu.c.o
                0x20001b00                button_write
 .text.but_ev_up
                0x20001b48       0x38 CMakeFiles/2890-cartridge-gadget.dir/menu.c.o
                0x20001b48                but_ev_up
 .text.but_ev_down
                0x20001b80       0x68 CMakeFiles/2890-cartridge-gadget.dir/menu.c.o
                0x20001b80                but_ev_down
 .text.button_blank
                0x20001be8       0x90 CMakeFiles/2890-cartridge-gadget.dir/menu.c.o
                0x20001be8                button_blank
 .text.but_ev_select
                0x20001c78       0x54 CMakeFiles/2890-cartridge-gadget.dir/menu.c.o
                0x20001c78                but_ev_select
 .text.gpio_set_function
                0x20001ccc       0x3c CMakeFiles/2890-cartridge-gadget.dir/home/menadue/pico/pico-sdk/src/rp2_common/hardware_gpio/gpio.c.o
                0x20001ccc                gpio_set_function
 .text.gpio_set_pulls
                0x20001d08       0x24 CMakeFiles/2890-cartridge-gadget.dir/home/menadue/pico/pico-sdk/src/rp2_common/hardware_gpio/gpio.c.o
                0x20001d08                gpio_set_pulls
 .text.gpio_set_slew_rate
                0x20001d2c       0x1c CMakeFiles/2890-cartridge-gadget.dir/home/menadue/pico/pico-sdk/src/rp2_common/hardware_gpio/gpio.c.o
                0x20001d2c                gpio_set_slew_rate
 .text.gpio_set_drive_strength
                0x20001d48       0x20 CMakeFiles/2890-cartridge-gadget.dir/home/menadue/pico/pico-sdk/src/rp2_common/hardware_gpio/gpio.c.o
                0x20001d48                gpio_set_drive_strength
 .text.gpio_init
                0x20001d68       0x4c CMakeFiles/2890-cartridge-gadget.dir/home/menadue/pico/pico-sdk/src/rp2_common/hardware_gpio/gpio.c.o
                0x20001d68                gpio_init
 .text.gpio_deinit
                0x20001db4       0x40 CMakeFiles/2890-cartridge-gadget.dir/home/menadue/pico/pico-sdk/src/rp2_common/hardware_gpio/gpio.c.o
                0x20001db4                gpio_deinit
 .text.panic    0x20001df4       0x30 CMakeFiles/2890-cartridge-gadget.dir/home/menadue/pico/pico-sdk/src/rp2_common/pico_platform_panic/panic.c.o
                0x20001df4                panic
 .text.hw_claim_lock
                0x20001e24       0x24 CMakeFiles/2890-cartridge-gadget.dir/home/menadue/pico/pico-sdk/src/common/hardware_claim/claim.c.o
                0x20001e24                hw_claim_lock
 .text.hw_claim_unlock
                0x20001e48       0x14 CMakeFiles/2890-cartridge-gadget.dir/home/menadue/pico/pico-sdk/src/common/hardware_claim/claim.c.o
                0x20001e48                hw_claim_unlock
 .text.hw_claim_or_assert
                0x20001e5c       0x58 CMakeFiles/2890-cartridge-gadget.dir/home/menadue/pico/pico-sdk/src/common/hardware_claim/claim.c.o
                0x20001e5c                hw_claim_or_assert
 .text.hw_claim_unused_from_range
                0x20001eb4       0x84 CMakeFiles/2890-cartridge-gadget.dir/home/menadue/pico/pico-sdk/src/common/hardware_claim/claim.c.o
                0x20001eb4                hw_claim_unused_from_range
 .text.next_striped_spin_lock_num
                0x20001f38       0x18 CMakeFiles/2890-cartridge-gadget.dir/home/menadue/pico/pico-sdk/src/rp2_common/hardware_sync/sync.c.o
                0x20001f38                next_striped_spin_lock_num
 .text.spin_lock_claim_unused
                0x20001f50       0x24 CMakeFiles/2890-cartridge-gadget.dir/home/menadue/pico/pico-sdk/src/rp2_common/hardware_sync/sync.c.o
                0x20001f50                spin_lock_claim_unused
 .text.spinlock_set_extexclall
                0x20001f74       0x10 CMakeFiles/2890-cartridge-gadget.dir/home/menadue/pico/pico-sdk/src/rp2_common/hardware_sync_spin_lock/sync_spin_lock.c.o
 .text.spin_locks_reset
                0x20001f84       0x18 CMakeFiles/2890-cartridge-gadget.dir/home/menadue/pico/pico-sdk/src/rp2_common/hardware_sync_spin_lock/sync_spin_lock.c.o
                0x20001f84                spin_locks_reset
 .text.runtime_init_per_core_irq_priorities
                0x20001f9c       0x40 CMakeFiles/2890-cartridge-gadget.dir/home/menadue/pico/pico-sdk/src/rp2_common/hardware_irq/irq.c.o
                0x20001f9c                runtime_init_per_core_irq_priorities
 .text.irq_set_enabled
                0x20001fdc       0x2c CMakeFiles/2890-cartridge-gadget.dir/home/menadue/pico/pico-sdk/src/rp2_common/hardware_irq/irq.c.o
                0x20001fdc                irq_set_enabled
 .text.irq_is_enabled
                0x20002008       0x20 CMakeFiles/2890-cartridge-gadget.dir/home/menadue/pico/pico-sdk/src/rp2_common/hardware_irq/irq.c.o
                0x20002008                irq_is_enabled
 .text.irq_set_mask_enabled
                0x20002028       0x18 CMakeFiles/2890-cartridge-gadget.dir/home/menadue/pico/pico-sdk/src/rp2_common/hardware_irq/irq.c.o
                0x20002028                irq_set_mask_enabled
 .text.irq_set_pending
                0x20002040       0x18 CMakeFiles/2890-cartridge-gadget.dir/home/menadue/pico/pico-sdk/src/rp2_common/hardware_irq/irq.c.o
                0x20002040                irq_set_pending
 .text.irq_has_shared_handler
                0x20002058       0x20 CMakeFiles/2890-cartridge-gadget.dir/home/menadue/pico/pico-sdk/src/rp2_common/hardware_irq/irq.c.o
                0x20002058                irq_has_shared_handler
 .text.irq_set_exclusive_handler
                0x20002078       0x70 CMakeFiles/2890-cartridge-gadget.dir/home/menadue/pico/pico-sdk/src/rp2_common/hardware_irq/irq.c.o
                0x20002078                irq_set_exclusive_handler
 .text.irq_add_shared_handler
                0x200020e8      0x1f4 CMakeFiles/2890-cartridge-gadget.dir/home/menadue/pico/pico-sdk/src/rp2_common/hardware_irq/irq.c.o
                0x200020e8                irq_add_shared_handler
 .text.irq_add_tail_to_free_list
                0x200022dc       0xfc CMakeFiles/2890-cartridge-gadget.dir/home/menadue/pico/pico-sdk/src/rp2_common/hardware_irq/irq.c.o
                0x200022dc                irq_add_tail_to_free_list
 .text.user_irq_claim_unused
                0x200023d8       0x2c CMakeFiles/2890-cartridge-gadget.dir/home/menadue/pico/pico-sdk/src/rp2_common/hardware_irq/irq.c.o
                0x200023d8                user_irq_claim_unused
 .text.lock_init
                0x20002404        0xc CMakeFiles/2890-cartridge-gadget.dir/home/menadue/pico/pico-sdk/src/common/pico_sync/lock_core.c.o
                0x20002404                lock_init
 .text.runtime_init_mutex
                0x20002410       0x4c CMakeFiles/2890-cartridge-gadget.dir/home/menadue/pico/pico-sdk/src/common/pico_sync/mutex.c.o
                0x20002410                runtime_init_mutex
 .text.mutex_init
                0x2000245c       0x1c CMakeFiles/2890-cartridge-gadget.dir/home/menadue/pico/pico-sdk/src/common/pico_sync/mutex.c.o
                0x2000245c                mutex_init
 .text.critical_section_init
                0x20002478       0x1c CMakeFiles/2890-cartridge-gadget.dir/home/menadue/pico/pico-sdk/src/common/pico_sync/critical_section.c.o
                0x20002478                critical_section_init
 .text.critical_section_init_with_lock_num
                0x20002494       0x10 CMakeFiles/2890-cartridge-gadget.dir/home/menadue/pico/pico-sdk/src/common/pico_sync/critical_section.c.o
                0x20002494                critical_section_init_with_lock_num
 .text.sleep_until_callback
                0x200024a4       0x3c CMakeFiles/2890-cartridge-gadget.dir/home/menadue/pico/pico-sdk/src/common/pico_time/time.c.o
 .text.alarm_pool_irq_handler
                0x200024e0      0x2ec CMakeFiles/2890-cartridge-gadget.dir/home/menadue/pico/pico-sdk/src/common/pico_time/time.c.o
 .text.runtime_init_default_alarm_pool
                0x200027cc      0x104 CMakeFiles/2890-cartridge-gadget.dir/home/menadue/pico/pico-sdk/src/common/pico_time/time.c.o
                0x200027cc                runtime_init_default_alarm_pool
 .text.alarm_pool_get_default
                0x200028d0        0x8 CMakeFiles/2890-cartridge-gadget.dir/home/menadue/pico/pico-sdk/src/common/pico_time/time.c.o
                0x200028d0                alarm_pool_get_default
 .text.alarm_pool_add_alarm_at
                0x200028d8       0xe4 CMakeFiles/2890-cartridge-gadget.dir/home/menadue/pico/pico-sdk/src/common/pico_time/time.c.o
                0x200028d8                alarm_pool_add_alarm_at
 .text.alarm_pool_add_alarm_at_force_in_context
                0x200029bc       0xcc CMakeFiles/2890-cartridge-gadget.dir/home/menadue/pico/pico-sdk/src/common/pico_time/time.c.o
                0x200029bc                alarm_pool_add_alarm_at_force_in_context
 .text.alarm_pool_cancel_alarm
                0x20002a88       0x84 CMakeFiles/2890-cartridge-gadget.dir/home/menadue/pico/pico-sdk/src/common/pico_time/time.c.o
                0x20002a88                alarm_pool_cancel_alarm
 .text.alarm_pool_core_num
                0x20002b0c        0x4 CMakeFiles/2890-cartridge-gadget.dir/home/menadue/pico/pico-sdk/src/common/pico_time/time.c.o
                0x20002b0c                alarm_pool_core_num
 .text.sleep_us
                0x20002b10       0xd8 CMakeFiles/2890-cartridge-gadget.dir/home/menadue/pico/pico-sdk/src/common/pico_time/time.c.o
                0x20002b10                sleep_us
 .text.sleep_ms
                0x20002be8       0xdc CMakeFiles/2890-cartridge-gadget.dir/home/menadue/pico/pico-sdk/src/common/pico_time/time.c.o
                0x20002be8                sleep_ms
 .text.best_effort_wfe_or_timeout
                0x20002cc4       0xf8 CMakeFiles/2890-cartridge-gadget.dir/home/menadue/pico/pico-sdk/src/common/pico_time/time.c.o
                0x20002cc4                best_effort_wfe_or_timeout
 .text.timer_hardware_alarm_claim
                0x20002dbc       0x24 CMakeFiles/2890-cartridge-gadget.dir/home/menadue/pico/pico-sdk/src/rp2_common/hardware_timer/timer.c.o
                0x20002dbc                timer_hardware_alarm_claim
 .text.timer_time_us_64
                0x20002de0       0x10 CMakeFiles/2890-cartridge-gadget.dir/home/menadue/pico/pico-sdk/src/rp2_common/hardware_timer/timer.c.o
                0x20002de0                timer_time_us_64
 .text.time_us_64
                0x20002df0       0x14 CMakeFiles/2890-cartridge-gadget.dir/home/menadue/pico/pico-sdk/src/rp2_common/hardware_timer/timer.c.o
                0x20002df0                time_us_64
 .text.busy_wait_us
                0x20002e04       0x60 CMakeFiles/2890-cartridge-gadget.dir/home/menadue/pico/pico-sdk/src/rp2_common/hardware_timer/timer.c.o
                0x20002e04                busy_wait_us
 .text.busy_wait_until
                0x20002e64       0x24 CMakeFiles/2890-cartridge-gadget.dir/home/menadue/pico/pico-sdk/src/rp2_common/hardware_timer/timer.c.o
                0x20002e64                busy_wait_until
 .text.clock_configure_undivided
                0x20002e88       0xdc CMakeFiles/2890-cartridge-gadget.dir/home/menadue/pico/pico-sdk/src/rp2_common/hardware_clocks/clocks.c.o
                0x20002e88                clock_configure_undivided
 .text.clock_get_hz
                0x20002f64        0xc CMakeFiles/2890-cartridge-gadget.dir/home/menadue/pico/pico-sdk/src/rp2_common/hardware_clocks/clocks.c.o
                0x20002f64                clock_get_hz
 .text.set_sys_clock_pll
                0x20002f70      0x188 CMakeFiles/2890-cartridge-gadget.dir/home/menadue/pico/pico-sdk/src/rp2_common/hardware_clocks/clocks.c.o
                0x20002f70                set_sys_clock_pll
 .text.check_sys_clock_khz
                0x200030f8      0x178 CMakeFiles/2890-cartridge-gadget.dir/home/menadue/pico/pico-sdk/src/rp2_common/hardware_clocks/clocks.c.o
                0x200030f8                check_sys_clock_khz
 .text.pll_init
                0x20003270       0x90 CMakeFiles/2890-cartridge-gadget.dir/home/menadue/pico/pico-sdk/src/rp2_common/hardware_pll/pll.c.o
                0x20003270                pll_init
 .text.watchdog_reboot
                0x20003300       0xac CMakeFiles/2890-cartridge-gadget.dir/home/menadue/pico/pico-sdk/src/rp2_common/hardware_watchdog/watchdog.c.o
                0x20003300                watchdog_reboot
 .text.tick_start
                0x200033ac       0x18 CMakeFiles/2890-cartridge-gadget.dir/home/menadue/pico/pico-sdk/src/rp2_common/hardware_ticks/ticks.c.o
                0x200033ac                tick_start
 .text.rom_reboot.constprop.0.isra.0
                0x200033c4       0x38 CMakeFiles/2890-cartridge-gadget.dir/home/menadue/pico/pico-sdk/src/rp2_common/pico_bootrom/bootrom.c.o
 .text.rom_func_lookup
                0x200033fc       0x18 CMakeFiles/2890-cartridge-gadget.dir/home/menadue/pico/pico-sdk/src/rp2_common/pico_bootrom/bootrom.c.o
                0x200033fc                rom_func_lookup
 .text.rom_reset_usb_boot
                0x20003414       0x1c CMakeFiles/2890-cartridge-gadget.dir/home/menadue/pico/pico-sdk/src/rp2_common/pico_bootrom/bootrom.c.o
                0x20003414                rom_reset_usb_boot
 .text.rom_reset_usb_boot_extra
                0x20003430       0x1c CMakeFiles/2890-cartridge-gadget.dir/home/menadue/pico/pico-sdk/src/rp2_common/pico_bootrom/bootrom.c.o
                0x20003430                rom_reset_usb_boot_extra
 .text.runtime_init_bootrom_locking_enable
                0x2000344c       0x14 CMakeFiles/2890-cartridge-gadget.dir/home/menadue/pico/pico-sdk/src/rp2_common/pico_bootrom/bootrom_lock.c.o
                0x2000344c                runtime_init_bootrom_locking_enable
 .text.runtime_init_boot_locks_reset
                0x20003460       0x1c CMakeFiles/2890-cartridge-gadget.dir/home/menadue/pico/pico-sdk/src/rp2_common/hardware_boot_lock/boot_lock.c.o
                0x20003460                runtime_init_boot_locks_reset
 .text.xosc_init
                0x2000347c       0x2c CMakeFiles/2890-cartridge-gadget.dir/home/menadue/pico/pico-sdk/src/rp2_common/hardware_xosc/xosc.c.o
                0x2000347c                xosc_init
 .text.first_per_core_initializer
                0x200034a8        0x4 CMakeFiles/2890-cartridge-gadget.dir/home/menadue/pico/pico-sdk/src/rp2_common/pico_runtime/runtime.c.o
 .text.hard_assertion_failure
                0x200034ac        0xc CMakeFiles/2890-cartridge-gadget.dir/home/menadue/pico/pico-sdk/src/rp2_common/pico_runtime/runtime.c.o
                0x200034ac                hard_assertion_failure
 .text.runtime_run_initializers
                0x200034b8       0x20 CMakeFiles/2890-cartridge-gadget.dir/home/menadue/pico/pico-sdk/src/rp2_common/pico_runtime/runtime.c.o
                0x200034b8                runtime_run_initializers
 .text.runtime_run_per_core_initializers
                0x200034d8       0x20 CMakeFiles/2890-cartridge-gadget.dir/home/menadue/pico/pico-sdk/src/rp2_common/pico_runtime/runtime.c.o
                0x200034d8                runtime_run_per_core_initializers
 .text.runtime_init_early_resets
                0x200034f8       0x30 CMakeFiles/2890-cartridge-gadget.dir/home/menadue/pico/pico-sdk/src/rp2_common/pico_runtime_init/runtime_init.c.o
                0x200034f8                runtime_init_early_resets
 .text.runtime_init_usb_power_down
                0x20003528       0x1c CMakeFiles/2890-cartridge-gadget.dir/home/menadue/pico/pico-sdk/src/rp2_common/pico_runtime_init/runtime_init.c.o
                0x20003528                runtime_init_usb_power_down
 .text.runtime_init_per_core_enable_coprocessors
                0x20003544       0x1c CMakeFiles/2890-cartridge-gadget.dir/home/menadue/pico/pico-sdk/src/rp2_common/pico_runtime_init/runtime_init.c.o
                0x20003544                runtime_init_per_core_enable_coprocessors
 .text.runtime_init_post_clock_resets
                0x20003560       0x20 CMakeFiles/2890-cartridge-gadget.dir/home/menadue/pico/pico-sdk/src/rp2_common/pico_runtime_init/runtime_init.c.o
                0x20003560                runtime_init_post_clock_resets
 .text.runtime_init_bootrom_reset
                0x20003580       0x14 CMakeFiles/2890-cartridge-gadget.dir/home/menadue/pico/pico-sdk/src/rp2_common/pico_runtime_init/runtime_init.c.o
                0x20003580                runtime_init_bootrom_reset
 .text.runtime_init_per_core_bootrom_reset
                0x20003594       0x14 CMakeFiles/2890-cartridge-gadget.dir/home/menadue/pico/pico-sdk/src/rp2_common/pico_runtime_init/runtime_init.c.o
                0x20003594                runtime_init_per_core_bootrom_reset
 .text.runtime_init_spin_locks_reset
                0x200035a8        0x4 CMakeFiles/2890-cartridge-gadget.dir/home/menadue/pico/pico-sdk/src/rp2_common/pico_runtime_init/runtime_init.c.o
                0x200035a8                runtime_init_spin_locks_reset
 .text.runtime_init_install_ram_vector_table
                0x200035ac       0x1c CMakeFiles/2890-cartridge-gadget.dir/home/menadue/pico/pico-sdk/src/rp2_common/pico_runtime_init/runtime_init.c.o
                0x200035ac                runtime_init_install_ram_vector_table
 .text.runtime_init_clocks
                0x200035c8       0xdc CMakeFiles/2890-cartridge-gadget.dir/home/menadue/pico/pico-sdk/src/rp2_common/pico_runtime_init/runtime_init_clocks.c.o
                0x200035c8                runtime_init_clocks
 .text.runtime_init_per_core_install_stack_guard
                0x200036a4        0x8 CMakeFiles/2890-cartridge-gadget.dir/home/menadue/pico/pico-sdk/src/rp2_common/pico_runtime_init/runtime_init_stack_guard.c.o
                0x200036a4                runtime_init_per_core_install_stack_guard
 .text.__rp2350_dcp_engaged_state_save_restore
                0x200036ac       0x3a CMakeFiles/2890-cartridge-gadget.dir/home/menadue/pico/pico-sdk/src/rp2_common/pico_double/double_aeabi_dcp.S.o
 *fill*         0x200036e6        0x2 
 .text.__wrap___aeabi_dadd
                0x200036e8       0x28 CMakeFiles/2890-cartridge-gadget.dir/home/menadue/pico/pico-sdk/src/rp2_common/pico_double/double_aeabi_dcp.S.o
                0x200036f0                __wrap___aeabi_dadd
 .text.__wrap___aeabi_dsub
                0x20003710       0x28 CMakeFiles/2890-cartridge-gadget.dir/home/menadue/pico/pico-sdk/src/rp2_common/pico_double/double_aeabi_dcp.S.o
                0x20003718                __wrap___aeabi_dsub
 .text.__wrap___aeabi_dmul
                0x20003738       0x4c CMakeFiles/2890-cartridge-gadget.dir/home/menadue/pico/pico-sdk/src/rp2_common/pico_double/double_aeabi_dcp.S.o
                0x20003740                __wrap___aeabi_dmul
 .text.__wrap___aeabi_ddiv
                0x20003784       0x9c CMakeFiles/2890-cartridge-gadget.dir/home/menadue/pico/pico-sdk/src/rp2_common/pico_double/double_aeabi_dcp.S.o
                0x2000378c                __wrap___aeabi_ddiv
 .text.__wrap___aeabi_d2f
                0x20003820       0x1c CMakeFiles/2890-cartridge-gadget.dir/home/menadue/pico/pico-sdk/src/rp2_common/pico_double/double_aeabi_dcp.S.o
                0x20003828                double2float
                0x20003828                __wrap___aeabi_d2f
 .text.__wrap___aeabi_i2d
                0x2000383c       0x24 CMakeFiles/2890-cartridge-gadget.dir/home/menadue/pico/pico-sdk/src/rp2_common/pico_double/double_aeabi_dcp.S.o
                0x20003844                __wrap___aeabi_i2d
                0x20003844                int2double
 .text.__wrap___aeabi_ui2d
                0x20003860       0x24 CMakeFiles/2890-cartridge-gadget.dir/home/menadue/pico/pico-sdk/src/rp2_common/pico_double/double_aeabi_dcp.S.o
                0x20003868                __wrap___aeabi_ui2d
                0x20003868                uint2double
 .text.__wrap___aeabi_d2iz
                0x20003884       0x24 CMakeFiles/2890-cartridge-gadget.dir/home/menadue/pico/pico-sdk/src/rp2_common/pico_double/double_aeabi_dcp.S.o
                0x2000388c                __wrap___aeabi_d2iz
                0x2000388c                double2int_z
 .text.__wrap___aeabi_d2uiz
                0x200038a8       0x24 CMakeFiles/2890-cartridge-gadget.dir/home/menadue/pico/pico-sdk/src/rp2_common/pico_double/double_aeabi_dcp.S.o
                0x200038b0                double2uint_z
                0x200038b0                double2uint
                0x200038b0                __wrap___aeabi_d2uiz
 .text.__wrap___aeabi_dcmpun
                0x200038cc       0x24 CMakeFiles/2890-cartridge-gadget.dir/home/menadue/pico/pico-sdk/src/rp2_common/pico_double/double_aeabi_dcp.S.o
                0x200038d4                __wrap___aeabi_dcmpun
 .text.__wrap___aeabi_dcmpeq
                0x200038f0       0x24 CMakeFiles/2890-cartridge-gadget.dir/home/menadue/pico/pico-sdk/src/rp2_common/pico_double/double_aeabi_dcp.S.o
                0x200038f8                __wrap___aeabi_dcmpeq
 .text.__wrap___aeabi_dcmplt
                0x20003914       0x28 CMakeFiles/2890-cartridge-gadget.dir/home/menadue/pico/pico-sdk/src/rp2_common/pico_double/double_aeabi_dcp.S.o
                0x2000391c                __wrap___aeabi_dcmplt
 .text.__wrap___aeabi_dcmple
                0x2000393c       0x28 CMakeFiles/2890-cartridge-gadget.dir/home/menadue/pico/pico-sdk/src/rp2_common/pico_double/double_aeabi_dcp.S.o
                0x20003944                __wrap___aeabi_dcmple
 .text.__wrap___aeabi_dcmpge
                0x20003964       0x28 CMakeFiles/2890-cartridge-gadget.dir/home/menadue/pico/pico-sdk/src/rp2_common/pico_double/double_aeabi_dcp.S.o
                0x2000396c                __wrap___aeabi_dcmpge
 .text.__wrap___aeabi_dcmpgt
                0x2000398c       0x28 CMakeFiles/2890-cartridge-gadget.dir/home/menadue/pico/pico-sdk/src/rp2_common/pico_double/double_aeabi_dcp.S.o
                0x20003994                __wrap___aeabi_dcmpgt
 .text.__wrap_conv_tod
                0x200039b4      0x20c CMakeFiles/2890-cartridge-gadget.dir/home/menadue/pico/pico-sdk/src/rp2_common/pico_double/double_conv_m33.S.o
                0x200039b4                __wrap___aeabi_l2d
                0x200039b4                int642double
                0x200039b6                fix642double
                0x20003a5a                uint642double
                0x20003a5a                __wrap___aeabi_ul2d
                0x20003a5c                ufix642double
                0x20003af0                fix2double
                0x20003b60                ufix2double
 .text.__wrap_conv_dtoi64_z
                0x20003bc0       0xa0 CMakeFiles/2890-cartridge-gadget.dir/home/menadue/pico/pico-sdk/src/rp2_common/pico_double/double_conv_m33.S.o
                0x20003bc0                __wrap___aeabi_d2lz
                0x20003bc0                double2int64_z
                0x20003bc2                double2fix64_z
 .text.__wrap_malloc
                0x20003c60       0x38 CMakeFiles/2890-cartridge-gadget.dir/home/menadue/pico/pico-sdk/src/rp2_common/pico_malloc/malloc.c.o
                0x20003c60                __wrap_malloc
 .text.__wrap_free
                0x20003c98       0x20 CMakeFiles/2890-cartridge-gadget.dir/home/menadue/pico/pico-sdk/src/rp2_common/pico_malloc/malloc.c.o
                0x20003c98                __wrap_free
 .text._out_buffer
                0x20003cb8        0x8 CMakeFiles/2890-cartridge-gadget.dir/home/menadue/pico/pico-sdk/src/rp2_common/pico_printf/printf.c.o
 .text._out_null
                0x20003cc0        0x4 CMakeFiles/2890-cartridge-gadget.dir/home/menadue/pico/pico-sdk/src/rp2_common/pico_printf/printf.c.o
 .text._out_rev
                0x20003cc4       0xa8 CMakeFiles/2890-cartridge-gadget.dir/home/menadue/pico/pico-sdk/src/rp2_common/pico_printf/printf.c.o
 .text._ntoa_format
                0x20003d6c      0x1dc CMakeFiles/2890-cartridge-gadget.dir/home/menadue/pico/pico-sdk/src/rp2_common/pico_printf/printf.c.o
 .text._out_char
                0x20003f48        0x8 CMakeFiles/2890-cartridge-gadget.dir/home/menadue/pico/pico-sdk/src/rp2_common/pico_printf/printf.c.o
 .text._out_fct
                0x20003f50        0xc CMakeFiles/2890-cartridge-gadget.dir/home/menadue/pico/pico-sdk/src/rp2_common/pico_printf/printf.c.o
 *fill*         0x20003f5c        0x4 
 .text._ftoa    0x20003f60      0x494 CMakeFiles/2890-cartridge-gadget.dir/home/menadue/pico/pico-sdk/src/rp2_common/pico_printf/printf.c.o
 *fill*         0x200043f4        0x4 
 .text._etoa    0x200043f8      0x580 CMakeFiles/2890-cartridge-gadget.dir/home/menadue/pico/pico-sdk/src/rp2_common/pico_printf/printf.c.o
 .text._vsnprintf
                0x20004978      0x9d8 CMakeFiles/2890-cartridge-gadget.dir/home/menadue/pico/pico-sdk/src/rp2_common/pico_printf/printf.c.o
 .text.__wrap_sprintf
                0x20005350       0x30 CMakeFiles/2890-cartridge-gadget.dir/home/menadue/pico/pico-sdk/src/rp2_common/pico_printf/printf.c.o
                0x20005350                __wrap_sprintf
 .text.__wrap_snprintf
                0x20005380       0x30 CMakeFiles/2890-cartridge-gadget.dir/home/menadue/pico/pico-sdk/src/rp2_common/pico_printf/printf.c.o
                0x20005380                __wrap_snprintf
 .text.__wrap_vsnprintf
                0x200053b0       0x1c CMakeFiles/2890-cartridge-gadget.dir/home/menadue/pico/pico-sdk/src/rp2_common/pico_printf/printf.c.o
                0x200053b0                __wrap_vsnprintf
 .text.vfctprintf
                0x200053cc       0x24 CMakeFiles/2890-cartridge-gadget.dir/home/menadue/pico/pico-sdk/src/rp2_common/pico_printf/printf.c.o
                0x200053cc                vfctprintf
 .text.weak_raw_printf
                0x200053f0       0x48 CMakeFiles/2890-cartridge-gadget.dir/home/menadue/pico/pico-sdk/src/rp2_common/pico_printf/printf.c.o
                0x200053f0                weak_raw_printf
 .text.weak_raw_vprintf
                0x20005438       0x30 CMakeFiles/2890-cartridge-gadget.dir/home/menadue/pico/pico-sdk/src/rp2_common/pico_printf/printf.c.o
                0x20005438                weak_raw_vprintf
 .text._exit    0x20005468        0x4 CMakeFiles/2890-cartridge-gadget.dir/home/menadue/pico/pico-sdk/src/rp2_common/pico_clib_interface/newlib_interface.c.o
                0x20005468                _exit
 .text._sbrk    0x2000546c       0x2c CMakeFiles/2890-cartridge-gadget.dir/home/menadue/pico/pico-sdk/src/rp2_common/pico_clib_interface/newlib_interface.c.o
                0x2000546c                _sbrk
 .text.exit     0x20005498        0x8 CMakeFiles/2890-cartridge-gadget.dir/home/menadue/pico/pico-sdk/src/rp2_common/pico_clib_interface/newlib_interface.c.o
                0x20005498                exit
 .text.__assert_func
                0x200054a0       0x3c CMakeFiles/2890-cartridge-gadget.dir/home/menadue/pico/pico-sdk/src/rp2_common/pico_clib_interface/newlib_interface.c.o
                0x200054a0                __assert_func
 .text.runtime_init
                0x200054dc       0x2c CMakeFiles/2890-cartridge-gadget.dir/home/menadue/pico/pico-sdk/src/rp2_common/pico_clib_interface/newlib_interface.c.o
                0x200054dc                runtime_init
 .text.stdio_out_chars_no_crlf
                0x20005508        0x8 CMakeFiles/2890-cartridge-gadget.dir/home/menadue/pico/pico-sdk/src/rp2_common/pico_stdio/stdio.c.o
 .text.stdio_out_chars_crlf
                0x20005510       0xc0 CMakeFiles/2890-cartridge-gadget.dir/home/menadue/pico/pico-sdk/src/rp2_common/pico_stdio/stdio.c.o
 .text.stdio_buffered_printer
                0x200055d0       0x5c CMakeFiles/2890-cartridge-gadget.dir/home/menadue/pico/pico-sdk/src/rp2_common/pico_stdio/stdio.c.o
 .text.stdio_put_string
                0x2000562c       0xec CMakeFiles/2890-cartridge-gadget.dir/home/menadue/pico/pico-sdk/src/rp2_common/pico_stdio/stdio.c.o
                0x2000562c                stdio_put_string
 .text.stdio_set_driver_enabled
                0x20005718       0x28 CMakeFiles/2890-cartridge-gadget.dir/home/menadue/pico/pico-sdk/src/rp2_common/pico_stdio/stdio.c.o
                0x20005718                stdio_set_driver_enabled
 .text.stdio_flush
                0x20005740       0x24 CMakeFiles/2890-cartridge-gadget.dir/home/menadue/pico/pico-sdk/src/rp2_common/pico_stdio/stdio.c.o
                0x20005740                stdio_flush
 .text.stdio_getchar_timeout_us
                0x20005764       0x8c CMakeFiles/2890-cartridge-gadget.dir/home/menadue/pico/pico-sdk/src/rp2_common/pico_stdio/stdio.c.o
                0x20005764                stdio_getchar_timeout_us
 .text.__wrap_putchar
                0x200057f0       0x84 CMakeFiles/2890-cartridge-gadget.dir/home/menadue/pico/pico-sdk/src/rp2_common/pico_stdio/stdio.c.o
                0x200057f0                stdio_putchar
                0x200057f0                __wrap_putchar
 .text.__wrap_puts
                0x20005874       0x3c CMakeFiles/2890-cartridge-gadget.dir/home/menadue/pico/pico-sdk/src/rp2_common/pico_stdio/stdio.c.o
                0x20005874                __wrap_puts
                0x20005874                stdio_puts
 .text.__wrap_vprintf
                0x200058b0       0xc0 CMakeFiles/2890-cartridge-gadget.dir/home/menadue/pico/pico-sdk/src/rp2_common/pico_stdio/stdio.c.o
                0x200058b0                __wrap_vprintf
                0x200058b0                stdio_vprintf
 .text.__wrap_printf
                0x20005970       0x1c CMakeFiles/2890-cartridge-gadget.dir/home/menadue/pico/pico-sdk/src/rp2_common/pico_stdio/stdio.c.o
                0x20005970                stdio_printf
                0x20005970                __wrap_printf
 .text.resetd_init
                0x2000598c        0x4 CMakeFiles/2890-cartridge-gadget.dir/home/menadue/pico/pico-sdk/src/rp2_common/pico_stdio_usb/reset_interface.c.o
 .text.resetd_reset
                0x20005990        0xc CMakeFiles/2890-cartridge-gadget.dir/home/menadue/pico/pico-sdk/src/rp2_common/pico_stdio_usb/reset_interface.c.o
 .text.resetd_open
                0x2000599c       0x28 CMakeFiles/2890-cartridge-gadget.dir/home/menadue/pico/pico-sdk/src/rp2_common/pico_stdio_usb/reset_interface.c.o
 .text.resetd_xfer_cb
                0x200059c4        0x4 CMakeFiles/2890-cartridge-gadget.dir/home/menadue/pico/pico-sdk/src/rp2_common/pico_stdio_usb/reset_interface.c.o
 .text.resetd_control_xfer_cb
                0x200059c8       0x50 CMakeFiles/2890-cartridge-gadget.dir/home/menadue/pico/pico-sdk/src/rp2_common/pico_stdio_usb/reset_interface.c.o
 .text.tud_descriptor_bos_cb
                0x20005a18        0x8 CMakeFiles/2890-cartridge-gadget.dir/home/menadue/pico/pico-sdk/src/rp2_common/pico_stdio_usb/reset_interface.c.o
                0x20005a18                tud_descriptor_bos_cb
 .text.tud_vendor_control_xfer_cb
                0x20005a20       0x28 CMakeFiles/2890-cartridge-gadget.dir/home/menadue/pico/pico-sdk/src/rp2_common/pico_stdio_usb/reset_interface.c.o
                0x20005a20                tud_vendor_control_xfer_cb
 .text.usbd_app_driver_get_cb
                0x20005a48       0x10 CMakeFiles/2890-cartridge-gadget.dir/home/menadue/pico/pico-sdk/src/rp2_common/pico_stdio_usb/reset_interface.c.o
                0x20005a48                usbd_app_driver_get_cb
 .text.tud_cdc_line_coding_cb
                0x20005a58       0x18 CMakeFiles/2890-cartridge-gadget.dir/home/menadue/pico/pico-sdk/src/rp2_common/pico_stdio_usb/reset_interface.c.o
                0x20005a58                tud_cdc_line_coding_cb
 .text.stdio_usb_set_chars_available_callback
                0x20005a70       0x14 CMakeFiles/2890-cartridge-gadget.dir/home/menadue/pico/pico-sdk/src/rp2_common/pico_stdio_usb/stdio_usb.c.o
                0x20005a70                stdio_usb_set_chars_available_callback
 .text.timer_task
                0x20005a84       0x70 CMakeFiles/2890-cartridge-gadget.dir/home/menadue/pico/pico-sdk/src/rp2_common/pico_stdio_usb/stdio_usb.c.o
 .text.usb_irq  0x20005af4        0xc CMakeFiles/2890-cartridge-gadget.dir/home/menadue/pico/pico-sdk/src/rp2_common/pico_stdio_usb/stdio_usb.c.o
 .text.stdio_usb_in_chars
                0x20005b00       0x88 CMakeFiles/2890-cartridge-gadget.dir/home/menadue/pico/pico-sdk/src/rp2_common/pico_stdio_usb/stdio_usb.c.o
                0x20005b00                stdio_usb_in_chars
 .text.stdio_usb_out_flush
                0x20005b88       0x54 CMakeFiles/2890-cartridge-gadget.dir/home/menadue/pico/pico-sdk/src/rp2_common/pico_stdio_usb/stdio_usb.c.o
 .text.stdio_usb_out_chars
                0x20005bdc       0xf0 CMakeFiles/2890-cartridge-gadget.dir/home/menadue/pico/pico-sdk/src/rp2_common/pico_stdio_usb/stdio_usb.c.o
 .text.low_priority_worker_irq
                0x20005ccc       0xe8 CMakeFiles/2890-cartridge-gadget.dir/home/menadue/pico/pico-sdk/src/rp2_common/pico_stdio_usb/stdio_usb.c.o
 .text.stdio_usb_init
                0x20005db4       0xec CMakeFiles/2890-cartridge-gadget.dir/home/menadue/pico/pico-sdk/src/rp2_common/pico_stdio_usb/stdio_usb.c.o
                0x20005db4                stdio_usb_init
 .text.tud_descriptor_device_cb
                0x20005ea0        0x8 CMakeFiles/2890-cartridge-gadget.dir/home/menadue/pico/pico-sdk/src/rp2_common/pico_stdio_usb/stdio_usb_descriptors.c.o
                0x20005ea0                tud_descriptor_device_cb
 .text.tud_descriptor_configuration_cb
                0x20005ea8        0x8 CMakeFiles/2890-cartridge-gadget.dir/home/menadue/pico/pico-sdk/src/rp2_common/pico_stdio_usb/stdio_usb_descriptors.c.o
                0x20005ea8                tud_descriptor_configuration_cb
 .text.tud_descriptor_string_cb
                0x20005eb0       0x80 CMakeFiles/2890-cartridge-gadget.dir/home/menadue/pico/pico-sdk/src/rp2_common/pico_stdio_usb/stdio_usb_descriptors.c.o
                0x20005eb0                tud_descriptor_string_cb
 .text.startup._retrieve_unique_id_on_boot
                0x20005f30       0x2c CMakeFiles/2890-cartridge-gadget.dir/home/menadue/pico/pico-sdk/src/rp2_common/pico_unique_id/unique_id.c.o
 .text.pico_get_unique_board_id_string
                0x20005f5c      0x190 CMakeFiles/2890-cartridge-gadget.dir/home/menadue/pico/pico-sdk/src/rp2_common/pico_unique_id/unique_id.c.o
                0x20005f5c                pico_get_unique_board_id_string
 .text.dcd_init
                0x200060ec       0x94 CMakeFiles/2890-cartridge-gadget.dir/home/menadue/pico/pico-sdk/lib/tinyusb/src/portable/raspberrypi/rp2040/dcd_rp2040.c.o
                0x200060ec                dcd_init
 .text.dcd_int_enable
                0x20006180        0x8 CMakeFiles/2890-cartridge-gadget.dir/home/menadue/pico/pico-sdk/lib/tinyusb/src/portable/raspberrypi/rp2040/dcd_rp2040.c.o
                0x20006180                dcd_int_enable
 .text.dcd_set_address
                0x20006188       0x10 CMakeFiles/2890-cartridge-gadget.dir/home/menadue/pico/pico-sdk/lib/tinyusb/src/portable/raspberrypi/rp2040/dcd_rp2040.c.o
                0x20006188                dcd_set_address
 .text.dcd_sof_enable
                0x20006198       0x1c CMakeFiles/2890-cartridge-gadget.dir/home/menadue/pico/pico-sdk/lib/tinyusb/src/portable/raspberrypi/rp2040/dcd_rp2040.c.o
                0x20006198                dcd_sof_enable
 .text.dcd_edpt0_status_complete
                0x200061b4       0x1c CMakeFiles/2890-cartridge-gadget.dir/home/menadue/pico/pico-sdk/lib/tinyusb/src/portable/raspberrypi/rp2040/dcd_rp2040.c.o
                0x200061b4                dcd_edpt0_status_complete
 .text.dcd_edpt_open
                0x200061d0      0x100 CMakeFiles/2890-cartridge-gadget.dir/home/menadue/pico/pico-sdk/lib/tinyusb/src/portable/raspberrypi/rp2040/dcd_rp2040.c.o
                0x200061d0                dcd_edpt_open
 .text.dcd_edpt_close_all
                0x200062d0        0x4 CMakeFiles/2890-cartridge-gadget.dir/home/menadue/pico/pico-sdk/lib/tinyusb/src/portable/raspberrypi/rp2040/dcd_rp2040.c.o
                0x200062d0                dcd_edpt_close_all
 .text.dcd_edpt_xfer
                0x200062d4       0x28 CMakeFiles/2890-cartridge-gadget.dir/home/menadue/pico/pico-sdk/lib/tinyusb/src/portable/raspberrypi/rp2040/dcd_rp2040.c.o
                0x200062d4                dcd_edpt_xfer
 .text.dcd_edpt_stall
                0x200062fc       0x30 CMakeFiles/2890-cartridge-gadget.dir/home/menadue/pico/pico-sdk/lib/tinyusb/src/portable/raspberrypi/rp2040/dcd_rp2040.c.o
                0x200062fc                dcd_edpt_stall
 .text.dcd_edpt_clear_stall
                0x2000632c       0x24 CMakeFiles/2890-cartridge-gadget.dir/home/menadue/pico/pico-sdk/lib/tinyusb/src/portable/raspberrypi/rp2040/dcd_rp2040.c.o
                0x2000632c                dcd_edpt_clear_stall
 .text.rp2040_usb_init
                0x20006350       0x40 CMakeFiles/2890-cartridge-gadget.dir/home/menadue/pico/pico-sdk/lib/tinyusb/src/portable/raspberrypi/rp2040/rp2040_usb.c.o
                0x20006350                rp2040_usb_init
 .text.hw_endpoint_xfer_start
                0x20006390       0x40 CMakeFiles/2890-cartridge-gadget.dir/home/menadue/pico/pico-sdk/lib/tinyusb/src/portable/raspberrypi/rp2040/rp2040_usb.c.o
                0x20006390                hw_endpoint_xfer_start
 .text.configuration_reset
                0x200063d0       0x8c CMakeFiles/2890-cartridge-gadget.dir/home/menadue/pico/pico-sdk/lib/tinyusb/src/device/usbd.c.o
 .text.tud_event_hook_cb
                0x2000645c        0x4 CMakeFiles/2890-cartridge-gadget.dir/home/menadue/pico/pico-sdk/lib/tinyusb/src/device/usbd.c.o
                0x2000645c                tud_event_hook_cb
 .text.tud_sof_cb
                0x20006460        0x4 CMakeFiles/2890-cartridge-gadget.dir/home/menadue/pico/pico-sdk/lib/tinyusb/src/device/usbd.c.o
                0x20006460                tud_sof_cb
 .text.tud_descriptor_device_qualifier_cb
                0x20006464        0x4 CMakeFiles/2890-cartridge-gadget.dir/home/menadue/pico/pico-sdk/lib/tinyusb/src/device/usbd.c.o
                0x20006464                tud_descriptor_device_qualifier_cb
 .text.tud_descriptor_other_speed_configuration_cb
                0x20006468        0x4 CMakeFiles/2890-cartridge-gadget.dir/home/menadue/pico/pico-sdk/lib/tinyusb/src/device/usbd.c.o
                0x20006468                tud_descriptor_other_speed_configuration_cb
 .text.tud_mount_cb
                0x2000646c        0x4 CMakeFiles/2890-cartridge-gadget.dir/home/menadue/pico/pico-sdk/lib/tinyusb/src/device/usbd.c.o
                0x2000646c                tud_mount_cb
 .text.tud_umount_cb
                0x20006470        0x4 CMakeFiles/2890-cartridge-gadget.dir/home/menadue/pico/pico-sdk/lib/tinyusb/src/device/usbd.c.o
                0x20006470                tud_umount_cb
 .text.tud_suspend_cb
                0x20006474        0x4 CMakeFiles/2890-cartridge-gadget.dir/home/menadue/pico/pico-sdk/lib/tinyusb/src/device/usbd.c.o
                0x20006474                tud_suspend_cb
 .text.tud_resume_cb
                0x20006478        0x4 CMakeFiles/2890-cartridge-gadget.dir/home/menadue/pico/pico-sdk/lib/tinyusb/src/device/usbd.c.o
                0x20006478                tud_resume_cb
 .text.tud_mounted
                0x2000647c       0x10 CMakeFiles/2890-cartridge-gadget.dir/home/menadue/pico/pico-sdk/lib/tinyusb/src/device/usbd.c.o
                0x2000647c                tud_mounted
 .text.tud_suspended
                0x2000648c       0x10 CMakeFiles/2890-cartridge-gadget.dir/home/menadue/pico/pico-sdk/lib/tinyusb/src/device/usbd.c.o
                0x2000648c                tud_suspended
 .text.tud_init
                0x2000649c       0xe0 CMakeFiles/2890-cartridge-gadget.dir/home/menadue/pico/pico-sdk/lib/tinyusb/src/device/usbd.c.o
                0x2000649c                tud_init
 .text.tud_task_ext
                0x2000657c      0x7bc CMakeFiles/2890-cartridge-gadget.dir/home/menadue/pico/pico-sdk/lib/tinyusb/src/device/usbd.c.o
                0x2000657c                tud_task_ext
 .text.usbd_open_edpt_pair
                0x20006d38       0xa0 CMakeFiles/2890-cartridge-gadget.dir/home/menadue/pico/pico-sdk/lib/tinyusb/src/device/usbd.c.o
                0x20006d38                usbd_open_edpt_pair
 .text.usbd_edpt_open
                0x20006dd8       0x5c CMakeFiles/2890-cartridge-gadget.dir/home/menadue/pico/pico-sdk/lib/tinyusb/src/device/usbd.c.o
                0x20006dd8                usbd_edpt_open
 .text.usbd_edpt_claim
                0x20006e34       0x24 CMakeFiles/2890-cartridge-gadget.dir/home/menadue/pico/pico-sdk/lib/tinyusb/src/device/usbd.c.o
                0x20006e34                usbd_edpt_claim
 .text.usbd_edpt_release
                0x20006e58       0x24 CMakeFiles/2890-cartridge-gadget.dir/home/menadue/pico/pico-sdk/lib/tinyusb/src/device/usbd.c.o
                0x20006e58                usbd_edpt_release
 .text.usbd_edpt_xfer
                0x20006e7c       0x70 CMakeFiles/2890-cartridge-gadget.dir/home/menadue/pico/pico-sdk/lib/tinyusb/src/device/usbd.c.o
                0x20006e7c                usbd_edpt_xfer
 .text.tud_control_status
                0x20006eec       0x38 CMakeFiles/2890-cartridge-gadget.dir/home/menadue/pico/pico-sdk/lib/tinyusb/src/device/usbd_control.c.o
                0x20006eec                tud_control_status
 .text.tud_control_xfer
                0x20006f24       0xb4 CMakeFiles/2890-cartridge-gadget.dir/home/menadue/pico/pico-sdk/lib/tinyusb/src/device/usbd_control.c.o
                0x20006f24                tud_control_xfer
 .text.usbd_control_reset
                0x20006fd8       0x14 CMakeFiles/2890-cartridge-gadget.dir/home/menadue/pico/pico-sdk/lib/tinyusb/src/device/usbd_control.c.o
                0x20006fd8                usbd_control_reset
 .text.usbd_control_set_complete_callback
                0x20006fec        0xc CMakeFiles/2890-cartridge-gadget.dir/home/menadue/pico/pico-sdk/lib/tinyusb/src/device/usbd_control.c.o
                0x20006fec                usbd_control_set_complete_callback
 .text.usbd_control_set_request
                0x20006ff8       0x1c CMakeFiles/2890-cartridge-gadget.dir/home/menadue/pico/pico-sdk/lib/tinyusb/src/device/usbd_control.c.o
                0x20006ff8                usbd_control_set_request
 .text.usbd_control_xfer_cb
                0x20007014      0x104 CMakeFiles/2890-cartridge-gadget.dir/home/menadue/pico/pico-sdk/lib/tinyusb/src/device/usbd_control.c.o
                0x20007014                usbd_control_xfer_cb
 .text._prep_out_transaction.isra.0
                0x20007118       0x64 CMakeFiles/2890-cartridge-gadget.dir/home/menadue/pico/pico-sdk/lib/tinyusb/src/class/cdc/cdc_device.c.o
 .text.tud_cdc_n_connected
                0x2000717c       0x2c CMakeFiles/2890-cartridge-gadget.dir/home/menadue/pico/pico-sdk/lib/tinyusb/src/class/cdc/cdc_device.c.o
                0x2000717c                tud_cdc_n_connected
 .text.tud_cdc_n_available
                0x200071a8       0x18 CMakeFiles/2890-cartridge-gadget.dir/home/menadue/pico/pico-sdk/lib/tinyusb/src/class/cdc/cdc_device.c.o
                0x200071a8                tud_cdc_n_available
 .text.tud_cdc_n_read
                0x200071c0       0x8c CMakeFiles/2890-cartridge-gadget.dir/home/menadue/pico/pico-sdk/lib/tinyusb/src/class/cdc/cdc_device.c.o
                0x200071c0                tud_cdc_n_read
 .text.tud_cdc_n_write_flush
                0x2000724c       0x94 CMakeFiles/2890-cartridge-gadget.dir/home/menadue/pico/pico-sdk/lib/tinyusb/src/class/cdc/cdc_device.c.o
                0x2000724c                tud_cdc_n_write_flush
 .text.tud_cdc_n_write
                0x200072e0       0x40 CMakeFiles/2890-cartridge-gadget.dir/home/menadue/pico/pico-sdk/lib/tinyusb/src/class/cdc/cdc_device.c.o
                0x200072e0                tud_cdc_n_write
 .text.tud_cdc_n_write_available
                0x20007320       0x18 CMakeFiles/2890-cartridge-gadget.dir/home/menadue/pico/pico-sdk/lib/tinyusb/src/class/cdc/cdc_device.c.o
                0x20007320                tud_cdc_n_write_available
 .text.cdcd_init
                0x20007338       0x74 CMakeFiles/2890-cartridge-gadget.dir/home/menadue/pico/pico-sdk/lib/tinyusb/src/class/cdc/cdc_device.c.o
                0x20007338                cdcd_init
 .text.cdcd_deinit
                0x200073ac       0x30 CMakeFiles/2890-cartridge-gadget.dir/home/menadue/pico/pico-sdk/lib/tinyusb/src/class/cdc/cdc_device.c.o
                0x200073ac                cdcd_deinit
 .text.cdcd_reset
                0x200073dc       0x50 CMakeFiles/2890-cartridge-gadget.dir/home/menadue/pico/pico-sdk/lib/tinyusb/src/class/cdc/cdc_device.c.o
                0x200073dc                cdcd_reset
 .text.cdcd_open
                0x2000742c       0xcc CMakeFiles/2890-cartridge-gadget.dir/home/menadue/pico/pico-sdk/lib/tinyusb/src/class/cdc/cdc_device.c.o
                0x2000742c                cdcd_open
 .text.cdcd_control_xfer_cb
                0x200074f8       0xd4 CMakeFiles/2890-cartridge-gadget.dir/home/menadue/pico/pico-sdk/lib/tinyusb/src/class/cdc/cdc_device.c.o
                0x200074f8                cdcd_control_xfer_cb
 .text.cdcd_xfer_cb
                0x200075cc       0xf8 CMakeFiles/2890-cartridge-gadget.dir/home/menadue/pico/pico-sdk/lib/tinyusb/src/class/cdc/cdc_device.c.o
                0x200075cc                cdcd_xfer_cb
 .text.vendord_init
                0x200076c4       0x5c CMakeFiles/2890-cartridge-gadget.dir/home/menadue/pico/pico-sdk/lib/tinyusb/src/class/vendor/vendor_device.c.o
                0x200076c4                vendord_init
 .text.vendord_deinit
                0x20007720       0x1c CMakeFiles/2890-cartridge-gadget.dir/home/menadue/pico/pico-sdk/lib/tinyusb/src/class/vendor/vendor_device.c.o
                0x20007720                vendord_deinit
 .text.vendord_reset
                0x2000773c       0x20 CMakeFiles/2890-cartridge-gadget.dir/home/menadue/pico/pico-sdk/lib/tinyusb/src/class/vendor/vendor_device.c.o
                0x2000773c                vendord_reset
 .text.vendord_open
                0x2000775c       0xf8 CMakeFiles/2890-cartridge-gadget.dir/home/menadue/pico/pico-sdk/lib/tinyusb/src/class/vendor/vendor_device.c.o
                0x2000775c                vendord_open
 .text.vendord_xfer_cb
                0x20007854       0x98 CMakeFiles/2890-cartridge-gadget.dir/home/menadue/pico/pico-sdk/lib/tinyusb/src/class/vendor/vendor_device.c.o
                0x20007854                vendord_xfer_cb
 .text.tusb_init
                0x200078ec       0x1c CMakeFiles/2890-cartridge-gadget.dir/home/menadue/pico/pico-sdk/lib/tinyusb/src/tusb.c.o
                0x200078ec                tusb_init
 .text.tu_edpt_claim
                0x20007908       0x60 CMakeFiles/2890-cartridge-gadget.dir/home/menadue/pico/pico-sdk/lib/tinyusb/src/tusb.c.o
                0x20007908                tu_edpt_claim
 .text.tu_edpt_release
                0x20007968       0x38 CMakeFiles/2890-cartridge-gadget.dir/home/menadue/pico/pico-sdk/lib/tinyusb/src/tusb.c.o
                0x20007968                tu_edpt_release
 .text.tu_edpt_validate
                0x200079a0       0x60 CMakeFiles/2890-cartridge-gadget.dir/home/menadue/pico/pico-sdk/lib/tinyusb/src/tusb.c.o
                0x200079a0                tu_edpt_validate
 .text.tu_edpt_bind_driver
                0x20007a00       0x54 CMakeFiles/2890-cartridge-gadget.dir/home/menadue/pico/pico-sdk/lib/tinyusb/src/tusb.c.o
                0x20007a00                tu_edpt_bind_driver
 .text.tu_edpt_stream_init
                0x20007a54       0x58 CMakeFiles/2890-cartridge-gadget.dir/home/menadue/pico/pico-sdk/lib/tinyusb/src/tusb.c.o
                0x20007a54                tu_edpt_stream_init
 .text.tu_edpt_stream_deinit
                0x20007aac        0x4 CMakeFiles/2890-cartridge-gadget.dir/home/menadue/pico/pico-sdk/lib/tinyusb/src/tusb.c.o
                0x20007aac                tu_edpt_stream_deinit
 .text.tu_edpt_stream_write_zlp_if_needed
                0x20007ab0       0x6c CMakeFiles/2890-cartridge-gadget.dir/home/menadue/pico/pico-sdk/lib/tinyusb/src/tusb.c.o
                0x20007ab0                tu_edpt_stream_write_zlp_if_needed
 .text.tu_edpt_stream_write_xfer
                0x20007b1c       0x74 CMakeFiles/2890-cartridge-gadget.dir/home/menadue/pico/pico-sdk/lib/tinyusb/src/tusb.c.o
                0x20007b1c                tu_edpt_stream_write_xfer
 .text.tu_edpt_stream_read_xfer
                0x20007b90       0xd0 CMakeFiles/2890-cartridge-gadget.dir/home/menadue/pico/pico-sdk/lib/tinyusb/src/tusb.c.o
                0x20007b90                tu_edpt_stream_read_xfer
 .text.tu_fifo_config
                0x20007c60       0x60 CMakeFiles/2890-cartridge-gadget.dir/home/menadue/pico/pico-sdk/lib/tinyusb/src/common/tusb_fifo.c.o
                0x20007c60                tu_fifo_config
 .text.tu_fifo_count
                0x20007cc0       0x20 CMakeFiles/2890-cartridge-gadget.dir/home/menadue/pico/pico-sdk/lib/tinyusb/src/common/tusb_fifo.c.o
                0x20007cc0                tu_fifo_count
 .text.tu_fifo_empty
                0x20007ce0       0x14 CMakeFiles/2890-cartridge-gadget.dir/home/menadue/pico/pico-sdk/lib/tinyusb/src/common/tusb_fifo.c.o
                0x20007ce0                tu_fifo_empty
 .text.tu_fifo_remaining
                0x20007cf4       0x24 CMakeFiles/2890-cartridge-gadget.dir/home/menadue/pico/pico-sdk/lib/tinyusb/src/common/tusb_fifo.c.o
                0x20007cf4                tu_fifo_remaining
 .text.tu_fifo_read
                0x20007d18       0x9c CMakeFiles/2890-cartridge-gadget.dir/home/menadue/pico/pico-sdk/lib/tinyusb/src/common/tusb_fifo.c.o
                0x20007d18                tu_fifo_read
 .text.tu_fifo_read_n
                0x20007db4       0xe0 CMakeFiles/2890-cartridge-gadget.dir/home/menadue/pico/pico-sdk/lib/tinyusb/src/common/tusb_fifo.c.o
                0x20007db4                tu_fifo_read_n
 .text.tu_fifo_write
                0x20007e94       0xa8 CMakeFiles/2890-cartridge-gadget.dir/home/menadue/pico/pico-sdk/lib/tinyusb/src/common/tusb_fifo.c.o
                0x20007e94                tu_fifo_write
 .text.tu_fifo_write_n
                0x20007f3c      0x150 CMakeFiles/2890-cartridge-gadget.dir/home/menadue/pico/pico-sdk/lib/tinyusb/src/common/tusb_fifo.c.o
                0x20007f3c                tu_fifo_write_n
 .text.tu_fifo_clear
                0x2000808c       0x38 CMakeFiles/2890-cartridge-gadget.dir/home/menadue/pico/pico-sdk/lib/tinyusb/src/common/tusb_fifo.c.o
                0x2000808c                tu_fifo_clear
 .text.tu_fifo_set_overwritable
                0x200080c4       0x3c CMakeFiles/2890-cartridge-gadget.dir/home/menadue/pico/pico-sdk/lib/tinyusb/src/common/tusb_fifo.c.o
                0x200080c4                tu_fifo_set_overwritable
 .text.add_program_at_offset
                0x20008100       0xb4 CMakeFiles/2890-cartridge-gadget.dir/home/menadue/pico/pico-sdk/src/rp2_common/hardware_pio/pio.c.o
 .text.pio_claim_unused_sm
                0x200081b4       0x38 CMakeFiles/2890-cartridge-gadget.dir/home/menadue/pico/pico-sdk/src/rp2_common/hardware_pio/pio.c.o
                0x200081b4                pio_claim_unused_sm
 .text.pio_add_program
                0x200081ec       0x9c CMakeFiles/2890-cartridge-gadget.dir/home/menadue/pico/pico-sdk/src/rp2_common/hardware_pio/pio.c.o
                0x200081ec                pio_add_program
 .text.pio_clear_instruction_memory
                0x20008288       0x34 CMakeFiles/2890-cartridge-gadget.dir/home/menadue/pico/pico-sdk/src/rp2_common/hardware_pio/pio.c.o
                0x20008288                pio_clear_instruction_memory
 .text.pio_sm_set_consecutive_pindirs
                0x200082bc       0x8c CMakeFiles/2890-cartridge-gadget.dir/home/menadue/pico/pico-sdk/src/rp2_common/hardware_pio/pio.c.o
                0x200082bc                pio_sm_set_consecutive_pindirs
 .text.pio_sm_init
                0x20008348      0x128 CMakeFiles/2890-cartridge-gadget.dir/home/menadue/pico/pico-sdk/src/rp2_common/hardware_pio/pio.c.o
                0x20008348                pio_sm_init
 .text.dma_channel_claim
                0x20008470       0x14 CMakeFiles/2890-cartridge-gadget.dir/home/menadue/pico/pico-sdk/src/rp2_common/hardware_dma/dma.c.o
                0x20008470                dma_channel_claim
 .text.dma_claim_unused_channel
                0x20008484       0x24 CMakeFiles/2890-cartridge-gadget.dir/home/menadue/pico/pico-sdk/src/rp2_common/hardware_dma/dma.c.o
                0x20008484                dma_claim_unused_channel
 .text.core1_trampoline
                0x200084a8        0x4 CMakeFiles/2890-cartridge-gadget.dir/home/menadue/pico/pico-sdk/src/rp2_common/pico_multicore/multicore.c.o
 .text.core1_wrapper
                0x200084ac       0x18 CMakeFiles/2890-cartridge-gadget.dir/home/menadue/pico/pico-sdk/src/rp2_common/pico_multicore/multicore.c.o
                0x200084ac                core1_wrapper
 .text.multicore_launch_core1_raw
                0x200084c4       0x80 CMakeFiles/2890-cartridge-gadget.dir/home/menadue/pico/pico-sdk/src/rp2_common/pico_multicore/multicore.c.o
                0x200084c4                multicore_launch_core1_raw
 .text.multicore_launch_core1
                0x20008544       0x48 CMakeFiles/2890-cartridge-gadget.dir/home/menadue/pico/pico-sdk/src/rp2_common/pico_multicore/multicore.c.o
                0x20008544                multicore_launch_core1
 .text.tchar2uni
                0x2000858c      0x10c CMakeFiles/2890-cartridge-gadget.dir/home/menadue/tree/github/monroe-calculator-information/2890/firmware/no-OS-FatFS-SD-SDIO-SPI-RPi-Pico/src/ff15/source/ff.c.o
 .text.inc_share
                0x20008698       0x8c CMakeFiles/2890-cartridge-gadget.dir/home/menadue/tree/github/monroe-calculator-information/2890/firmware/no-OS-FatFS-SD-SDIO-SPI-RPi-Pico/src/ff15/source/ff.c.o
 .text.pick_lfn
                0x20008724      0x26c CMakeFiles/2890-cartridge-gadget.dir/home/menadue/tree/github/monroe-calculator-information/2890/firmware/no-OS-FatFS-SD-SDIO-SPI-RPi-Pico/src/ff15/source/ff.c.o
 .text.put_utf  0x20008990       0xcc CMakeFiles/2890-cartridge-gadget.dir/home/menadue/tree/github/monroe-calculator-information/2890/firmware/no-OS-FatFS-SD-SDIO-SPI-RPi-Pico/src/ff15/source/ff.c.o
 .text.dir_clear
                0x20008a5c      0x130 CMakeFiles/2890-cartridge-gadget.dir/home/menadue/tree/github/monroe-calculator-information/2890/firmware/no-OS-FatFS-SD-SDIO-SPI-RPi-Pico/src/ff15/source/ff.c.o
 .text.init_alloc_info.isra.0
                0x20008b8c       0x20 CMakeFiles/2890-cartridge-gadget.dir/home/menadue/tree/github/monroe-calculator-information/2890/firmware/no-OS-FatFS-SD-SDIO-SPI-RPi-Pico/src/ff15/source/ff.c.o
 .text.pattern_match
                0x20008bac       0xe8 CMakeFiles/2890-cartridge-gadget.dir/home/menadue/tree/github/monroe-calculator-information/2890/firmware/no-OS-FatFS-SD-SDIO-SPI-RPi-Pico/src/ff15/source/ff.c.o
 .text.move_window
                0x20008c94       0x94 CMakeFiles/2890-cartridge-gadget.dir/home/menadue/tree/github/monroe-calculator-information/2890/firmware/no-OS-FatFS-SD-SDIO-SPI-RPi-Pico/src/ff15/source/ff.c.o
 .text.put_fat.part.0
                0x20008d28      0x130 CMakeFiles/2890-cartridge-gadget.dir/home/menadue/tree/github/monroe-calculator-information/2890/firmware/no-OS-FatFS-SD-SDIO-SPI-RPi-Pico/src/ff15/source/ff.c.o
 .text.get_fat  0x20008e58      0x150 CMakeFiles/2890-cartridge-gadget.dir/home/menadue/tree/github/monroe-calculator-information/2890/firmware/no-OS-FatFS-SD-SDIO-SPI-RPi-Pico/src/ff15/source/ff.c.o
 .text.dir_next.constprop.0
                0x20008fa8       0xb4 CMakeFiles/2890-cartridge-gadget.dir/home/menadue/tree/github/monroe-calculator-information/2890/firmware/no-OS-FatFS-SD-SDIO-SPI-RPi-Pico/src/ff15/source/ff.c.o
 .text.sync_fs  0x2000905c       0xd4 CMakeFiles/2890-cartridge-gadget.dir/home/menadue/tree/github/monroe-calculator-information/2890/firmware/no-OS-FatFS-SD-SDIO-SPI-RPi-Pico/src/ff15/source/ff.c.o
 .text.get_fileinfo
                0x20009130      0x278 CMakeFiles/2890-cartridge-gadget.dir/home/menadue/tree/github/monroe-calculator-information/2890/firmware/no-OS-FatFS-SD-SDIO-SPI-RPi-Pico/src/ff15/source/ff.c.o
 .text.check_fs
                0x200093a8      0x138 CMakeFiles/2890-cartridge-gadget.dir/home/menadue/tree/github/monroe-calculator-information/2890/firmware/no-OS-FatFS-SD-SDIO-SPI-RPi-Pico/src/ff15/source/ff.c.o
 .text.mount_volume
                0x200094e0      0x644 CMakeFiles/2890-cartridge-gadget.dir/home/menadue/tree/github/monroe-calculator-information/2890/firmware/no-OS-FatFS-SD-SDIO-SPI-RPi-Pico/src/ff15/source/ff.c.o
 .text.load_xdir
                0x20009b24      0x1f4 CMakeFiles/2890-cartridge-gadget.dir/home/menadue/tree/github/monroe-calculator-information/2890/firmware/no-OS-FatFS-SD-SDIO-SPI-RPi-Pico/src/ff15/source/ff.c.o
 .text.dir_read.constprop.0
                0x20009d18      0x274 CMakeFiles/2890-cartridge-gadget.dir/home/menadue/tree/github/monroe-calculator-information/2890/firmware/no-OS-FatFS-SD-SDIO-SPI-RPi-Pico/src/ff15/source/ff.c.o
 .text.dir_sdi  0x20009f8c      0x268 CMakeFiles/2890-cartridge-gadget.dir/home/menadue/tree/github/monroe-calculator-information/2890/firmware/no-OS-FatFS-SD-SDIO-SPI-RPi-Pico/src/ff15/source/ff.c.o
 .text.store_xdir
                0x2000a1f4      0x1f0 CMakeFiles/2890-cartridge-gadget.dir/home/menadue/tree/github/monroe-calculator-information/2890/firmware/no-OS-FatFS-SD-SDIO-SPI-RPi-Pico/src/ff15/source/ff.c.o
 .text.dir_find
                0x2000a3e4      0x404 CMakeFiles/2890-cartridge-gadget.dir/home/menadue/tree/github/monroe-calculator-information/2890/firmware/no-OS-FatFS-SD-SDIO-SPI-RPi-Pico/src/ff15/source/ff.c.o
 .text.follow_path
                0x2000a7e8      0x550 CMakeFiles/2890-cartridge-gadget.dir/home/menadue/tree/github/monroe-calculator-information/2890/firmware/no-OS-FatFS-SD-SDIO-SPI-RPi-Pico/src/ff15/source/ff.c.o
 .text.remove_chain
                0x2000ad38      0x314 CMakeFiles/2890-cartridge-gadget.dir/home/menadue/tree/github/monroe-calculator-information/2890/firmware/no-OS-FatFS-SD-SDIO-SPI-RPi-Pico/src/ff15/source/ff.c.o
 .text.create_chain
                0x2000b04c      0x5c8 CMakeFiles/2890-cartridge-gadget.dir/home/menadue/tree/github/monroe-calculator-information/2890/firmware/no-OS-FatFS-SD-SDIO-SPI-RPi-Pico/src/ff15/source/ff.c.o
 .text.dir_alloc
                0x2000b614      0x1f8 CMakeFiles/2890-cartridge-gadget.dir/home/menadue/tree/github/monroe-calculator-information/2890/firmware/no-OS-FatFS-SD-SDIO-SPI-RPi-Pico/src/ff15/source/ff.c.o
 .text.dir_register
                0x2000b80c      0x8f8 CMakeFiles/2890-cartridge-gadget.dir/home/menadue/tree/github/monroe-calculator-information/2890/firmware/no-OS-FatFS-SD-SDIO-SPI-RPi-Pico/src/ff15/source/ff.c.o
 .text.f_mount  0x2000c104       0x90 CMakeFiles/2890-cartridge-gadget.dir/home/menadue/tree/github/monroe-calculator-information/2890/firmware/no-OS-FatFS-SD-SDIO-SPI-RPi-Pico/src/ff15/source/ff.c.o
                0x2000c104                f_mount
 *fill*         0x2000c194        0x4 
 .text.f_open   0x2000c198      0x448 CMakeFiles/2890-cartridge-gadget.dir/home/menadue/tree/github/monroe-calculator-information/2890/firmware/no-OS-FatFS-SD-SDIO-SPI-RPi-Pico/src/ff15/source/ff.c.o
                0x2000c198                f_open
 .text.f_read   0x2000c5e0      0x1f8 CMakeFiles/2890-cartridge-gadget.dir/home/menadue/tree/github/monroe-calculator-information/2890/firmware/no-OS-FatFS-SD-SDIO-SPI-RPi-Pico/src/ff15/source/ff.c.o
                0x2000c5e0                f_read
 .text.f_write  0x2000c7d8      0x248 CMakeFiles/2890-cartridge-gadget.dir/home/menadue/tree/github/monroe-calculator-information/2890/firmware/no-OS-FatFS-SD-SDIO-SPI-RPi-Pico/src/ff15/source/ff.c.o
                0x2000c7d8                f_write
 .text.putc_bfd
                0x2000ca20      0x15c CMakeFiles/2890-cartridge-gadget.dir/home/menadue/tree/github/monroe-calculator-information/2890/firmware/no-OS-FatFS-SD-SDIO-SPI-RPi-Pico/src/ff15/source/ff.c.o
 .text.putc_bfd.constprop.0
                0x2000cb7c       0x5c CMakeFiles/2890-cartridge-gadget.dir/home/menadue/tree/github/monroe-calculator-information/2890/firmware/no-OS-FatFS-SD-SDIO-SPI-RPi-Pico/src/ff15/source/ff.c.o
 .text.f_sync   0x2000cbd8      0x260 CMakeFiles/2890-cartridge-gadget.dir/home/menadue/tree/github/monroe-calculator-information/2890/firmware/no-OS-FatFS-SD-SDIO-SPI-RPi-Pico/src/ff15/source/ff.c.o
                0x2000cbd8                f_sync
 .text.f_close  0x2000ce38       0x68 CMakeFiles/2890-cartridge-gadget.dir/home/menadue/tree/github/monroe-calculator-information/2890/firmware/no-OS-FatFS-SD-SDIO-SPI-RPi-Pico/src/ff15/source/ff.c.o
                0x2000ce38                f_close
 .text.f_chdrive
                0x2000cea0       0x38 CMakeFiles/2890-cartridge-gadget.dir/home/menadue/tree/github/monroe-calculator-information/2890/firmware/no-OS-FatFS-SD-SDIO-SPI-RPi-Pico/src/ff15/source/ff.c.o
                0x2000cea0                f_chdrive
 .text.f_chdir  0x2000ced8       0xfc CMakeFiles/2890-cartridge-gadget.dir/home/menadue/tree/github/monroe-calculator-information/2890/firmware/no-OS-FatFS-SD-SDIO-SPI-RPi-Pico/src/ff15/source/ff.c.o
                0x2000ced8                f_chdir
 .text.f_getcwd
                0x2000cfd4      0x5c4 CMakeFiles/2890-cartridge-gadget.dir/home/menadue/tree/github/monroe-calculator-information/2890/firmware/no-OS-FatFS-SD-SDIO-SPI-RPi-Pico/src/ff15/source/ff.c.o
                0x2000cfd4                f_getcwd
 .text.f_closedir
                0x2000d598       0x74 CMakeFiles/2890-cartridge-gadget.dir/home/menadue/tree/github/monroe-calculator-information/2890/firmware/no-OS-FatFS-SD-SDIO-SPI-RPi-Pico/src/ff15/source/ff.c.o
                0x2000d598                f_closedir
 .text.f_readdir
                0x2000d60c       0x9c CMakeFiles/2890-cartridge-gadget.dir/home/menadue/tree/github/monroe-calculator-information/2890/firmware/no-OS-FatFS-SD-SDIO-SPI-RPi-Pico/src/ff15/source/ff.c.o
                0x2000d60c                f_readdir
 .text.f_findnext
                0x2000d6a8      0x278 CMakeFiles/2890-cartridge-gadget.dir/home/menadue/tree/github/monroe-calculator-information/2890/firmware/no-OS-FatFS-SD-SDIO-SPI-RPi-Pico/src/ff15/source/ff.c.o
                0x2000d6a8                f_findnext
 .text.f_findfirst
                0x2000d920      0x118 CMakeFiles/2890-cartridge-gadget.dir/home/menadue/tree/github/monroe-calculator-information/2890/firmware/no-OS-FatFS-SD-SDIO-SPI-RPi-Pico/src/ff15/source/ff.c.o
                0x2000d920                f_findfirst
 .text.f_printf
                0x2000da38      0xd90 CMakeFiles/2890-cartridge-gadget.dir/home/menadue/tree/github/monroe-calculator-information/2890/firmware/no-OS-FatFS-SD-SDIO-SPI-RPi-Pico/src/ff15/source/ff.c.o
                0x2000da38                f_printf
 .text.ff_memalloc
                0x2000e7c8        0x4 CMakeFiles/2890-cartridge-gadget.dir/home/menadue/tree/github/monroe-calculator-information/2890/firmware/no-OS-FatFS-SD-SDIO-SPI-RPi-Pico/src/ff15/source/ffsystem.c.o
                0x2000e7c8                ff_memalloc
 .text.ff_memfree
                0x2000e7cc        0x4 CMakeFiles/2890-cartridge-gadget.dir/home/menadue/tree/github/monroe-calculator-information/2890/firmware/no-OS-FatFS-SD-SDIO-SPI-RPi-Pico/src/ff15/source/ffsystem.c.o
                0x2000e7cc                ff_memfree
 .text.ff_uni2oem
                0x2000e7d0       0x38 CMakeFiles/2890-cartridge-gadget.dir/home/menadue/tree/github/monroe-calculator-information/2890/firmware/no-OS-FatFS-SD-SDIO-SPI-RPi-Pico/src/ff15/source/ffunicode.c.o
                0x2000e7d0                ff_uni2oem
 .text.ff_oem2uni
                0x2000e808       0x28 CMakeFiles/2890-cartridge-gadget.dir/home/menadue/tree/github/monroe-calculator-information/2890/firmware/no-OS-FatFS-SD-SDIO-SPI-RPi-Pico/src/ff15/source/ffunicode.c.o
                0x2000e808                ff_oem2uni
 .text.ff_wtoupper
                0x2000e830       0xa4 CMakeFiles/2890-cartridge-gadget.dir/home/menadue/tree/github/monroe-calculator-information/2890/firmware/no-OS-FatFS-SD-SDIO-SPI-RPi-Pico/src/ff15/source/ffunicode.c.o
                0x2000e830                ff_wtoupper
 .text.dma_irq_add_handler
                0x2000e8d4       0x9c CMakeFiles/2890-cartridge-gadget.dir/home/menadue/tree/github/monroe-calculator-information/2890/firmware/no-OS-FatFS-SD-SDIO-SPI-RPi-Pico/src/sd_driver/dma_interrupts.c.o
                0x2000e8d4                dma_irq_add_handler
 .text.sd_lock  0x2000e970        0x8 CMakeFiles/2890-cartridge-gadget.dir/home/menadue/tree/github/monroe-calculator-information/2890/firmware/no-OS-FatFS-SD-SDIO-SPI-RPi-Pico/src/sd_driver/sd_card.c.o
                0x2000e970                sd_lock
 .text.sd_unlock
                0x2000e978        0x8 CMakeFiles/2890-cartridge-gadget.dir/home/menadue/tree/github/monroe-calculator-information/2890/firmware/no-OS-FatFS-SD-SDIO-SPI-RPi-Pico/src/sd_driver/sd_card.c.o
                0x2000e978                sd_unlock
 .text.sd_get_by_drive_prefix
                0x2000e980       0x34 CMakeFiles/2890-cartridge-gadget.dir/home/menadue/tree/github/monroe-calculator-information/2890/firmware/no-OS-FatFS-SD-SDIO-SPI-RPi-Pico/src/sd_driver/sd_card.c.o
                0x2000e980                sd_get_by_drive_prefix
 .text.sd_card_detect
                0x2000e9b4       0x78 CMakeFiles/2890-cartridge-gadget.dir/home/menadue/tree/github/monroe-calculator-information/2890/firmware/no-OS-FatFS-SD-SDIO-SPI-RPi-Pico/src/sd_driver/sd_card.c.o
                0x2000e9b4                sd_card_detect
 .text.sd_get_drive_prefix
                0x2000ea2c       0x10 CMakeFiles/2890-cartridge-gadget.dir/home/menadue/tree/github/monroe-calculator-information/2890/firmware/no-OS-FatFS-SD-SDIO-SPI-RPi-Pico/src/sd_driver/sd_card.c.o
                0x2000ea2c                sd_get_drive_prefix
 .text.sd_init_driver
                0x2000ea3c       0xd8 CMakeFiles/2890-cartridge-gadget.dir/home/menadue/tree/github/monroe-calculator-information/2890/firmware/no-OS-FatFS-SD-SDIO-SPI-RPi-Pico/src/sd_driver/sd_card.c.o
                0x2000ea3c                sd_init_driver
 .text.sdio_start_next_block_tx
                0x2000eb14      0x140 CMakeFiles/2890-cartridge-gadget.dir/home/menadue/tree/github/monroe-calculator-information/2890/firmware/no-OS-FatFS-SD-SDIO-SPI-RPi-Pico/src/sd_driver/SDIO/rp2040_sdio.c.o
 .text.rp2040_sdio_stop.isra.0
                0x2000ec54       0x88 CMakeFiles/2890-cartridge-gadget.dir/home/menadue/tree/github/monroe-calculator-information/2890/firmware/no-OS-FatFS-SD-SDIO-SPI-RPi-Pico/src/sd_driver/SDIO/rp2040_sdio.c.o
 .text.sdio_send_command.isra.0
                0x2000ecdc       0x7c CMakeFiles/2890-cartridge-gadget.dir/home/menadue/tree/github/monroe-calculator-information/2890/firmware/no-OS-FatFS-SD-SDIO-SPI-RPi-Pico/src/sd_driver/SDIO/rp2040_sdio.c.o
 .text.sdio_crc16_4bit_checksum
                0x2000ed58       0xa4 CMakeFiles/2890-cartridge-gadget.dir/home/menadue/tree/github/monroe-calculator-information/2890/firmware/no-OS-FatFS-SD-SDIO-SPI-RPi-Pico/src/sd_driver/SDIO/rp2040_sdio.c.o
                0x2000ed58                sdio_crc16_4bit_checksum
 .text.rp2040_sdio_command_R1
                0x2000edfc      0x14c CMakeFiles/2890-cartridge-gadget.dir/home/menadue/tree/github/monroe-calculator-information/2890/firmware/no-OS-FatFS-SD-SDIO-SPI-RPi-Pico/src/sd_driver/SDIO/rp2040_sdio.c.o
                0x2000edfc                rp2040_sdio_command_R1
 .text.rp2040_sdio_command_R2
                0x2000ef48      0x218 CMakeFiles/2890-cartridge-gadget.dir/home/menadue/tree/github/monroe-calculator-information/2890/firmware/no-OS-FatFS-SD-SDIO-SPI-RPi-Pico/src/sd_driver/SDIO/rp2040_sdio.c.o
                0x2000ef48                rp2040_sdio_command_R2
 .text.rp2040_sdio_command_R3
                0x2000f160       0x9c CMakeFiles/2890-cartridge-gadget.dir/home/menadue/tree/github/monroe-calculator-information/2890/firmware/no-OS-FatFS-SD-SDIO-SPI-RPi-Pico/src/sd_driver/SDIO/rp2040_sdio.c.o
                0x2000f160                rp2040_sdio_command_R3
 .text.rp2040_sdio_rx_start
                0x2000f1fc      0x18c CMakeFiles/2890-cartridge-gadget.dir/home/menadue/tree/github/monroe-calculator-information/2890/firmware/no-OS-FatFS-SD-SDIO-SPI-RPi-Pico/src/sd_driver/SDIO/rp2040_sdio.c.o
                0x2000f1fc                rp2040_sdio_rx_start
 .text.rp2040_sdio_rx_poll
                0x2000f388      0x1a0 CMakeFiles/2890-cartridge-gadget.dir/home/menadue/tree/github/monroe-calculator-information/2890/firmware/no-OS-FatFS-SD-SDIO-SPI-RPi-Pico/src/sd_driver/SDIO/rp2040_sdio.c.o
                0x2000f388                rp2040_sdio_rx_poll
 .text.rp2040_sdio_tx_start
                0x2000f528       0x7c CMakeFiles/2890-cartridge-gadget.dir/home/menadue/tree/github/monroe-calculator-information/2890/firmware/no-OS-FatFS-SD-SDIO-SPI-RPi-Pico/src/sd_driver/SDIO/rp2040_sdio.c.o
                0x2000f528                rp2040_sdio_tx_start
 .text.rp2040_sdio_tx_poll
                0x2000f5a4       0x88 CMakeFiles/2890-cartridge-gadget.dir/home/menadue/tree/github/monroe-calculator-information/2890/firmware/no-OS-FatFS-SD-SDIO-SPI-RPi-Pico/src/sd_driver/SDIO/rp2040_sdio.c.o
                0x2000f5a4                rp2040_sdio_tx_poll
 *fill*         0x2000f62c        0x4 
 .text.rp2040_sdio_init
                0x2000f630      0x48c CMakeFiles/2890-cartridge-gadget.dir/home/menadue/tree/github/monroe-calculator-information/2890/firmware/no-OS-FatFS-SD-SDIO-SPI-RPi-Pico/src/sd_driver/SDIO/rp2040_sdio.c.o
                0x2000f630                rp2040_sdio_init
 .text.sd_sdio_deinit
                0x2000fabc       0xd8 CMakeFiles/2890-cartridge-gadget.dir/home/menadue/tree/github/monroe-calculator-information/2890/firmware/no-OS-FatFS-SD-SDIO-SPI-RPi-Pico/src/sd_driver/SDIO/sd_card_sdio.c.o
 .text.sd_sdio_test_com
                0x2000fb94       0x90 CMakeFiles/2890-cartridge-gadget.dir/home/menadue/tree/github/monroe-calculator-information/2890/firmware/no-OS-FatFS-SD-SDIO-SPI-RPi-Pico/src/sd_driver/SDIO/sd_card_sdio.c.o
 .text.logSDError.isra.0
                0x2000fc24       0x48 CMakeFiles/2890-cartridge-gadget.dir/home/menadue/tree/github/monroe-calculator-information/2890/firmware/no-OS-FatFS-SD-SDIO-SPI-RPi-Pico/src/sd_driver/SDIO/sd_card_sdio.c.o
 .text.sd_sdio_sectorCount
                0x2000fc6c       0xdc CMakeFiles/2890-cartridge-gadget.dir/home/menadue/tree/github/monroe-calculator-information/2890/firmware/no-OS-FatFS-SD-SDIO-SPI-RPi-Pico/src/sd_driver/SDIO/sd_card_sdio.c.o
                0x2000fc6c                sd_sdio_sectorCount
 .text.sd_sdio_begin
                0x2000fd48      0x424 CMakeFiles/2890-cartridge-gadget.dir/home/menadue/tree/github/monroe-calculator-information/2890/firmware/no-OS-FatFS-SD-SDIO-SPI-RPi-Pico/src/sd_driver/SDIO/sd_card_sdio.c.o
                0x2000fd48                sd_sdio_begin
 .text.sd_sdio_init
                0x2001016c       0xf4 CMakeFiles/2890-cartridge-gadget.dir/home/menadue/tree/github/monroe-calculator-information/2890/firmware/no-OS-FatFS-SD-SDIO-SPI-RPi-Pico/src/sd_driver/SDIO/sd_card_sdio.c.o
 .text.sd_sdio_stopTransmission
                0x20010260       0xcc CMakeFiles/2890-cartridge-gadget.dir/home/menadue/tree/github/monroe-calculator-information/2890/firmware/no-OS-FatFS-SD-SDIO-SPI-RPi-Pico/src/sd_driver/SDIO/sd_card_sdio.c.o
                0x20010260                sd_sdio_stopTransmission
 .text.sd_sync  0x2001032c       0x38 CMakeFiles/2890-cartridge-gadget.dir/home/menadue/tree/github/monroe-calculator-information/2890/firmware/no-OS-FatFS-SD-SDIO-SPI-RPi-Pico/src/sd_driver/SDIO/sd_card_sdio.c.o
 .text.sd_sdio_writeSector
                0x20010364      0x114 CMakeFiles/2890-cartridge-gadget.dir/home/menadue/tree/github/monroe-calculator-information/2890/firmware/no-OS-FatFS-SD-SDIO-SPI-RPi-Pico/src/sd_driver/SDIO/sd_card_sdio.c.o
                0x20010364                sd_sdio_writeSector
 .text.sd_sdio_writeSectors
                0x20010478      0x174 CMakeFiles/2890-cartridge-gadget.dir/home/menadue/tree/github/monroe-calculator-information/2890/firmware/no-OS-FatFS-SD-SDIO-SPI-RPi-Pico/src/sd_driver/SDIO/sd_card_sdio.c.o
                0x20010478                sd_sdio_writeSectors
 .text.sd_sdio_write_blocks
                0x200105ec       0x44 CMakeFiles/2890-cartridge-gadget.dir/home/menadue/tree/github/monroe-calculator-information/2890/firmware/no-OS-FatFS-SD-SDIO-SPI-RPi-Pico/src/sd_driver/SDIO/sd_card_sdio.c.o
 .text.sd_sdio_readSector
                0x20010630      0x120 CMakeFiles/2890-cartridge-gadget.dir/home/menadue/tree/github/monroe-calculator-information/2890/firmware/no-OS-FatFS-SD-SDIO-SPI-RPi-Pico/src/sd_driver/SDIO/sd_card_sdio.c.o
                0x20010630                sd_sdio_readSector
 .text.sd_sdio_readSectors
                0x20010750      0x140 CMakeFiles/2890-cartridge-gadget.dir/home/menadue/tree/github/monroe-calculator-information/2890/firmware/no-OS-FatFS-SD-SDIO-SPI-RPi-Pico/src/sd_driver/SDIO/sd_card_sdio.c.o
                0x20010750                sd_sdio_readSectors
 .text.sd_sdio_read_blocks
                0x20010890       0x44 CMakeFiles/2890-cartridge-gadget.dir/home/menadue/tree/github/monroe-calculator-information/2890/firmware/no-OS-FatFS-SD-SDIO-SPI-RPi-Pico/src/sd_driver/SDIO/sd_card_sdio.c.o
 .text.sd_sdio_ctor
                0x200108d4       0x6c CMakeFiles/2890-cartridge-gadget.dir/home/menadue/tree/github/monroe-calculator-information/2890/firmware/no-OS-FatFS-SD-SDIO-SPI-RPi-Pico/src/sd_driver/SDIO/sd_card_sdio.c.o
                0x200108d4                sd_sdio_ctor
 .text.spi_transfer_start
                0x20010940       0x80 CMakeFiles/2890-cartridge-gadget.dir/home/menadue/tree/github/monroe-calculator-information/2890/firmware/no-OS-FatFS-SD-SDIO-SPI-RPi-Pico/src/sd_driver/SPI/my_spi.c.o
                0x20010940                spi_transfer_start
 .text.calculate_transfer_time_ms
                0x200109c0       0x58 CMakeFiles/2890-cartridge-gadget.dir/home/menadue/tree/github/monroe-calculator-information/2890/firmware/no-OS-FatFS-SD-SDIO-SPI-RPi-Pico/src/sd_driver/SPI/my_spi.c.o
                0x200109c0                calculate_transfer_time_ms
 .text.my_spi_init
                0x20010a18      0x208 CMakeFiles/2890-cartridge-gadget.dir/home/menadue/tree/github/monroe-calculator-information/2890/firmware/no-OS-FatFS-SD-SDIO-SPI-RPi-Pico/src/sd_driver/SPI/my_spi.c.o
                0x20010a18                my_spi_init
 .text.sd_deinit
                0x20010c20       0x34 CMakeFiles/2890-cartridge-gadget.dir/home/menadue/tree/github/monroe-calculator-information/2890/firmware/no-OS-FatFS-SD-SDIO-SPI-RPi-Pico/src/sd_driver/SPI/sd_card_spi.c.o
 .text.crc7.constprop.0
                0x20010c54       0x30 CMakeFiles/2890-cartridge-gadget.dir/home/menadue/tree/github/monroe-calculator-information/2890/firmware/no-OS-FatFS-SD-SDIO-SPI-RPi-Pico/src/sd_driver/SPI/sd_card_spi.c.o
 .text.sd_wait_ready
                0x20010c84       0xa0 CMakeFiles/2890-cartridge-gadget.dir/home/menadue/tree/github/monroe-calculator-information/2890/firmware/no-OS-FatFS-SD-SDIO-SPI-RPi-Pico/src/sd_driver/SPI/sd_card_spi.c.o
 .text.read_bytes
                0x20010d24      0x16c CMakeFiles/2890-cartridge-gadget.dir/home/menadue/tree/github/monroe-calculator-information/2890/firmware/no-OS-FatFS-SD-SDIO-SPI-RPi-Pico/src/sd_driver/SPI/sd_card_spi.c.o
 .text.sd_cmd_spi
                0x20010e90      0x168 CMakeFiles/2890-cartridge-gadget.dir/home/menadue/tree/github/monroe-calculator-information/2890/firmware/no-OS-FatFS-SD-SDIO-SPI-RPi-Pico/src/sd_driver/SPI/sd_card_spi.c.o
 .text.sd_spi_test_com
                0x20010ff8      0x17c CMakeFiles/2890-cartridge-gadget.dir/home/menadue/tree/github/monroe-calculator-information/2890/firmware/no-OS-FatFS-SD-SDIO-SPI-RPi-Pico/src/sd_driver/SPI/sd_card_spi.c.o
 .text.in_sd_go_idle_state
                0x20011174      0x13c CMakeFiles/2890-cartridge-gadget.dir/home/menadue/tree/github/monroe-calculator-information/2890/firmware/no-OS-FatFS-SD-SDIO-SPI-RPi-Pico/src/sd_driver/SPI/sd_card_spi.c.o
 .text.send_block.constprop.0
                0x200112b0      0x1ec CMakeFiles/2890-cartridge-gadget.dir/home/menadue/tree/github/monroe-calculator-information/2890/firmware/no-OS-FatFS-SD-SDIO-SPI-RPi-Pico/src/sd_driver/SPI/sd_card_spi.c.o
 .text.in_sd_spi_sectors
                0x2001149c      0x104 CMakeFiles/2890-cartridge-gadget.dir/home/menadue/tree/github/monroe-calculator-information/2890/firmware/no-OS-FatFS-SD-SDIO-SPI-RPi-Pico/src/sd_driver/SPI/sd_card_spi.c.o
 .text.sd_spi_sectors
                0x200115a0       0xf4 CMakeFiles/2890-cartridge-gadget.dir/home/menadue/tree/github/monroe-calculator-information/2890/firmware/no-OS-FatFS-SD-SDIO-SPI-RPi-Pico/src/sd_driver/SPI/sd_card_spi.c.o
                0x200115a0                sd_spi_sectors