Archive member included to satisfy reference by file (symbol)

/usr/lib/gcc/arm-none-eabi/15.2.0/../../../../arm-none-eabi/lib/thumb/v8-m.main+fp/softfp/libm.a(libm_a-wf_sqrt.o)
                              CMakeFiles/2890-cartridge-gadget.dir/home/menadue/pico/pico-sdk/src/rp2_common/pico_float/float_math.c.o (sqrtf)
/usr/lib/gcc/arm-none-eabi/15.2.0/../../../../arm-none-eabi/lib/thumb/v8-m.main+fp/softfp/libm.a(libm_a-ef_sqrt.o)
                              /usr/lib/gcc/arm-none-eabi/15.2.0/../../../../arm-none-eabi/lib/thumb/v8-m.main+fp/softfp/libm.a(libm_a-wf_sqrt.o) (__ieee754_sqrtf)
/usr/lib/gcc/arm-none-eabi/15.2.0/thumb/v8-m.main+fp/softfp/libgcc.a(_arm_addsubdf3.o)
                              CMakeFiles/2890-cartridge-gadget.dir/home/menadue/pico/pico-sdk/src/rp2_common/pico_float/float_math.c.o (__aeabi_f2d)
/usr/lib/gcc/arm-none-eabi/15.2.0/thumb/v8-m.main+fp/softfp/libgcc.a(_aeabi_ldivmod.o)
                              CMakeFiles/2890-cartridge-gadget.dir/home/menadue/pico/pico-sdk/src/common/pico_time/time.c.o (__aeabi_ldivmod)
/usr/lib/gcc/arm-none-eabi/15.2.0/thumb/v8-m.main+fp/softfp/libgcc.a(_aeabi_uldivmod.o)
                              CMakeFiles/2890-cartridge-gadget.dir/home/menadue/pico/pico-sdk/src/rp2_common/hardware_clocks/clocks.c.o (__aeabi_uldivmod)
/usr/lib/gcc/arm-none-eabi/15.2.0/thumb/v8-m.main+fp/softfp/libgcc.a(_udivmoddi4.o)
                              /usr/lib/gcc/arm-none-eabi/15.2.0/thumb/v8-m.main+fp/softfp/libgcc.a(_aeabi_ldivmod.o) (__udivmoddi4)
/usr/lib/gcc/arm-none-eabi/15.2.0/thumb/v8-m.main+fp/softfp/libgcc.a(_dvmd_tls.o)
                              /usr/lib/gcc/arm-none-eabi/15.2.0/thumb/v8-m.main+fp/softfp/libgcc.a(_aeabi_ldivmod.o) (__aeabi_ldiv0)
/usr/lib/gcc/arm-none-eabi/15.2.0/../../../../arm-none-eabi/lib/thumb/v8-m.main+fp/softfp/libg.a(libc_a-atexit.o)
                              /usr/lib/gcc/arm-none-eabi/15.2.0/../../../../arm-none-eabi/lib/thumb/v8-m.main+fp/softfp/crt0.o (atexit)
/usr/lib/gcc/arm-none-eabi/15.2.0/../../../../arm-none-eabi/lib/thumb/v8-m.main+fp/softfp/libg.a(libc_a-atoi.o)
                              CMakeFiles/2890-cartridge-gadget.dir/home/menadue/tree/github/monroe-calculator-information/2890/firmware/no-OS-FatFS-SD-SDIO-SPI-RPi-Pico/src/sd_driver/sd_card.c.o (atoi)
/usr/lib/gcc/arm-none-eabi/15.2.0/../../../../arm-none-eabi/lib/thumb/v8-m.main+fp/softfp/libg.a(libc_a-calloc.o)
                              CMakeFiles/2890-cartridge-gadget.dir/home/menadue/pico/pico-sdk/src/rp2_common/pico_malloc/malloc.c.o (calloc)
/usr/lib/gcc/arm-none-eabi/15.2.0/../../../../arm-none-eabi/lib/thumb/v8-m.main+fp/softfp/libg.a(libc_a-callocr.o)
                              /usr/lib/gcc/arm-none-eabi/15.2.0/../../../../arm-none-eabi/lib/thumb/v8-m.main+fp/softfp/libg.a(libc_a-calloc.o) (_calloc_r)
/usr/lib/gcc/arm-none-eabi/15.2.0/../../../../arm-none-eabi/lib/thumb/v8-m.main+fp/softfp/libg.a(libc_a-malloc.o)
                              CMakeFiles/2890-cartridge-gadget.dir/home/menadue/pico/pico-sdk/src/rp2_common/pico_malloc/malloc.c.o (malloc)
/usr/lib/gcc/arm-none-eabi/15.2.0/../../../../arm-none-eabi/lib/thumb/v8-m.main+fp/softfp/libg.a(libc_a-mallocr.o)
                              /usr/lib/gcc/arm-none-eabi/15.2.0/../../../../arm-none-eabi/lib/thumb/v8-m.main+fp/softfp/libg.a(libc_a-callocr.o) (_malloc_r)
/usr/lib/gcc/arm-none-eabi/15.2.0/../../../../arm-none-eabi/lib/thumb/v8-m.main+fp/softfp/libg.a(libc_a-mlock.o)
                              /usr/lib/gcc/arm-none-eabi/15.2.0/../../../../arm-none-eabi/lib/thumb/v8-m.main+fp/softfp/libg.a(libc_a-mallocr.o) (__malloc_lock)
/usr/lib/gcc/arm-none-eabi/15.2.0/../../../../arm-none-eabi/lib/thumb/v8-m.main+fp/softfp/libg.a(libc_a-realloc.o)
                              CMakeFiles/2890-cartridge-gadget.dir/home/menadue/pico/pico-sdk/src/rp2_common/pico_malloc/malloc.c.o (realloc)
/usr/lib/gcc/arm-none-eabi/15.2.0/../../../../arm-none-eabi/lib/thumb/v8-m.main+fp/softfp/libg.a(libc_a-reallocr.o)
                              /usr/lib/gcc/arm-none-eabi/15.2.0/../../../../arm-none-eabi/lib/thumb/v8-m.main+fp/softfp/libg.a(libc_a-realloc.o) (_realloc_r)
/usr/lib/gcc/arm-none-eabi/15.2.0/../../../../arm-none-eabi/lib/thumb/v8-m.main+fp/softfp/libg.a(libc_a-strtol.o)
                              /usr/lib/gcc/arm-none-eabi/15.2.0/../../../../arm-none-eabi/lib/thumb/v8-m.main+fp/softfp/libg.a(libc_a-atoi.o) (_strtol_r)
/usr/lib/gcc/arm-none-eabi/15.2.0/../../../../arm-none-eabi/lib/thumb/v8-m.main+fp/softfp/libg.a(libc_a-ctype_.o)
                              CMakeFiles/2890-cartridge-gadget.dir/2890-cartridge-gadget.c.o (_ctype_)
/usr/lib/gcc/arm-none-eabi/15.2.0/../../../../arm-none-eabi/lib/thumb/v8-m.main+fp/softfp/libg.a(libc_a-sscanf.o)
                              CMakeFiles/2890-cartridge-gadget.dir/2890-cartridge-gadget.c.o (sscanf)
/usr/lib/gcc/arm-none-eabi/15.2.0/../../../../arm-none-eabi/lib/thumb/v8-m.main+fp/softfp/libg.a(libc_a-stdio.o)
[...]
Memory Configuration

Name             Origin             Length             Attributes
FLASH            0x10000000         0x01000000         xr
RAM              0x20000000         0x00080000         xrw
SCRATCH_X        0x20080000         0x00001000         xrw
SCRATCH_Y        0x20081000         0x00001000         xrw
*default*        0x00000000         0xffffffff

Linker script and memory map

LOAD /usr/lib/gcc/arm-none-eabi/15.2.0/thumb/v8-m.main+fp/softfp/crti.o
LOAD /usr/lib/gcc/arm-none-eabi/15.2.0/thumb/v8-m.main+fp/softfp/crtbegin.o
LOAD /usr/lib/gcc/arm-none-eabi/15.2.0/../../../../arm-none-eabi/lib/thumb/v8-m.main+fp/softfp/crt0.o

.flash_begin    0x10000000        0x0
                0x10000000                        __flash_binary_start = .

.flashtext      0x10000000      0x1f8
                0x10000000                        __logical_binary_start = .
 *(.vectors)
 .vectors       0x10000000      0x124 CMakeFiles/2890-cartridge-gadget.dir/home/menadue/pico/pico-sdk/src/rp2_common/pico_crt0/crt0.S.o
                0x10000000                __vectors
                0x10000000                __VECTOR_TABLE
                0x10000110                isr_invalid
                0x10000110                __default_isrs_start
                0x10000112                NMI_Handler
                0x10000116                SVC_Handler
                0x10000118                PendSV_Handler
                0x1000011a                SysTick_Handler
                0x1000011c                UART0_IRQ_Handler
                0x1000011c                __unhandled_user_irq
                0x1000011c                TIMER1_IRQ_1_Handler
                0x1000011c                TRNG_IRQ_Handler
                0x1000011c                isr_irq49
                0x1000011c                PLL_SYS_IRQ_Handler
                0x1000011c                IO_IRQ_BANK0_Handler
                0x1000011c                PIO0_IRQ_0_Handler
                0x1000011c                USBCTRL_IRQ_Handler
                0x1000011c                SPI1_IRQ_Handler
                0x1000011c                POWMAN_IRQ_POW_Handler
                0x1000011c                DMA_IRQ_2_Handler
                0x1000011c                PIO1_IRQ_1_Handler
                0x1000011c                POWMAN_IRQ_TIMER_Handler
                0x1000011c                DMA_IRQ_1_Handler
                0x1000011c                SIO_IRQ_FIFO_Handler
                0x1000011c                PLL_USB_IRQ_Handler
                0x1000011c                TIMER0_IRQ_2_Handler
                0x1000011c                I2C1_IRQ_Handler
                0x1000011c                IO_IRQ_BANK0_NS_Handler
                0x1000011c                isr_irq48
                0x1000011c                PIO2_IRQ_1_Handler
                0x1000011c                PWM_IRQ_WRAP_0_Handler
                0x1000011c                isr_irq50
                0x1000011c                TIMER1_IRQ_0_Handler
                0x1000011c                isr_irq40
                0x1000011c                SPI0_IRQ_Handler
                0x1000011c                PWM_IRQ_WRAP_1_Handler
                0x1000011c                SIO_IRQ_BELL_Handler
                0x1000011c                isr_irq41
                0x1000011c                OTP_IRQ_Handler
                0x1000011c                PIO0_IRQ_1_Handler
                0x1000011c                I2C0_IRQ_Handler
                0x1000011c                SIO_IRQ_FIFO_NS_Handler
                0x1000011c                SIO_IRQ_BELL_NS_Handler
                0x1000011c                SIO_IRQ_MTIMECMP_Handler
                0x1000011c                UART1_IRQ_Handler
                0x1000011c                DMA_IRQ_0_Handler
                0x1000011c                CLOCKS_IRQ_Handler
                0x1000011c                PIO1_IRQ_0_Handler
                0x1000011c                PIO2_IRQ_0_Handler
                0x1000011c                isr_irq46
                0x1000011c                ADC_IRQ_FIFO_Handler
                0x1000011c                isr_irq47
                0x1000011c                isr_irq51
                0x1000011c                IO_IRQ_QSPI_Handler
                0x1000011c                TIMER1_IRQ_3_Handler
                0x1000011c                TIMER0_IRQ_0_Handler
                0x1000011c                IO_IRQ_QSPI_NS_Handler
                0x1000011c                __default_isrs_end
                0x1000011c                TIMER0_IRQ_3_Handler
                0x1000011c                TIMER1_IRQ_2_Handler
                0x1000011c                TIMER0_IRQ_1_Handler
                0x1000011c                DMA_IRQ_3_Handler
                0x10000122                unhandled_user_irq_num_in_r0
 *(.binary_info_header)
 .binary_info_header
                0x10000124       0x14 CMakeFiles/2890-cartridge-gadget.dir/home/menadue/pico/pico-sdk/src/rp2_common/pico_crt0/crt0.S.o
                0x10000138                        __binary_info_header_end = .
 *(.embedded_block)
 .embedded_block
                0x10000138       0x14 CMakeFiles/2890-cartridge-gadget.dir/home/menadue/pico/pico-sdk/src/rp2_common/pico_crt0/crt0.S.o
                0x1000014c                        __embedded_block_end = .
 *(.reset)
 .reset         0x1000014c       0xac CMakeFiles/2890-cartridge-gadget.dir/home/menadue/pico/pico-sdk/src/rp2_common/pico_crt0/crt0.S.o
                0x1000014c                _entry_point
                0x100001f8                        . = ALIGN (0x4)

.boot2          0x100001f8        0x0
                0x100001f8                        __boot2_start__ = .
 *(.boot2)
                0x100001f8                        __boot2_end__ = .
                0x00000001                        ASSERT (((__boot2_end__ - __boot2_start__) <= 0x100), ERROR: Pico second stage bootloader must be no more than 256 bytes in size)

.rodata         0x100001f8        0x0
 *(SORT_BY_ALIGNMENT(SORT_BY_NAME(.flashdata*)))
                0x100001f8                        . = ALIGN (0x4)

.ARM.extab
 *(.ARM.extab* .gnu.linkonce.armextab.*)
                0x100001f8                        __exidx_start = .

.ARM.exidx      0x100001f8        0x8
 *(.ARM.exidx* .gnu.linkonce.armexidx.*)
 .ARM.exidx     0x100001f8        0x8 /usr/lib/gcc/arm-none-eabi/15.2.0/thumb/v8-m.main+fp/softfp/libgcc.a(_udivmoddi4.o)
 .ARM.exidx     0x10000200        0x0 /usr/lib/gcc/arm-none-eabi/15.2.0/../../../../arm-none-eabi/lib/thumb/v8-m.main+fp/softfp/libg.a(libc_a-strcmp.o)
                                  0x8 (size before relaxing)
 .ARM.exidx     0x10000200        0x0 /usr/lib/gcc/arm-none-eabi/15.2.0/../../../../arm-none-eabi/lib/thumb/v8-m.main+fp/softfp/libg.a(libc_a-memcpy.o)
                                  0x8 (size before relaxing)
                0x10000200                        __exidx_end = .
                0x10000200                        . = ALIGN (0x4)
                0x10000200                        __binary_info_start = .

.binary_info    0x10000200       0x24
 *(.binary_info.keep.*)
 .binary_info.keep.__bi_ptr84
                0x10000200        0x4 CMakeFiles/2890-cartridge-gadget.dir/home/menadue/pico/pico-sdk/src/rp2_common/pico_standard_binary_info/standard_binary_info.c.o
 .binary_info.keep.__bi_ptr78
                0x10000204        0x4 CMakeFiles/2890-cartridge-gadget.dir/home/menadue/pico/pico-sdk/src/rp2_common/pico_standard_binary_info/standard_binary_info.c.o
 .binary_info.keep.__bi_ptr60
                0x10000208        0x4 CMakeFiles/2890-cartridge-gadget.dir/home/menadue/pico/pico-sdk/src/rp2_common/pico_standard_binary_info/standard_binary_info.c.o
 .binary_info.keep.__bi_ptr54
                0x1000020c        0x4 CMakeFiles/2890-cartridge-gadget.dir/home/menadue/pico/pico-sdk/src/rp2_common/pico_standard_binary_info/standard_binary_info.c.o
 .binary_info.keep.__bi_ptr48
                0x10000210        0x4 CMakeFiles/2890-cartridge-gadget.dir/home/menadue/pico/pico-sdk/src/rp2_common/pico_standard_binary_info/standard_binary_info.c.o
 .binary_info.keep.__bi_ptr42
                0x10000214        0x4 CMakeFiles/2890-cartridge-gadget.dir/home/menadue/pico/pico-sdk/src/rp2_common/pico_standard_binary_info/standard_binary_info.c.o
 .binary_info.keep.__bi_ptr34
                0x10000218        0x4 CMakeFiles/2890-cartridge-gadget.dir/home/menadue/pico/pico-sdk/src/rp2_common/pico_standard_binary_info/standard_binary_info.c.o
 .binary_info.keep.__bi_ptr26
                0x1000021c        0x4 CMakeFiles/2890-cartridge-gadget.dir/home/menadue/pico/pico-sdk/src/rp2_common/pico_standard_binary_info/standard_binary_info.c.o
 *(.binary_info.*)
 .binary_info.__bi_ptr197
                0x10000220        0x4 CMakeFiles/2890-cartridge-gadget.dir/home/menadue/pico/pico-sdk/src/rp2_common/pico_stdio_usb/stdio_usb.c.o
                0x10000224                        __binary_info_end = .
                0x10000224                        . = ALIGN (0x4)

.ram_vector_table
                0x20000000      0x110
 *(.ram_vector_table)
 .ram_vector_table
                0x20000000      0x110 CMakeFiles/2890-cartridge-gadget.dir/home/menadue/pico/pico-sdk/src/rp2_common/pico_runtime_init/runtime_init.c.o
                0x20000000                ram_vector_table

.uninitialized_data
                0x20000110       0x78
                0x20000110                        . = ALIGN (0x4)
 *(.uninitialized_data*)
 .uninitialized_data
                0x20000110       0x78 CMakeFiles/2890-cartridge-gadget.dir/home/menadue/tree/github/monroe-calculator-information/2890/firmware/no-OS-FatFS-SD-SDIO-SPI-RPi-Pico/src/src/crash.c.o

.text           0x20000188    0x18bfc load address 0x10000224
                0x20000188                        __ram_text_start__ = .
 *(.init)
 .init          0x20000188        0x4 /usr/lib/gcc/arm-none-eabi/15.2.0/thumb/v8-m.main+fp/softfp/crti.o
                0x20000188                _init
 *(.text*)
 .text          0x2000018c       0x8c /usr/lib/gcc/arm-none-eabi/15.2.0/thumb/v8-m.main+fp/softfp/crtbegin.o
 .text.cli_do_reset
                0x20000218        0x4 CMakeFiles/2890-cartridge-gadget.dir/2890-cartridge-gadget.c.o
                0x20000218                cli_do_reset
 .text.cli_trace_addresses
                0x2000021c       0x18 CMakeFiles/2890-cartridge-gadget.dir/2890-cartridge-gadget.c.o
                0x2000021c                cli_trace_addresses
 .text.cli_version
                0x20000234       0x18 CMakeFiles/2890-cartridge-gadget.dir/2890-cartridge-gadget.c.o
                0x20000234                cli_version
 .text.cli_digit
                0x2000024c       0x14 CMakeFiles/2890-cartridge-gadget.dir/2890-cartridge-gadget.c.o
                0x2000024c                cli_digit
 .text.cli_get_vdu
                0x20000260       0x84 CMakeFiles/2890-cartridge-gadget.dir/2890-cartridge-gadget.c.o
                0x20000260                cli_get_vdu
 .text.cli_dump_window
                0x200002e4       0x48 CMakeFiles/2890-cartridge-gadget.dir/2890-cartridge-gadget.c.o
                0x200002e4                cli_dump_window
 .text.serial_help
                0x2000032c       0x3c CMakeFiles/2890-cartridge-gadget.dir/2890-cartridge-gadget.c.o
                0x2000032c                serial_help
 .text.cli_display_vdu_regs
                0x20000368       0x70 CMakeFiles/2890-cartridge-gadget.dir/2890-cartridge-gadget.c.o
                0x20000368                cli_display_vdu_regs
 .text.cli_dump_trace
                0x200003d8       0x6c CMakeFiles/2890-cartridge-gadget.dir/2890-cartridge-gadget.c.o
                0x200003d8                cli_dump_trace
 .text.cli_boot_mass
                0x20000444        0xc CMakeFiles/2890-cartridge-gadget.dir/2890-cartridge-gadget.c.o
                0x20000444                cli_boot_mass
 .text.cli_dump_ram
                0x20000450       0xc0 CMakeFiles/2890-cartridge-gadget.dir/2890-cartridge-gadget.c.o
                0x20000450                cli_dump_ram
 .text.cli_information
                0x20000510       0xb8 CMakeFiles/2890-cartridge-gadget.dir/2890-cartridge-gadget.c.o
                0x20000510                cli_information
 .text.ram_emulate
                0x200005c8      0x114 CMakeFiles/2890-cartridge-gadget.dir/2890-cartridge-gadget.c.o
                0x200005c8                ram_emulate
 .text.cli_load_app
                0x200006dc       0x64 CMakeFiles/2890-cartridge-gadget.dir/2890-cartridge-gadget.c.o
                0x200006dc                cli_load_app
 .text.cli_enter_parameter
                0x20000740       0x80 CMakeFiles/2890-cartridge-gadget.dir/2890-cartridge-gadget.c.o
                0x20000740                cli_enter_parameter
 .text.cli_ls   0x200007c0       0xb0 CMakeFiles/2890-cartridge-gadget.dir/2890-cartridge-gadget.c.o
                0x200007c0                cli_ls
 .text.update_screen
                0x20000870       0xf0 CMakeFiles/2890-cartridge-gadget.dir/2890-cartridge-gadget.c.o
                0x20000870                update_screen
 .text.cli_vdu_loop
                0x20000960      0x150 CMakeFiles/2890-cartridge-gadget.dir/2890-cartridge-gadget.c.o
                0x20000960                cli_vdu_loop
 .text.find_next_file_number
                0x20000ab0      0x10c CMakeFiles/2890-cartridge-gadget.dir/2890-cartridge-gadget.c.o
                0x20000ab0                find_next_file_number
 .text.core_writefile
                0x20000bbc      0x1e0 CMakeFiles/2890-cartridge-gadget.dir/2890-cartridge-gadget.c.o
                0x20000bbc                core_writefile
 .text.cli_snapshot_memory
                0x20000d9c        0xc CMakeFiles/2890-cartridge-gadget.dir/2890-cartridge-gadget.c.o
                0x20000d9c                cli_snapshot_memory
 .text.read_binary_file
                0x20000da8       0x8c CMakeFiles/2890-cartridge-gadget.dir/2890-cartridge-gadget.c.o
                0x20000da8                read_binary_file
 .text.cli_read_file
                0x20000e34       0x10 CMakeFiles/2890-cartridge-gadget.dir/2890-cartridge-gadget.c.o
                0x20000e34                cli_read_file
 .text.cli_load_monitor
                0x20000e44       0x10 CMakeFiles/2890-cartridge-gadget.dir/2890-cartridge-gadget.c.o
                0x20000e44                cli_load_monitor
 .text.cli_load_basic
                0x20000e54       0x10 CMakeFiles/2890-cartridge-gadget.dir/2890-cartridge-gadget.c.o
                0x20000e54                cli_load_basic
 .text.cli_load_cos40
                0x20000e64       0x10 CMakeFiles/2890-cartridge-gadget.dir/2890-cartridge-gadget.c.o
                0x20000e64                cli_load_cos40
 .text.startup.main
                0x20000e74      0x388 CMakeFiles/2890-cartridge-gadget.dir/2890-cartridge-gadget.c.o
                0x20000e74                main
 .text.i2c_send_byte.constprop.0
                0x200011fc       0xa0 CMakeFiles/2890-cartridge-gadget.dir/oled.c.o
 .text.i2c_init
                0x2000129c       0x14 CMakeFiles/2890-cartridge-gadget.dir/oled.c.o
                0x2000129c                i2c_init
 .text.oled_set_xy
                0x200012b0       0xdc CMakeFiles/2890-cartridge-gadget.dir/oled.c.o
                0x200012b0                oled_set_xy
 .text.oled_display_string
                0x2000138c      0x120 CMakeFiles/2890-cartridge-gadget.dir/oled.c.o
                0x2000138c                oled_display_string
 .text.oled_clear_display
                0x200014ac      0x114 CMakeFiles/2890-cartridge-gadget.dir/oled.c.o
                0x200014ac                oled_clear_display
 .text.oled_setup
                0x200015c0       0xcc CMakeFiles/2890-cartridge-gadget.dir/oled.c.o
                0x200015c0                oled_setup
 .text.mount_sd
                0x2000168c       0x3c CMakeFiles/2890-cartridge-gadget.dir/sdcard.c.o
                0x2000168c                mount_sd
 .text.unmount_sd
                0x200016c8       0x10 CMakeFiles/2890-cartridge-gadget.dir/sdcard.c.o
                0x200016c8                unmount_sd
 .text.cd_to_dir
                0x200016d8       0x68 CMakeFiles/2890-cartridge-gadget.dir/sdcard.c.o
                0x200016d8                cd_to_dir
 .text.sd_get_num
                0x20001740        0x4 CMakeFiles/2890-cartridge-gadget.dir/hw_config.c.o
                0x20001740                sd_get_num
 .text.sd_get_by_num
                0x20001744       0x10 CMakeFiles/2890-cartridge-gadget.dir/hw_config.c.o
                0x20001744                sd_get_by_num
 .text.button_exit
                0x20001754        0xc CMakeFiles/2890-cartridge-gadget.dir/menu.c.o
                0x20001754                button_exit
 .text.button_select_file
                0x20001760        0x4 CMakeFiles/2890-cartridge-gadget.dir/menu.c.o
                0x20001760                button_select_file
 .text.draw_menu
                0x20001764      0x12c CMakeFiles/2890-cartridge-gadget.dir/menu.c.o
                0x20001764                draw_menu
 .text.button_list
                0x20001890      0x1d4 CMakeFiles/2890-cartridge-gadget.dir/menu.c.o
                0x20001890                button_list
 .text.but_ev_file_select
                0x20001a64       0xf0 CMakeFiles/2890-cartridge-gadget.dir/menu.c.o
                0x20001a64                but_ev_file_select
 .text.button_write
                0x20001b54       0x48 CMakeFiles/2890-cartridge-gadget.dir/menu.c.o
                0x20001b54                button_write
 .text.but_ev_up
                0x20001b9c       0x38 CMakeFiles/2890-cartridge-gadget.dir/menu.c.o
                0x20001b9c                but_ev_up
 .text.but_ev_down
                0x20001bd4       0x68 CMakeFiles/2890-cartridge-gadget.dir/menu.c.o
                0x20001bd4                but_ev_down
 .text.button_blank
                0x20001c3c       0x90 CMakeFiles/2890-cartridge-gadget.dir/menu.c.o
                0x20001c3c                button_blank
 .text.but_ev_select
                0x20001ccc       0x54 CMakeFiles/2890-cartridge-gadget.dir/menu.c.o
                0x20001ccc                but_ev_select
 .text.gpio_set_function
                0x20001d20       0x3c CMakeFiles/2890-cartridge-gadget.dir/home/menadue/pico/pico-sdk/src/rp2_common/hardware_gpio/gpio.c.o
                0x20001d20                gpio_set_function
 .text.gpio_set_pulls
                0x20001d5c       0x24 CMakeFiles/2890-cartridge-gadget.dir/home/menadue/pico/pico-sdk/src/rp2_common/hardware_gpio/gpio.c.o
                0x20001d5c                gpio_set_pulls
 .text.gpio_set_slew_rate
                0x20001d80       0x1c CMakeFiles/2890-cartridge-gadget.dir/home/menadue/pico/pico-sdk/src/rp2_common/hardware_gpio/gpio.c.o
                0x20001d80                gpio_set_slew_rate
 .text.gpio_set_drive_strength
                0x20001d9c       0x20 CMakeFiles/2890-cartridge-gadget.dir/home/menadue/pico/pico-sdk/src/rp2_common/hardware_gpio/gpio.c.o
                0x20001d9c                gpio_set_drive_strength
 .text.gpio_init
                0x20001dbc       0x4c CMakeFiles/2890-cartridge-gadget.dir/home/menadue/pico/pico-sdk/src/rp2_common/hardware_gpio/gpio.c.o
                0x20001dbc                gpio_init
 .text.gpio_deinit
                0x20001e08       0x40 CMakeFiles/2890-cartridge-gadget.dir/home/menadue/pico/pico-sdk/src/rp2_common/hardware_gpio/gpio.c.o
                0x20001e08                gpio_deinit
 .text.panic    0x20001e48       0x30 CMakeFiles/2890-cartridge-gadget.dir/home/menadue/pico/pico-sdk/src/rp2_common/pico_platform_panic/panic.c.o
                0x20001e48                panic
 .text.hw_claim_lock
                0x20001e78       0x24 CMakeFiles/2890-cartridge-gadget.dir/home/menadue/pico/pico-sdk/src/common/hardware_claim/claim.c.o
                0x20001e78                hw_claim_lock
 .text.hw_claim_unlock
                0x20001e9c       0x14 CMakeFiles/2890-cartridge-gadget.dir/home/menadue/pico/pico-sdk/src/common/hardware_claim/claim.c.o
                0x20001e9c                hw_claim_unlock
 .text.hw_claim_or_assert
                0x20001eb0       0x58 CMakeFiles/2890-cartridge-gadget.dir/home/menadue/pico/pico-sdk/src/common/hardware_claim/claim.c.o
                0x20001eb0                hw_claim_or_assert
 .text.hw_claim_unused_from_range
                0x20001f08       0x84 CMakeFiles/2890-cartridge-gadget.dir/home/menadue/pico/pico-sdk/src/common/hardware_claim/claim.c.o
                0x20001f08                hw_claim_unused_from_range
 .text.next_striped_spin_lock_num
                0x20001f8c       0x18 CMakeFiles/2890-cartridge-gadget.dir/home/menadue/pico/pico-sdk/src/rp2_common/hardware_sync/sync.c.o
                0x20001f8c                next_striped_spin_lock_num
 .text.spin_lock_claim_unused
                0x20001fa4       0x24 CMakeFiles/2890-cartridge-gadget.dir/home/menadue/pico/pico-sdk/src/rp2_common/hardware_sync/sync.c.o
                0x20001fa4                spin_lock_claim_unused
 .text.spinlock_set_extexclall
                0x20001fc8       0x10 CMakeFiles/2890-cartridge-gadget.dir/home/menadue/pico/pico-sdk/src/rp2_common/hardware_sync_spin_lock/sync_spin_lock.c.o
 .text.spin_locks_reset
                0x20001fd8       0x18 CMakeFiles/2890-cartridge-gadget.dir/home/menadue/pico/pico-sdk/src/rp2_common/hardware_sync_spin_lock/sync_spin_lock.c.o
                0x20001fd8                spin_locks_reset
 .text.runtime_init_per_core_irq_priorities
                0x20001ff0       0x40 CMakeFiles/2890-cartridge-gadget.dir/home/menadue/pico/pico-sdk/src/rp2_common/hardware_irq/irq.c.o
                0x20001ff0                runtime_init_per_core_irq_priorities
 .text.irq_set_enabled
                0x20002030       0x2c CMakeFiles/2890-cartridge-gadget.dir/home/menadue/pico/pico-sdk/src/rp2_common/hardware_irq/irq.c.o
                0x20002030                irq_set_enabled
 .text.irq_is_enabled
                0x2000205c       0x20 CMakeFiles/2890-cartridge-gadget.dir/home/menadue/pico/pico-sdk/src/rp2_common/hardware_irq/irq.c.o
                0x2000205c                irq_is_enabled
 .text.irq_set_mask_enabled
                0x2000207c       0x18 CMakeFiles/2890-cartridge-gadget.dir/home/menadue/pico/pico-sdk/src/rp2_common/hardware_irq/irq.c.o
                0x2000207c                irq_set_mask_enabled
 .text.irq_set_pending
                0x20002094       0x18 CMakeFiles/2890-cartridge-gadget.dir/home/menadue/pico/pico-sdk/src/rp2_common/hardware_irq/irq.c.o
                0x20002094                irq_set_pending
 .text.irq_has_shared_handler
                0x200020ac       0x20 CMakeFiles/2890-cartridge-gadget.dir/home/menadue/pico/pico-sdk/src/rp2_common/hardware_irq/irq.c.o
                0x200020ac                irq_has_shared_handler
 .text.irq_set_exclusive_handler
                0x200020cc       0x70 CMakeFiles/2890-cartridge-gadget.dir/home/menadue/pico/pico-sdk/src/rp2_common/hardware_irq/irq.c.o
                0x200020cc                irq_set_exclusive_handler
 .text.irq_add_shared_handler
                0x2000213c      0x1f4 CMakeFiles/2890-cartridge-gadget.dir/home/menadue/pico/pico-sdk/src/rp2_common/hardware_irq/irq.c.o
                0x2000213c                irq_add_shared_handler
 .text.irq_add_tail_to_free_list
                0x20002330       0xfc CMakeFiles/2890-cartridge-gadget.dir/home/menadue/pico/pico-sdk/src/rp2_common/hardware_irq/irq.c.o
                0x20002330                irq_add_tail_to_free_list
 .text.user_irq_claim_unused
                0x2000242c       0x2c CMakeFiles/2890-cartridge-gadget.dir/home/menadue/pico/pico-sdk/src/rp2_common/hardware_irq/irq.c.o
                0x2000242c                user_irq_claim_unused
 .text.lock_init
                0x20002458        0xc CMakeFiles/2890-cartridge-gadget.dir/home/menadue/pico/pico-sdk/src/common/pico_sync/lock_core.c.o
                0x20002458                lock_init
 .text.runtime_init_mutex
                0x20002464       0x4c CMakeFiles/2890-cartridge-gadget.dir/home/menadue/pico/pico-sdk/src/common/pico_sync/mutex.c.o
                0x20002464                runtime_init_mutex
 .text.mutex_init
                0x200024b0       0x1c CMakeFiles/2890-cartridge-gadget.dir/home/menadue/pico/pico-sdk/src/common/pico_sync/mutex.c.o
                0x200024b0                mutex_init
 .text.critical_section_init
                0x200024cc       0x1c CMakeFiles/2890-cartridge-gadget.dir/home/menadue/pico/pico-sdk/src/common/pico_sync/critical_section.c.o
                0x200024cc                critical_section_init
 .text.critical_section_init_with_lock_num
                0x200024e8       0x10 CMakeFiles/2890-cartridge-gadget.dir/home/menadue/pico/pico-sdk/src/common/pico_sync/critical_section.c.o
                0x200024e8                critical_section_init_with_lock_num
 .text.sleep_until_callback
                0x200024f8       0x3c CMakeFiles/2890-cartridge-gadget.dir/home/menadue/pico/pico-sdk/src/common/pico_time/time.c.o
 *fill*         0x20002534        0x4 
 .text.alarm_pool_irq_handler
                0x20002538      0x2ec CMakeFiles/2890-cartridge-gadget.dir/home/menadue/pico/pico-sdk/src/common/pico_time/time.c.o
 .text.runtime_init_default_alarm_pool
                0x20002824      0x104 CMakeFiles/2890-cartridge-gadget.dir/home/menadue/pico/pico-sdk/src/common/pico_time/time.c.o
                0x20002824                runtime_init_default_alarm_pool
 .text.alarm_pool_get_default
                0x20002928        0x8 CMakeFiles/2890-cartridge-gadget.dir/home/menadue/pico/pico-sdk/src/common/pico_time/time.c.o
                0x20002928                alarm_pool_get_default
 .text.alarm_pool_add_alarm_at
                0x20002930       0xe4 CMakeFiles/2890-cartridge-gadget.dir/home/menadue/pico/pico-sdk/src/common/pico_time/time.c.o
                0x20002930                alarm_pool_add_alarm_at
 .text.alarm_pool_add_alarm_at_force_in_context
                0x20002a14       0xcc CMakeFiles/2890-cartridge-gadget.dir/home/menadue/pico/pico-sdk/src/common/pico_time/time.c.o
                0x20002a14                alarm_pool_add_alarm_at_force_in_context
 .text.alarm_pool_cancel_alarm
                0x20002ae0       0x84 CMakeFiles/2890-cartridge-gadget.dir/home/menadue/pico/pico-sdk/src/common/pico_time/time.c.o
                0x20002ae0                alarm_pool_cancel_alarm
 .text.alarm_pool_core_num
                0x20002b64        0x4 CMakeFiles/2890-cartridge-gadget.dir/home/menadue/pico/pico-sdk/src/common/pico_time/time.c.o
                0x20002b64                alarm_pool_core_num
 .text.sleep_us
                0x20002b68       0xd8 CMakeFiles/2890-cartridge-gadget.dir/home/menadue/pico/pico-sdk/src/common/pico_time/time.c.o
                0x20002b68                sleep_us
 .text.sleep_ms
                0x20002c40       0xdc CMakeFiles/2890-cartridge-gadget.dir/home/menadue/pico/pico-sdk/src/common/pico_time/time.c.o
                0x20002c40                sleep_ms
 .text.best_effort_wfe_or_timeout
                0x20002d1c       0xf8 CMakeFiles/2890-cartridge-gadget.dir/home/menadue/pico/pico-sdk/src/common/pico_time/time.c.o
                0x20002d1c                best_effort_wfe_or_timeout
 .text.timer_hardware_alarm_claim
                0x20002e14       0x24 CMakeFiles/2890-cartridge-gadget.dir/home/menadue/pico/pico-sdk/src/rp2_common/hardware_timer/timer.c.o
                0x20002e14                timer_hardware_alarm_claim
 .text.timer_time_us_64
                0x20002e38       0x10 CMakeFiles/2890-cartridge-gadget.dir/home/menadue/pico/pico-sdk/src/rp2_common/hardware_timer/timer.c.o
                0x20002e38                timer_time_us_64
 .text.time_us_64
                0x20002e48       0x14 CMakeFiles/2890-cartridge-gadget.dir/home/menadue/pico/pico-sdk/src/rp2_common/hardware_timer/timer.c.o
                0x20002e48                time_us_64
 .text.busy_wait_us
                0x20002e5c       0x60 CMakeFiles/2890-cartridge-gadget.dir/home/menadue/pico/pico-sdk/src/rp2_common/hardware_timer/timer.c.o
                0x20002e5c                busy_wait_us
 .text.busy_wait_until
                0x20002ebc       0x24 CMakeFiles/2890-cartridge-gadget.dir/home/menadue/pico/pico-sdk/src/rp2_common/hardware_timer/timer.c.o
                0x20002ebc                busy_wait_until
 .text.clock_configure_undivided
                0x20002ee0       0xdc CMakeFiles/2890-cartridge-gadget.dir/home/menadue/pico/pico-sdk/src/rp2_common/hardware_clocks/clocks.c.o
                0x20002ee0                clock_configure_undivided
 .text.clock_get_hz
                0x20002fbc        0xc CMakeFiles/2890-cartridge-gadget.dir/home/menadue/pico/pico-sdk/src/rp2_common/hardware_clocks/clocks.c.o
                0x20002fbc                clock_get_hz
 .text.set_sys_clock_pll
                0x20002fc8      0x188 CMakeFiles/2890-cartridge-gadget.dir/home/menadue/pico/pico-sdk/src/rp2_common/hardware_clocks/clocks.c.o
                0x20002fc8                set_sys_clock_pll
 .text.check_sys_clock_khz
                0x20003150      0x178 CMakeFiles/2890-cartridge-gadget.dir/home/menadue/pico/pico-sdk/src/rp2_common/hardware_clocks/clocks.c.o
                0x20003150                check_sys_clock_khz
 .text.pll_init
                0x200032c8       0x90 CMakeFiles/2890-cartridge-gadget.dir/home/menadue/pico/pico-sdk/src/rp2_common/hardware_pll/pll.c.o
                0x200032c8                pll_init
 .text.watchdog_reboot
                0x20003358       0xac CMakeFiles/2890-cartridge-gadget.dir/home/menadue/pico/pico-sdk/src/rp2_common/hardware_watchdog/watchdog.c.o
                0x20003358                watchdog_reboot
 .text.tick_start
                0x20003404       0x18 CMakeFiles/2890-cartridge-gadget.dir/home/menadue/pico/pico-sdk/src/rp2_common/hardware_ticks/ticks.c.o
                0x20003404                tick_start
 .text.rom_reboot.constprop.0.isra.0
                0x2000341c       0x38 CMakeFiles/2890-cartridge-gadget.dir/home/menadue/pico/pico-sdk/src/rp2_common/pico_bootrom/bootrom.c.o
 .text.rom_func_lookup
                0x20003454       0x18 CMakeFiles/2890-cartridge-gadget.dir/home/menadue/pico/pico-sdk/src/rp2_common/pico_bootrom/bootrom.c.o
                0x20003454                rom_func_lookup
 .text.rom_reset_usb_boot
                0x2000346c       0x1c CMakeFiles/2890-cartridge-gadget.dir/home/menadue/pico/pico-sdk/src/rp2_common/pico_bootrom/bootrom.c.o
                0x2000346c                rom_reset_usb_boot
 .text.rom_reset_usb_boot_extra
                0x20003488       0x1c CMakeFiles/2890-cartridge-gadget.dir/home/menadue/pico/pico-sdk/src/rp2_common/pico_bootrom/bootrom.c.o
                0x20003488                rom_reset_usb_boot_extra
 .text.runtime_init_bootrom_locking_enable
                0x200034a4       0x14 CMakeFiles/2890-cartridge-gadget.dir/home/menadue/pico/pico-sdk/src/rp2_common/pico_bootrom/bootrom_lock.c.o
                0x200034a4                runtime_init_bootrom_locking_enable
 .text.runtime_init_boot_locks_reset
                0x200034b8       0x1c CMakeFiles/2890-cartridge-gadget.dir/home/menadue/pico/pico-sdk/src/rp2_common/hardware_boot_lock/boot_lock.c.o
                0x200034b8                runtime_init_boot_locks_reset
 .text.xosc_init
                0x200034d4       0x2c CMakeFiles/2890-cartridge-gadget.dir/home/menadue/pico/pico-sdk/src/rp2_common/hardware_xosc/xosc.c.o
                0x200034d4                xosc_init
 .text.first_per_core_initializer
                0x20003500        0x4 CMakeFiles/2890-cartridge-gadget.dir/home/menadue/pico/pico-sdk/src/rp2_common/pico_runtime/runtime.c.o
 .text.hard_assertion_failure
                0x20003504        0xc CMakeFiles/2890-cartridge-gadget.dir/home/menadue/pico/pico-sdk/src/rp2_common/pico_runtime/runtime.c.o
                0x20003504                hard_assertion_failure
 .text.runtime_run_initializers
                0x20003510       0x20 CMakeFiles/2890-cartridge-gadget.dir/home/menadue/pico/pico-sdk/src/rp2_common/pico_runtime/runtime.c.o
                0x20003510                runtime_run_initializers
 .text.runtime_run_per_core_initializers
                0x20003530       0x20 CMakeFiles/2890-cartridge-gadget.dir/home/menadue/pico/pico-sdk/src/rp2_common/pico_runtime/runtime.c.o
                0x20003530                runtime_run_per_core_initializers
 .text.runtime_init_early_resets
                0x20003550       0x30 CMakeFiles/2890-cartridge-gadget.dir/home/menadue/pico/pico-sdk/src/rp2_common/pico_runtime_init/runtime_init.c.o
                0x20003550                runtime_init_early_resets
 .text.runtime_init_usb_power_down
                0x20003580       0x1c CMakeFiles/2890-cartridge-gadget.dir/home/menadue/pico/pico-sdk/src/rp2_common/pico_runtime_init/runtime_init.c.o
                0x20003580                runtime_init_usb_power_down
 .text.runtime_init_per_core_enable_coprocessors
                0x2000359c       0x1c CMakeFiles/2890-cartridge-gadget.dir/home/menadue/pico/pico-sdk/src/rp2_common/pico_runtime_init/runtime_init.c.o
                0x2000359c                runtime_init_per_core_enable_coprocessors
 .text.runtime_init_post_clock_resets
                0x200035b8       0x20 CMakeFiles/2890-cartridge-gadget.dir/home/menadue/pico/pico-sdk/src/rp2_common/pico_runtime_init/runtime_init.c.o
                0x200035b8                runtime_init_post_clock_resets
 .text.runtime_init_bootrom_reset
                0x200035d8       0x14 CMakeFiles/2890-cartridge-gadget.dir/home/menadue/pico/pico-sdk/src/rp2_common/pico_runtime_init/runtime_init.c.o
                0x200035d8                runtime_init_bootrom_reset
 .text.runtime_init_per_core_bootrom_reset
                0x200035ec       0x14 CMakeFiles/2890-cartridge-gadget.dir/home/menadue/pico/pico-sdk/src/rp2_common/pico_runtime_init/runtime_init.c.o
                0x200035ec                runtime_init_per_core_bootrom_reset
 .text.runtime_init_spin_locks_reset
                0x20003600        0x4 CMakeFiles/2890-cartridge-gadget.dir/home/menadue/pico/pico-sdk/src/rp2_common/pico_runtime_init/runtime_init.c.o
                0x20003600                runtime_init_spin_locks_reset
 .text.runtime_init_install_ram_vector_table
                0x20003604       0x1c CMakeFiles/2890-cartridge-gadget.dir/home/menadue/pico/pico-sdk/src/rp2_common/pico_runtime_init/runtime_init.c.o
                0x20003604                runtime_init_install_ram_vector_table
 .text.runtime_init_clocks
                0x20003620       0xdc CMakeFiles/2890-cartridge-gadget.dir/home/menadue/pico/pico-sdk/src/rp2_common/pico_runtime_init/runtime_init_clocks.c.o
                0x20003620                runtime_init_clocks
 .text.runtime_init_per_core_install_stack_guard
                0x200036fc        0x8 CMakeFiles/2890-cartridge-gadget.dir/home/menadue/pico/pico-sdk/src/rp2_common/pico_runtime_init/runtime_init_stack_guard.c.o
                0x200036fc                runtime_init_per_core_install_stack_guard
 .text.__rp2350_dcp_engaged_state_save_restore
                0x20003704       0x3a CMakeFiles/2890-cartridge-gadget.dir/home/menadue/pico/pico-sdk/src/rp2_common/pico_double/double_aeabi_dcp.S.o
 *fill*         0x2000373e        0x2 
 .text.__wrap___aeabi_dadd
                0x20003740       0x28 CMakeFiles/2890-cartridge-gadget.dir/home/menadue/pico/pico-sdk/src/rp2_common/pico_double/double_aeabi_dcp.S.o
                0x20003748                __wrap___aeabi_dadd
 .text.__wrap___aeabi_dsub
                0x20003768       0x28 CMakeFiles/2890-cartridge-gadget.dir/home/menadue/pico/pico-sdk/src/rp2_common/pico_double/double_aeabi_dcp.S.o
                0x20003770                __wrap___aeabi_dsub
 .text.__wrap___aeabi_dmul
                0x20003790       0x4c CMakeFiles/2890-cartridge-gadget.dir/home/menadue/pico/pico-sdk/src/rp2_common/pico_double/double_aeabi_dcp.S.o
                0x20003798                __wrap___aeabi_dmul
 .text.__wrap___aeabi_ddiv
                0x200037dc       0x9c CMakeFiles/2890-cartridge-gadget.dir/home/menadue/pico/pico-sdk/src/rp2_common/pico_double/double_aeabi_dcp.S.o
                0x200037e4                __wrap___aeabi_ddiv
 .text.__wrap___aeabi_d2f
                0x20003878       0x1c CMakeFiles/2890-cartridge-gadget.dir/home/menadue/pico/pico-sdk/src/rp2_common/pico_double/double_aeabi_dcp.S.o
                0x20003880                double2float
                0x20003880                __wrap___aeabi_d2f
 .text.__wrap___aeabi_i2d
                0x20003894       0x24 CMakeFiles/2890-cartridge-gadget.dir/home/menadue/pico/pico-sdk/src/rp2_common/pico_double/double_aeabi_dcp.S.o
                0x2000389c                __wrap___aeabi_i2d
                0x2000389c                int2double
 .text.__wrap___aeabi_ui2d
                0x200038b8       0x24 CMakeFiles/2890-cartridge-gadget.dir/home/menadue/pico/pico-sdk/src/rp2_common/pico_double/double_aeabi_dcp.S.o
                0x200038c0                __wrap___aeabi_ui2d
                0x200038c0                uint2double
 .text.__wrap___aeabi_d2iz
                0x200038dc       0x24 CMakeFiles/2890-cartridge-gadget.dir/home/menadue/pico/pico-sdk/src/rp2_common/pico_double/double_aeabi_dcp.S.o
                0x200038e4                __wrap___aeabi_d2iz
                0x200038e4                double2int_z
 .text.__wrap___aeabi_d2uiz
                0x20003900       0x24 CMakeFiles/2890-cartridge-gadget.dir/home/menadue/pico/pico-sdk/src/rp2_common/pico_double/double_aeabi_dcp.S.o
                0x20003908                double2uint_z
                0x20003908                double2uint
                0x20003908                __wrap___aeabi_d2uiz
 .text.__wrap___aeabi_dcmpun
                0x20003924       0x24 CMakeFiles/2890-cartridge-gadget.dir/home/menadue/pico/pico-sdk/src/rp2_common/pico_double/double_aeabi_dcp.S.o
                0x2000392c                __wrap___aeabi_dcmpun
 .text.__wrap___aeabi_dcmpeq
                0x20003948       0x24 CMakeFiles/2890-cartridge-gadget.dir/home/menadue/pico/pico-sdk/src/rp2_common/pico_double/double_aeabi_dcp.S.o
                0x20003950                __wrap___aeabi_dcmpeq
 .text.__wrap___aeabi_dcmplt
                0x2000396c       0x28 CMakeFiles/2890-cartridge-gadget.dir/home/menadue/pico/pico-sdk/src/rp2_common/pico_double/double_aeabi_dcp.S.o
                0x20003974                __wrap___aeabi_dcmplt
 .text.__wrap___aeabi_dcmple
                0x20003994       0x28 CMakeFiles/2890-cartridge-gadget.dir/home/menadue/pico/pico-sdk/src/rp2_common/pico_double/double_aeabi_dcp.S.o
                0x2000399c                __wrap___aeabi_dcmple
 .text.__wrap___aeabi_dcmpge
                0x200039bc       0x28 CMakeFiles/2890-cartridge-gadget.dir/home/menadue/pico/pico-sdk/src/rp2_common/pico_double/double_aeabi_dcp.S.o
                0x200039c4                __wrap___aeabi_dcmpge
 .text.__wrap___aeabi_dcmpgt
                0x200039e4       0x28 CMakeFiles/2890-cartridge-gadget.dir/home/menadue/pico/pico-sdk/src/rp2_common/pico_double/double_aeabi_dcp.S.o
                0x200039ec                __wrap___aeabi_dcmpgt
 .text.__wrap_conv_tod
                0x20003a0c      0x20c CMakeFiles/2890-cartridge-gadget.dir/home/menadue/pico/pico-sdk/src/rp2_common/pico_double/double_conv_m33.S.o
                0x20003a0c                __wrap___aeabi_l2d
                0x20003a0c                int642double
                0x20003a0e                fix642double
                0x20003ab2                uint642double
                0x20003ab2                __wrap___aeabi_ul2d
                0x20003ab4                ufix642double
                0x20003b48                fix2double
                0x20003bb8                ufix2double
 .text.__wrap_conv_dtoi64_z
                0x20003c18       0xa0 CMakeFiles/2890-cartridge-gadget.dir/home/menadue/pico/pico-sdk/src/rp2_common/pico_double/double_conv_m33.S.o
                0x20003c18                __wrap___aeabi_d2lz
                0x20003c18                double2int64_z
                0x20003c1a                double2fix64_z
 .text.__wrap_malloc
                0x20003cb8       0x38 CMakeFiles/2890-cartridge-gadget.dir/home/menadue/pico/pico-sdk/src/rp2_common/pico_malloc/malloc.c.o
                0x20003cb8                __wrap_malloc
 .text.__wrap_free
                0x20003cf0       0x20 CMakeFiles/2890-cartridge-gadget.dir/home/menadue/pico/pico-sdk/src/rp2_common/pico_malloc/malloc.c.o
                0x20003cf0                __wrap_free
 .text._out_buffer
                0x20003d10        0x8 CMakeFiles/2890-cartridge-gadget.dir/home/menadue/pico/pico-sdk/src/rp2_common/pico_printf/printf.c.o
 .text._out_null
                0x20003d18        0x4 CMakeFiles/2890-cartridge-gadget.dir/home/menadue/pico/pico-sdk/src/rp2_common/pico_printf/printf.c.o
 .text._out_rev
                0x20003d1c       0xa8 CMakeFiles/2890-cartridge-gadget.dir/home/menadue/pico/pico-sdk/src/rp2_common/pico_printf/printf.c.o
 .text._ntoa_format
                0x20003dc4      0x1dc CMakeFiles/2890-cartridge-gadget.dir/home/menadue/pico/pico-sdk/src/rp2_common/pico_printf/printf.c.o
 .text._out_char
                0x20003fa0        0x8 CMakeFiles/2890-cartridge-gadget.dir/home/menadue/pico/pico-sdk/src/rp2_common/pico_printf/printf.c.o
 .text._out_fct
                0x20003fa8        0xc CMakeFiles/2890-cartridge-gadget.dir/home/menadue/pico/pico-sdk/src/rp2_common/pico_printf/printf.c.o
 *fill*         0x20003fb4        0x4 
 .text._ftoa    0x20003fb8      0x494 CMakeFiles/2890-cartridge-gadget.dir/home/menadue/pico/pico-sdk/src/rp2_common/pico_printf/printf.c.o
 *fill*         0x2000444c        0x4 
 .text._etoa    0x20004450      0x580 CMakeFiles/2890-cartridge-gadget.dir/home/menadue/pico/pico-sdk/src/rp2_common/pico_printf/printf.c.o
 .text._vsnprintf
                0x200049d0      0x9d8 CMakeFiles/2890-cartridge-gadget.dir/home/menadue/pico/pico-sdk/src/rp2_common/pico_printf/printf.c.o
 .text.__wrap_sprintf
                0x200053a8       0x30 CMakeFiles/2890-cartridge-gadget.dir/home/menadue/pico/pico-sdk/src/rp2_common/pico_printf/printf.c.o
                0x200053a8                __wrap_sprintf
 .text.__wrap_snprintf
                0x200053d8       0x30 CMakeFiles/2890-cartridge-gadget.dir/home/menadue/pico/pico-sdk/src/rp2_common/pico_printf/printf.c.o
                0x200053d8                __wrap_snprintf
 .text.__wrap_vsnprintf
                0x20005408       0x1c CMakeFiles/2890-cartridge-gadget.dir/home/menadue/pico/pico-sdk/src/rp2_common/pico_printf/printf.c.o
                0x20005408                __wrap_vsnprintf
 .text.vfctprintf
                0x20005424       0x24 CMakeFiles/2890-cartridge-gadget.dir/home/menadue/pico/pico-sdk/src/rp2_common/pico_printf/printf.c.o
                0x20005424                vfctprintf
 .text.weak_raw_printf
                0x20005448       0x48 CMakeFiles/2890-cartridge-gadget.dir/home/menadue/pico/pico-sdk/src/rp2_common/pico_printf/printf.c.o
                0x20005448                weak_raw_printf
 .text.weak_raw_vprintf
                0x20005490       0x30 CMakeFiles/2890-cartridge-gadget.dir/home/menadue/pico/pico-sdk/src/rp2_common/pico_printf/printf.c.o
                0x20005490                weak_raw_vprintf
 .text._exit    0x200054c0        0x4 CMakeFiles/2890-cartridge-gadget.dir/home/menadue/pico/pico-sdk/src/rp2_common/pico_clib_interface/newlib_interface.c.o
                0x200054c0                _exit
 .text._sbrk    0x200054c4       0x2c CMakeFiles/2890-cartridge-gadget.dir/home/menadue/pico/pico-sdk/src/rp2_common/pico_clib_interface/newlib_interface.c.o
                0x200054c4                _sbrk
 .text.exit     0x200054f0        0x8 CMakeFiles/2890-cartridge-gadget.dir/home/menadue/pico/pico-sdk/src/rp2_common/pico_clib_interface/newlib_interface.c.o
                0x200054f0                exit
 .text.__assert_func
                0x200054f8       0x3c CMakeFiles/2890-cartridge-gadget.dir/home/menadue/pico/pico-sdk/src/rp2_common/pico_clib_interface/newlib_interface.c.o
                0x200054f8                __assert_func
 .text.runtime_init
                0x20005534       0x2c CMakeFiles/2890-cartridge-gadget.dir/home/menadue/pico/pico-sdk/src/rp2_common/pico_clib_interface/newlib_interface.c.o
                0x20005534                runtime_init
 .text.stdio_out_chars_no_crlf
                0x20005560        0x8 CMakeFiles/2890-cartridge-gadget.dir/home/menadue/pico/pico-sdk/src/rp2_common/pico_stdio/stdio.c.o
 .text.stdio_out_chars_crlf
                0x20005568       0xc0 CMakeFiles/2890-cartridge-gadget.dir/home/menadue/pico/pico-sdk/src/rp2_common/pico_stdio/stdio.c.o
 .text.stdio_buffered_printer
                0x20005628       0x5c CMakeFiles/2890-cartridge-gadget.dir/home/menadue/pico/pico-sdk/src/rp2_common/pico_stdio/stdio.c.o
 .text.stdio_put_string
                0x20005684       0xec CMakeFiles/2890-cartridge-gadget.dir/home/menadue/pico/pico-sdk/src/rp2_common/pico_stdio/stdio.c.o
                0x20005684                stdio_put_string
 .text.stdio_set_driver_enabled
                0x20005770       0x28 CMakeFiles/2890-cartridge-gadget.dir/home/menadue/pico/pico-sdk/src/rp2_common/pico_stdio/stdio.c.o
                0x20005770                stdio_set_driver_enabled
 .text.stdio_flush
                0x20005798       0x24 CMakeFiles/2890-cartridge-gadget.dir/home/menadue/pico/pico-sdk/src/rp2_common/pico_stdio/stdio.c.o
                0x20005798                stdio_flush
 .text.stdio_getchar_timeout_us
                0x200057bc       0x8c CMakeFiles/2890-cartridge-gadget.dir/home/menadue/pico/pico-sdk/src/rp2_common/pico_stdio/stdio.c.o
                0x200057bc                stdio_getchar_timeout_us
 .text.__wrap_putchar
                0x20005848       0x84 CMakeFiles/2890-cartridge-gadget.dir/home/menadue/pico/pico-sdk/src/rp2_common/pico_stdio/stdio.c.o
                0x20005848                stdio_putchar
                0x20005848                __wrap_putchar
 .text.__wrap_puts
                0x200058cc       0x3c CMakeFiles/2890-cartridge-gadget.dir/home/menadue/pico/pico-sdk/src/rp2_common/pico_stdio/stdio.c.o
                0x200058cc                __wrap_puts
                0x200058cc                stdio_puts
 .text.__wrap_vprintf
                0x20005908       0xc0 CMakeFiles/2890-cartridge-gadget.dir/home/menadue/pico/pico-sdk/src/rp2_common/pico_stdio/stdio.c.o
                0x20005908                __wrap_vprintf
                0x20005908                stdio_vprintf
 .text.__wrap_printf
                0x200059c8       0x1c CMakeFiles/2890-cartridge-gadget.dir/home/menadue/pico/pico-sdk/src/rp2_common/pico_stdio/stdio.c.o
                0x200059c8                stdio_printf
                0x200059c8                __wrap_printf
 .text.resetd_init
                0x200059e4        0x4 CMakeFiles/2890-cartridge-gadget.dir/home/menadue/pico/pico-sdk/src/rp2_common/pico_stdio_usb/reset_interface.c.o
 .text.resetd_reset
                0x200059e8        0xc CMakeFiles/2890-cartridge-gadget.dir/home/menadue/pico/pico-sdk/src/rp2_common/pico_stdio_usb/reset_interface.c.o
 .text.resetd_open
                0x200059f4       0x28 CMakeFiles/2890-cartridge-gadget.dir/home/menadue/pico/pico-sdk/src/rp2_common/pico_stdio_usb/reset_interface.c.o
 .text.resetd_xfer_cb
                0x20005a1c        0x4 CMakeFiles/2890-cartridge-gadget.dir/home/menadue/pico/pico-sdk/src/rp2_common/pico_stdio_usb/reset_interface.c.o
 .text.resetd_control_xfer_cb
                0x20005a20       0x50 CMakeFiles/2890-cartridge-gadget.dir/home/menadue/pico/pico-sdk/src/rp2_common/pico_stdio_usb/reset_interface.c.o
 .text.tud_descriptor_bos_cb
                0x20005a70        0x8 CMakeFiles/2890-cartridge-gadget.dir/home/menadue/pico/pico-sdk/src/rp2_common/pico_stdio_usb/reset_interface.c.o
                0x20005a70                tud_descriptor_bos_cb
 .text.tud_vendor_control_xfer_cb
                0x20005a78       0x28 CMakeFiles/2890-cartridge-gadget.dir/home/menadue/pico/pico-sdk/src/rp2_common/pico_stdio_usb/reset_interface.c.o
                0x20005a78                tud_vendor_control_xfer_cb
 .text.usbd_app_driver_get_cb
                0x20005aa0       0x10 CMakeFiles/2890-cartridge-gadget.dir/home/menadue/pico/pico-sdk/src/rp2_common/pico_stdio_usb/reset_interface.c.o
                0x20005aa0                usbd_app_driver_get_cb
 .text.tud_cdc_line_coding_cb
                0x20005ab0       0x18 CMakeFiles/2890-cartridge-gadget.dir/home/menadue/pico/pico-sdk/src/rp2_common/pico_stdio_usb/reset_interface.c.o
                0x20005ab0                tud_cdc_line_coding_cb
 .text.stdio_usb_set_chars_available_callback
                0x20005ac8       0x14 CMakeFiles/2890-cartridge-gadget.dir/home/menadue/pico/pico-sdk/src/rp2_common/pico_stdio_usb/stdio_usb.c.o
                0x20005ac8                stdio_usb_set_chars_available_callback
 .text.timer_task
                0x20005adc       0x70 CMakeFiles/2890-cartridge-gadget.dir/home/menadue/pico/pico-sdk/src/rp2_common/pico_stdio_usb/stdio_usb.c.o
 .text.usb_irq  0x20005b4c        0xc CMakeFiles/2890-cartridge-gadget.dir/home/menadue/pico/pico-sdk/src/rp2_common/pico_stdio_usb/stdio_usb.c.o
 .text.stdio_usb_in_chars
                0x20005b58       0x88 CMakeFiles/2890-cartridge-gadget.dir/home/menadue/pico/pico-sdk/src/rp2_common/pico_stdio_usb/stdio_usb.c.o
                0x20005b58                stdio_usb_in_chars
 .text.stdio_usb_out_flush
                0x20005be0       0x54 CMakeFiles/2890-cartridge-gadget.dir/home/menadue/pico/pico-sdk/src/rp2_common/pico_stdio_usb/stdio_usb.c.o
 .text.stdio_usb_out_chars
                0x20005c34       0xf0 CMakeFiles/2890-cartridge-gadget.dir/home/menadue/pico/pico-sdk/src/rp2_common/pico_stdio_usb/stdio_usb.c.o
 .text.low_priority_worker_irq
                0x20005d24       0xe8 CMakeFiles/2890-cartridge-gadget.dir/home/menadue/pico/pico-sdk/src/rp2_common/pico_stdio_usb/stdio_usb.c.o
 .text.stdio_usb_init
                0x20005e0c       0xec CMakeFiles/2890-cartridge-gadget.dir/home/menadue/pico/pico-sdk/src/rp2_common/pico_stdio_usb/stdio_usb.c.o
                0x20005e0c                stdio_usb_init
 .text.tud_descriptor_device_cb
                0x20005ef8        0x8 CMakeFiles/2890-cartridge-gadget.dir/home/menadue/pico/pico-sdk/src/rp2_common/pico_stdio_usb/stdio_usb_descriptors.c.o
                0x20005ef8                tud_descriptor_device_cb
 .text.tud_descriptor_configuration_cb
                0x20005f00        0x8 CMakeFiles/2890-cartridge-gadget.dir/home/menadue/pico/pico-sdk/src/rp2_common/pico_stdio_usb/stdio_usb_descriptors.c.o
                0x20005f00                tud_descriptor_configuration_cb
 .text.tud_descriptor_string_cb
                0x20005f08       0x80 CMakeFiles/2890-cartridge-gadget.dir/home/menadue/pico/pico-sdk/src/rp2_common/pico_stdio_usb/stdio_usb_descriptors.c.o
                0x20005f08                tud_descriptor_string_cb
 .text.startup._retrieve_unique_id_on_boot
                0x20005f88       0x2c CMakeFiles/2890-cartridge-gadget.dir/home/menadue/pico/pico-sdk/src/rp2_common/pico_unique_id/unique_id.c.o
 .text.pico_get_unique_board_id_string
                0x20005fb4      0x190 CMakeFiles/2890-cartridge-gadget.dir/home/menadue/pico/pico-sdk/src/rp2_common/pico_unique_id/unique_id.c.o
                0x20005fb4                pico_get_unique_board_id_string
 .text.dcd_init
                0x20006144       0x94 CMakeFiles/2890-cartridge-gadget.dir/home/menadue/pico/pico-sdk/lib/tinyusb/src/portable/raspberrypi/rp2040/dcd_rp2040.c.o
                0x20006144                dcd_init
 .text.dcd_int_enable
                0x200061d8        0x8 CMakeFiles/2890-cartridge-gadget.dir/home/menadue/pico/pico-sdk/lib/tinyusb/src/portable/raspberrypi/rp2040/dcd_rp2040.c.o
                0x200061d8                dcd_int_enable
 .text.dcd_set_address
                0x200061e0       0x10 CMakeFiles/2890-cartridge-gadget.dir/home/menadue/pico/pico-sdk/lib/tinyusb/src/portable/raspberrypi/rp2040/dcd_rp2040.c.o
                0x200061e0                dcd_set_address
 .text.dcd_sof_enable
                0x200061f0       0x1c CMakeFiles/2890-cartridge-gadget.dir/home/menadue/pico/pico-sdk/lib/tinyusb/src/portable/raspberrypi/rp2040/dcd_rp2040.c.o
                0x200061f0                dcd_sof_enable
 .text.dcd_edpt0_status_complete
                0x2000620c       0x1c CMakeFiles/2890-cartridge-gadget.dir/home/menadue/pico/pico-sdk/lib/tinyusb/src/portable/raspberrypi/rp2040/dcd_rp2040.c.o
                0x2000620c                dcd_edpt0_status_complete
 .text.dcd_edpt_open
                0x20006228      0x100 CMakeFiles/2890-cartridge-gadget.dir/home/menadue/pico/pico-sdk/lib/tinyusb/src/portable/raspberrypi/rp2040/dcd_rp2040.c.o
                0x20006228                dcd_edpt_open
 .text.dcd_edpt_close_all
                0x20006328        0x4 CMakeFiles/2890-cartridge-gadget.dir/home/menadue/pico/pico-sdk/lib/tinyusb/src/portable/raspberrypi/rp2040/dcd_rp2040.c.o
                0x20006328                dcd_edpt_close_all
 .text.dcd_edpt_xfer
                0x2000632c       0x28 CMakeFiles/2890-cartridge-gadget.dir/home/menadue/pico/pico-sdk/lib/tinyusb/src/portable/raspberrypi/rp2040/dcd_rp2040.c.o
                0x2000632c                dcd_edpt_xfer
 .text.dcd_edpt_stall
                0x20006354       0x30 CMakeFiles/2890-cartridge-gadget.dir/home/menadue/pico/pico-sdk/lib/tinyusb/src/portable/raspberrypi/rp2040/dcd_rp2040.c.o
                0x20006354                dcd_edpt_stall
 .text.dcd_edpt_clear_stall
                0x20006384       0x24 CMakeFiles/2890-cartridge-gadget.dir/home/menadue/pico/pico-sdk/lib/tinyusb/src/portable/raspberrypi/rp2040/dcd_rp2040.c.o
                0x20006384                dcd_edpt_clear_stall
 .text.rp2040_usb_init
                0x200063a8       0x40 CMakeFiles/2890-cartridge-gadget.dir/home/menadue/pico/pico-sdk/lib/tinyusb/src/portable/raspberrypi/rp2040/rp2040_usb.c.o
                0x200063a8                rp2040_usb_init
 .text.hw_endpoint_xfer_start
                0x200063e8       0x40 CMakeFiles/2890-cartridge-gadget.dir/home/menadue/pico/pico-sdk/lib/tinyusb/src/portable/raspberrypi/rp2040/rp2040_usb.c.o
                0x200063e8                hw_endpoint_xfer_start
 .text.configuration_reset
                0x20006428       0x8c CMakeFiles/2890-cartridge-gadget.dir/home/menadue/pico/pico-sdk/lib/tinyusb/src/device/usbd.c.o
 .text.tud_event_hook_cb
                0x200064b4        0x4 CMakeFiles/2890-cartridge-gadget.dir/home/menadue/pico/pico-sdk/lib/tinyusb/src/device/usbd.c.o
                0x200064b4                tud_event_hook_cb
 .text.tud_sof_cb
                0x200064b8        0x4 CMakeFiles/2890-cartridge-gadget.dir/home/menadue/pico/pico-sdk/lib/tinyusb/src/device/usbd.c.o
                0x200064b8                tud_sof_cb
 .text.tud_descriptor_device_qualifier_cb
                0x200064bc        0x4 CMakeFiles/2890-cartridge-gadget.dir/home/menadue/pico/pico-sdk/lib/tinyusb/src/device/usbd.c.o
                0x200064bc                tud_descriptor_device_qualifier_cb
 .text.tud_descriptor_other_speed_configuration_cb
                0x200064c0        0x4 CMakeFiles/2890-cartridge-gadget.dir/home/menadue/pico/pico-sdk/lib/tinyusb/src/device/usbd.c.o
                0x200064c0                tud_descriptor_other_speed_configuration_cb
 .text.tud_mount_cb
                0x200064c4        0x4 CMakeFiles/2890-cartridge-gadget.dir/home/menadue/pico/pico-sdk/lib/tinyusb/src/device/usbd.c.o
                0x200064c4                tud_mount_cb
 .text.tud_umount_cb
                0x200064c8        0x4 CMakeFiles/2890-cartridge-gadget.dir/home/menadue/pico/pico-sdk/lib/tinyusb/src/device/usbd.c.o
                0x200064c8                tud_umount_cb
 .text.tud_suspend_cb
                0x200064cc        0x4 CMakeFiles/2890-cartridge-gadget.dir/home/menadue/pico/pico-sdk/lib/tinyusb/src/device/usbd.c.o
                0x200064cc                tud_suspend_cb
 .text.tud_resume_cb
                0x200064d0        0x4 CMakeFiles/2890-cartridge-gadget.dir/home/menadue/pico/pico-sdk/lib/tinyusb/src/device/usbd.c.o
                0x200064d0                tud_resume_cb
 .text.tud_mounted
                0x200064d4       0x10 CMakeFiles/2890-cartridge-gadget.dir/home/menadue/pico/pico-sdk/lib/tinyusb/src/device/usbd.c.o
                0x200064d4                tud_mounted
 .text.tud_suspended
                0x200064e4       0x10 CMakeFiles/2890-cartridge-gadget.dir/home/menadue/pico/pico-sdk/lib/tinyusb/src/device/usbd.c.o
                0x200064e4                tud_suspended
 .text.tud_init
                0x200064f4       0xe0 CMakeFiles/2890-cartridge-gadget.dir/home/menadue/pico/pico-sdk/lib/tinyusb/src/device/usbd.c.o
                0x200064f4                tud_init
 .text.tud_task_ext
                0x200065d4      0x7bc CMakeFiles/2890-cartridge-gadget.dir/home/menadue/pico/pico-sdk/lib/tinyusb/src/device/usbd.c.o
                0x200065d4                tud_task_ext
 .text.usbd_open_edpt_pair
                0x20006d90       0xa0 CMakeFiles/2890-cartridge-gadget.dir/home/menadue/pico/pico-sdk/lib/tinyusb/src/device/usbd.c.o
                0x20006d90                usbd_open_edpt_pair
 .text.usbd_edpt_open
                0x20006e30       0x5c CMakeFiles/2890-cartridge-gadget.dir/home/menadue/pico/pico-sdk/lib/tinyusb/src/device/usbd.c.o
                0x20006e30                usbd_edpt_open
 .text.usbd_edpt_claim
                0x20006e8c       0x24 CMakeFiles/2890-cartridge-gadget.dir/home/menadue/pico/pico-sdk/lib/tinyusb/src/device/usbd.c.o
                0x20006e8c                usbd_edpt_claim
 .text.usbd_edpt_release
                0x20006eb0       0x24 CMakeFiles/2890-cartridge-gadget.dir/home/menadue/pico/pico-sdk/lib/tinyusb/src/device/usbd.c.o
                0x20006eb0                usbd_edpt_release
 .text.usbd_edpt_xfer
                0x20006ed4       0x70 CMakeFiles/2890-cartridge-gadget.dir/home/menadue/pico/pico-sdk/lib/tinyusb/src/device/usbd.c.o
                0x20006ed4                usbd_edpt_xfer
 .text.tud_control_status
                0x20006f44       0x38 CMakeFiles/2890-cartridge-gadget.dir/home/menadue/pico/pico-sdk/lib/tinyusb/src/device/usbd_control.c.o
                0x20006f44                tud_control_status
 .text.tud_control_xfer
                0x20006f7c       0xb4 CMakeFiles/2890-cartridge-gadget.dir/home/menadue/pico/pico-sdk/lib/tinyusb/src/device/usbd_control.c.o
                0x20006f7c                tud_control_xfer
 .text.usbd_control_reset
                0x20007030       0x14 CMakeFiles/2890-cartridge-gadget.dir/home/menadue/pico/pico-sdk/lib/tinyusb/src/device/usbd_control.c.o
                0x20007030                usbd_control_reset
 .text.usbd_control_set_complete_callback
                0x20007044        0xc CMakeFiles/2890-cartridge-gadget.dir/home/menadue/pico/pico-sdk/lib/tinyusb/src/device/usbd_control.c.o
                0x20007044                usbd_control_set_complete_callback
 .text.usbd_control_set_request
                0x20007050       0x1c CMakeFiles/2890-cartridge-gadget.dir/home/menadue/pico/pico-sdk/lib/tinyusb/src/device/usbd_control.c.o
                0x20007050                usbd_control_set_request
 .text.usbd_control_xfer_cb
                0x2000706c      0x104 CMakeFiles/2890-cartridge-gadget.dir/home/menadue/pico/pico-sdk/lib/tinyusb/src/device/usbd_control.c.o
                0x2000706c                usbd_control_xfer_cb
 .text._prep_out_transaction.isra.0
                0x20007170       0x64 CMakeFiles/2890-cartridge-gadget.dir/home/menadue/pico/pico-sdk/lib/tinyusb/src/class/cdc/cdc_device.c.o
 .text.tud_cdc_n_connected
                0x200071d4       0x2c CMakeFiles/2890-cartridge-gadget.dir/home/menadue/pico/pico-sdk/lib/tinyusb/src/class/cdc/cdc_device.c.o
                0x200071d4                tud_cdc_n_connected
 .text.tud_cdc_n_available
                0x20007200       0x18 CMakeFiles/2890-cartridge-gadget.dir/home/menadue/pico/pico-sdk/lib/tinyusb/src/class/cdc/cdc_device.c.o
                0x20007200                tud_cdc_n_available
 .text.tud_cdc_n_read
                0x20007218       0x8c CMakeFiles/2890-cartridge-gadget.dir/home/menadue/pico/pico-sdk/lib/tinyusb/src/class/cdc/cdc_device.c.o
                0x20007218                tud_cdc_n_read
 .text.tud_cdc_n_write_flush
                0x200072a4       0x94 CMakeFiles/2890-cartridge-gadget.dir/home/menadue/pico/pico-sdk/lib/tinyusb/src/class/cdc/cdc_device.c.o
                0x200072a4                tud_cdc_n_write_flush
 .text.tud_cdc_n_write
                0x20007338       0x40 CMakeFiles/2890-cartridge-gadget.dir/home/menadue/pico/pico-sdk/lib/tinyusb/src/class/cdc/cdc_device.c.o
                0x20007338                tud_cdc_n_write
 .text.tud_cdc_n_write_available
                0x20007378       0x18 CMakeFiles/2890-cartridge-gadget.dir/home/menadue/pico/pico-sdk/lib/tinyusb/src/class/cdc/cdc_device.c.o
                0x20007378                tud_cdc_n_write_available
 .text.cdcd_init
                0x20007390       0x74 CMakeFiles/2890-cartridge-gadget.dir/home/menadue/pico/pico-sdk/lib/tinyusb/src/class/cdc/cdc_device.c.o
                0x20007390                cdcd_init
 .text.cdcd_deinit
                0x20007404       0x30 CMakeFiles/2890-cartridge-gadget.dir/home/menadue/pico/pico-sdk/lib/tinyusb/src/class/cdc/cdc_device.c.o
                0x20007404                cdcd_deinit
 .text.cdcd_reset
                0x20007434       0x50 CMakeFiles/2890-cartridge-gadget.dir/home/menadue/pico/pico-sdk/lib/tinyusb/src/class/cdc/cdc_device.c.o
                0x20007434                cdcd_reset
 .text.cdcd_open
                0x20007484       0xcc CMakeFiles/2890-cartridge-gadget.dir/home/menadue/pico/pico-sdk/lib/tinyusb/src/class/cdc/cdc_device.c.o
                0x20007484                cdcd_open
 .text.cdcd_control_xfer_cb
                0x20007550       0xd4 CMakeFiles/2890-cartridge-gadget.dir/home/menadue/pico/pico-sdk/lib/tinyusb/src/class/cdc/cdc_device.c.o
                0x20007550                cdcd_control_xfer_cb
 .text.cdcd_xfer_cb
                0x20007624       0xf8 CMakeFiles/2890-cartridge-gadget.dir/home/menadue/pico/pico-sdk/lib/tinyusb/src/class/cdc/cdc_device.c.o
                0x20007624                cdcd_xfer_cb
 .text.vendord_init
                0x2000771c       0x5c CMakeFiles/2890-cartridge-gadget.dir/home/menadue/pico/pico-sdk/lib/tinyusb/src/class/vendor/vendor_device.c.o
                0x2000771c                vendord_init
 .text.vendord_deinit
                0x20007778       0x1c CMakeFiles/2890-cartridge-gadget.dir/home/menadue/pico/pico-sdk/lib/tinyusb/src/class/vendor/vendor_device.c.o
                0x20007778                vendord_deinit
 .text.vendord_reset
                0x20007794       0x20 CMakeFiles/2890-cartridge-gadget.dir/home/menadue/pico/pico-sdk/lib/tinyusb/src/class/vendor/vendor_device.c.o
                0x20007794                vendord_reset
 .text.vendord_open
                0x200077b4       0xf8 CMakeFiles/2890-cartridge-gadget.dir/home/menadue/pico/pico-sdk/lib/tinyusb/src/class/vendor/vendor_device.c.o
                0x200077b4                vendord_open
 .text.vendord_xfer_cb
                0x200078ac       0x98 CMakeFiles/2890-cartridge-gadget.dir/home/menadue/pico/pico-sdk/lib/tinyusb/src/class/vendor/vendor_device.c.o
                0x200078ac                vendord_xfer_cb
 .text.tusb_init
                0x20007944       0x1c CMakeFiles/2890-cartridge-gadget.dir/home/menadue/pico/pico-sdk/lib/tinyusb/src/tusb.c.o
                0x20007944                tusb_init
 .text.tu_edpt_claim
                0x20007960       0x60 CMakeFiles/2890-cartridge-gadget.dir/home/menadue/pico/pico-sdk/lib/tinyusb/src/tusb.c.o
                0x20007960                tu_edpt_claim
 .text.tu_edpt_release
                0x200079c0       0x38 CMakeFiles/2890-cartridge-gadget.dir/home/menadue/pico/pico-sdk/lib/tinyusb/src/tusb.c.o
                0x200079c0                tu_edpt_release
 .text.tu_edpt_validate
                0x200079f8       0x60 CMakeFiles/2890-cartridge-gadget.dir/home/menadue/pico/pico-sdk/lib/tinyusb/src/tusb.c.o
                0x200079f8                tu_edpt_validate
 .text.tu_edpt_bind_driver
                0x20007a58       0x54 CMakeFiles/2890-cartridge-gadget.dir/home/menadue/pico/pico-sdk/lib/tinyusb/src/tusb.c.o
                0x20007a58                tu_edpt_bind_driver
 .text.tu_edpt_stream_init
                0x20007aac       0x58 CMakeFiles/2890-cartridge-gadget.dir/home/menadue/pico/pico-sdk/lib/tinyusb/src/tusb.c.o
                0x20007aac                tu_edpt_stream_init
 .text.tu_edpt_stream_deinit
                0x20007b04        0x4 CMakeFiles/2890-cartridge-gadget.dir/home/menadue/pico/pico-sdk/lib/tinyusb/src/tusb.c.o
                0x20007b04                tu_edpt_stream_deinit
 .text.tu_edpt_stream_write_zlp_if_needed
                0x20007b08       0x6c CMakeFiles/2890-cartridge-gadget.dir/home/menadue/pico/pico-sdk/lib/tinyusb/src/tusb.c.o
                0x20007b08                tu_edpt_stream_write_zlp_if_needed
 .text.tu_edpt_stream_write_xfer
                0x20007b74       0x74 CMakeFiles/2890-cartridge-gadget.dir/home/menadue/pico/pico-sdk/lib/tinyusb/src/tusb.c.o
                0x20007b74                tu_edpt_stream_write_xfer
 .text.tu_edpt_stream_read_xfer
                0x20007be8       0xd0 CMakeFiles/2890-cartridge-gadget.dir/home/menadue/pico/pico-sdk/lib/tinyusb/src/tusb.c.o
                0x20007be8                tu_edpt_stream_read_xfer
 .text.tu_fifo_config
                0x20007cb8       0x60 CMakeFiles/2890-cartridge-gadget.dir/home/menadue/pico/pico-sdk/lib/tinyusb/src/common/tusb_fifo.c.o
                0x20007cb8                tu_fifo_config
 .text.tu_fifo_count
                0x20007d18       0x20 CMakeFiles/2890-cartridge-gadget.dir/home/menadue/pico/pico-sdk/lib/tinyusb/src/common/tusb_fifo.c.o
                0x20007d18                tu_fifo_count
 .text.tu_fifo_empty
                0x20007d38       0x14 CMakeFiles/2890-cartridge-gadget.dir/home/menadue/pico/pico-sdk/lib/tinyusb/src/common/tusb_fifo.c.o
                0x20007d38                tu_fifo_empty
 .text.tu_fifo_remaining
                0x20007d4c       0x24 CMakeFiles/2890-cartridge-gadget.dir/home/menadue/pico/pico-sdk/lib/tinyusb/src/common/tusb_fifo.c.o
                0x20007d4c                tu_fifo_remaining
 .text.tu_fifo_read
                0x20007d70       0x9c CMakeFiles/2890-cartridge-gadget.dir/home/menadue/pico/pico-sdk/lib/tinyusb/src/common/tusb_fifo.c.o
                0x20007d70                tu_fifo_read
 .text.tu_fifo_read_n
                0x20007e0c       0xe0 CMakeFiles/2890-cartridge-gadget.dir/home/menadue/pico/pico-sdk/lib/tinyusb/src/common/tusb_fifo.c.o
                0x20007e0c                tu_fifo_read_n
 .text.tu_fifo_write
                0x20007eec       0xa8 CMakeFiles/2890-cartridge-gadget.dir/home/menadue/pico/pico-sdk/lib/tinyusb/src/common/tusb_fifo.c.o
                0x20007eec                tu_fifo_write
 .text.tu_fifo_write_n
                0x20007f94      0x150 CMakeFiles/2890-cartridge-gadget.dir/home/menadue/pico/pico-sdk/lib/tinyusb/src/common/tusb_fifo.c.o
                0x20007f94                tu_fifo_write_n
 .text.tu_fifo_clear
                0x200080e4       0x38 CMakeFiles/2890-cartridge-gadget.dir/home/menadue/pico/pico-sdk/lib/tinyusb/src/common/tusb_fifo.c.o
                0x200080e4                tu_fifo_clear
 .text.tu_fifo_set_overwritable
                0x2000811c       0x3c CMakeFiles/2890-cartridge-gadget.dir/home/menadue/pico/pico-sdk/lib/tinyusb/src/common/tusb_fifo.c.o
                0x2000811c                tu_fifo_set_overwritable
 .text.add_program_at_offset
                0x20008158       0xb4 CMakeFiles/2890-cartridge-gadget.dir/home/menadue/pico/pico-sdk/src/rp2_common/hardware_pio/pio.c.o
 .text.pio_claim_unused_sm
                0x2000820c       0x38 CMakeFiles/2890-cartridge-gadget.dir/home/menadue/pico/pico-sdk/src/rp2_common/hardware_pio/pio.c.o
                0x2000820c                pio_claim_unused_sm
 .text.pio_add_program
                0x20008244       0x9c CMakeFiles/2890-cartridge-gadget.dir/home/menadue/pico/pico-sdk/src/rp2_common/hardware_pio/pio.c.o
                0x20008244                pio_add_program
 .text.pio_clear_instruction_memory
                0x200082e0       0x34 CMakeFiles/2890-cartridge-gadget.dir/home/menadue/pico/pico-sdk/src/rp2_common/hardware_pio/pio.c.o
                0x200082e0                pio_clear_instruction_memory
 .text.pio_sm_set_consecutive_pindirs
                0x20008314       0x8c CMakeFiles/2890-cartridge-gadget.dir/home/menadue/pico/pico-sdk/src/rp2_common/hardware_pio/pio.c.o
                0x20008314                pio_sm_set_consecutive_pindirs
 .text.pio_sm_init
                0x200083a0      0x128 CMakeFiles/2890-cartridge-gadget.dir/home/menadue/pico/pico-sdk/src/rp2_common/hardware_pio/pio.c.o
                0x200083a0                pio_sm_init
 .text.dma_channel_claim
                0x200084c8       0x14 CMakeFiles/2890-cartridge-gadget.dir/home/menadue/pico/pico-sdk/src/rp2_common/hardware_dma/dma.c.o
                0x200084c8                dma_channel_claim
 .text.dma_claim_unused_channel
                0x200084dc       0x24 CMakeFiles/2890-cartridge-gadget.dir/home/menadue/pico/pico-sdk/src/rp2_common/hardware_dma/dma.c.o
                0x200084dc                dma_claim_unused_channel
 .text.core1_trampoline
                0x20008500        0x4 CMakeFiles/2890-cartridge-gadget.dir/home/menadue/pico/pico-sdk/src/rp2_common/pico_multicore/multicore.c.o
 .text.core1_wrapper
                0x20008504       0x18 CMakeFiles/2890-cartridge-gadget.dir/home/menadue/pico/pico-sdk/src/rp2_common/pico_multicore/multicore.c.o
                0x20008504                core1_wrapper
 .text.multicore_launch_core1_raw
                0x2000851c       0x80 CMakeFiles/2890-cartridge-gadget.dir/home/menadue/pico/pico-sdk/src/rp2_common/pico_multicore/multicore.c.o
                0x2000851c                multicore_launch_core1_raw
 .text.multicore_launch_core1
                0x2000859c       0x48 CMakeFiles/2890-cartridge-gadget.dir/home/menadue/pico/pico-sdk/src/rp2_common/pico_multicore/multicore.c.o
                0x2000859c                multicore_launch_core1
 .text.tchar2uni
                0x200085e4      0x10c CMakeFiles/2890-cartridge-gadget.dir/home/menadue/tree/github/monroe-calculator-information/2890/firmware/no-OS-FatFS-SD-SDIO-SPI-RPi-Pico/src/ff15/source/ff.c.o
 .text.inc_share
                0x200086f0       0x8c CMakeFiles/2890-cartridge-gadget.dir/home/menadue/tree/github/monroe-calculator-information/2890/firmware/no-OS-FatFS-SD-SDIO-SPI-RPi-Pico/src/ff15/source/ff.c.o
 .text.pick_lfn
                0x2000877c      0x26c CMakeFiles/2890-cartridge-gadget.dir/home/menadue/tree/github/monroe-calculator-information/2890/firmware/no-OS-FatFS-SD-SDIO-SPI-RPi-Pico/src/ff15/source/ff.c.o
 .text.put_utf  0x200089e8       0xcc CMakeFiles/2890-cartridge-gadget.dir/home/menadue/tree/github/monroe-calculator-information/2890/firmware/no-OS-FatFS-SD-SDIO-SPI-RPi-Pico/src/ff15/source/ff.c.o
 .text.dir_clear
                0x20008ab4      0x130 CMakeFiles/2890-cartridge-gadget.dir/home/menadue/tree/github/monroe-calculator-information/2890/firmware/no-OS-FatFS-SD-SDIO-SPI-RPi-Pico/src/ff15/source/ff.c.o
 .text.init_alloc_info.isra.0
                0x20008be4       0x20 CMakeFiles/2890-cartridge-gadget.dir/home/menadue/tree/github/monroe-calculator-information/2890/firmware/no-OS-FatFS-SD-SDIO-SPI-RPi-Pico/src/ff15/source/ff.c.o
 .text.pattern_match
                0x20008c04       0xe8 CMakeFiles/2890-cartridge-gadget.dir/home/menadue/tree/github/monroe-calculator-information/2890/firmware/no-OS-FatFS-SD-SDIO-SPI-RPi-Pico/src/ff15/source/ff.c.o
 .text.move_window
                0x20008cec       0x94 CMakeFiles/2890-cartridge-gadget.dir/home/menadue/tree/github/monroe-calculator-information/2890/firmware/no-OS-FatFS-SD-SDIO-SPI-RPi-Pico/src/ff15/source/ff.c.o
 .text.put_fat.part.0
                0x20008d80      0x130 CMakeFiles/2890-cartridge-gadget.dir/home/menadue/tree/github/monroe-calculator-information/2890/firmware/no-OS-FatFS-SD-SDIO-SPI-RPi-Pico/src/ff15/source/ff.c.o
 .text.get_fat  0x20008eb0      0x150 CMakeFiles/2890-cartridge-gadget.dir/home/menadue/tree/github/monroe-calculator-information/2890/firmware/no-OS-FatFS-SD-SDIO-SPI-RPi-Pico/src/ff15/source/ff.c.o
 .text.dir_next.constprop.0
                0x20009000       0xb4 CMakeFiles/2890-cartridge-gadget.dir/home/menadue/tree/github/monroe-calculator-information/2890/firmware/no-OS-FatFS-SD-SDIO-SPI-RPi-Pico/src/ff15/source/ff.c.o
 .text.sync_fs  0x200090b4       0xd4 CMakeFiles/2890-cartridge-gadget.dir/home/menadue/tree/github/monroe-calculator-information/2890/firmware/no-OS-FatFS-SD-SDIO-SPI-RPi-Pico/src/ff15/source/ff.c.o
 .text.get_fileinfo
                0x20009188      0x278 CMakeFiles/2890-cartridge-gadget.dir/home/menadue/tree/github/monroe-calculator-information/2890/firmware/no-OS-FatFS-SD-SDIO-SPI-RPi-Pico/src/ff15/source/ff.c.o
 .text.check_fs
                0x20009400      0x138 CMakeFiles/2890-cartridge-gadget.dir/home/menadue/tree/github/monroe-calculator-information/2890/firmware/no-OS-FatFS-SD-SDIO-SPI-RPi-Pico/src/ff15/source/ff.c.o
 .text.mount_volume
                0x20009538      0x644 CMakeFiles/2890-cartridge-gadget.dir/home/menadue/tree/github/monroe-calculator-information/2890/firmware/no-OS-FatFS-SD-SDIO-SPI-RPi-Pico/src/ff15/source/ff.c.o
 .text.load_xdir
                0x20009b7c      0x1f4 CMakeFiles/2890-cartridge-gadget.dir/home/menadue/tree/github/monroe-calculator-information/2890/firmware/no-OS-FatFS-SD-SDIO-SPI-RPi-Pico/src/ff15/source/ff.c.o
 .text.dir_read.constprop.0
                0x20009d70      0x274 CMakeFiles/2890-cartridge-gadget.dir/home/menadue/tree/github/monroe-calculator-information/2890/firmware/no-OS-FatFS-SD-SDIO-SPI-RPi-Pico/src/ff15/source/ff.c.o
 .text.dir_sdi  0x20009fe4      0x268 CMakeFiles/2890-cartridge-gadget.dir/home/menadue/tree/github/monroe-calculator-information/2890/firmware/no-OS-FatFS-SD-SDIO-SPI-RPi-Pico/src/ff15/source/ff.c.o
 .text.store_xdir
                0x2000a24c      0x1f0 CMakeFiles/2890-cartridge-gadget.dir/home/menadue/tree/github/monroe-calculator-information/2890/firmware/no-OS-FatFS-SD-SDIO-SPI-RPi-Pico/src/ff15/source/ff.c.o
 .text.dir_find
                0x2000a43c      0x404 CMakeFiles/2890-cartridge-gadget.dir/home/menadue/tree/github/monroe-calculator-information/2890/firmware/no-OS-FatFS-SD-SDIO-SPI-RPi-Pico/src/ff15/source/ff.c.o
 .text.follow_path
                0x2000a840      0x550 CMakeFiles/2890-cartridge-gadget.dir/home/menadue/tree/github/monroe-calculator-information/2890/firmware/no-OS-FatFS-SD-SDIO-SPI-RPi-Pico/src/ff15/source/ff.c.o
 .text.remove_chain
                0x2000ad90      0x314 CMakeFiles/2890-cartridge-gadget.dir/home/menadue/tree/github/monroe-calculator-information/2890/firmware/no-OS-FatFS-SD-SDIO-SPI-RPi-Pico/src/ff15/source/ff.c.o
 .text.create_chain
                0x2000b0a4      0x5c8 CMakeFiles/2890-cartridge-gadget.dir/home/menadue/tree/github/monroe-calculator-information/2890/firmware/no-OS-FatFS-SD-SDIO-SPI-RPi-Pico/src/ff15/source/ff.c.o
 .text.dir_alloc
                0x2000b66c      0x1f8 CMakeFiles/2890-cartridge-gadget.dir/home/menadue/tree/github/monroe-calculator-information/2890/firmware/no-OS-FatFS-SD-SDIO-SPI-RPi-Pico/src/ff15/source/ff.c.o
 .text.dir_register
                0x2000b864      0x8f8 CMakeFiles/2890-cartridge-gadget.dir/home/menadue/tree/github/monroe-calculator-information/2890/firmware/no-OS-FatFS-SD-SDIO-SPI-RPi-Pico/src/ff15/source/ff.c.o
 .text.f_mount  0x2000c15c       0x90 CMakeFiles/2890-cartridge-gadget.dir/home/menadue/tree/github/monroe-calculator-information/2890/firmware/no-OS-FatFS-SD-SDIO-SPI-RPi-Pico/src/ff15/source/ff.c.o
                0x2000c15c                f_mount
 *fill*         0x2000c1ec        0x4 
 .text.f_open   0x2000c1f0      0x448 CMakeFiles/2890-cartridge-gadget.dir/home/menadue/tree/github/monroe-calculator-information/2890/firmware/no-OS-FatFS-SD-SDIO-SPI-RPi-Pico/src/ff15/source/ff.c.o
                0x2000c1f0                f_open
 .text.f_read   0x2000c638      0x1f8 CMakeFiles/2890-cartridge-gadget.dir/home/menadue/tree/github/monroe-calculator-information/2890/firmware/no-OS-FatFS-SD-SDIO-SPI-RPi-Pico/src/ff15/source/ff.c.o
                0x2000c638                f_read
 .text.f_write  0x2000c830      0x248 CMakeFiles/2890-cartridge-gadget.dir/home/menadue/tree/github/monroe-calculator-information/2890/firmware/no-OS-FatFS-SD-SDIO-SPI-RPi-Pico/src/ff15/source/ff.c.o
                0x2000c830                f_write
 .text.putc_bfd
                0x2000ca78      0x15c CMakeFiles/2890-cartridge-gadget.dir/home/menadue/tree/github/monroe-calculator-information/2890/firmware/no-OS-FatFS-SD-SDIO-SPI-RPi-Pico/src/ff15/source/ff.c.o
 .text.putc_bfd.constprop.0
                0x2000cbd4       0x5c CMakeFiles/2890-cartridge-gadget.dir/home/menadue/tree/github/monroe-calculator-information/2890/firmware/no-OS-FatFS-SD-SDIO-SPI-RPi-Pico/src/ff15/source/ff.c.o
 .text.f_sync   0x2000cc30      0x260 CMakeFiles/2890-cartridge-gadget.dir/home/menadue/tree/github/monroe-calculator-information/2890/firmware/no-OS-FatFS-SD-SDIO-SPI-RPi-Pico/src/ff15/source/ff.c.o
                0x2000cc30                f_sync
 .text.f_close  0x2000ce90       0x68 CMakeFiles/2890-cartridge-gadget.dir/home/menadue/tree/github/monroe-calculator-information/2890/firmware/no-OS-FatFS-SD-SDIO-SPI-RPi-Pico/src/ff15/source/ff.c.o
                0x2000ce90                f_close
 .text.f_chdrive
                0x2000cef8       0x38 CMakeFiles/2890-cartridge-gadget.dir/home/menadue/tree/github/monroe-calculator-information/2890/firmware/no-OS-FatFS-SD-SDIO-SPI-RPi-Pico/src/ff15/source/ff.c.o
                0x2000cef8                f_chdrive
 .text.f_chdir  0x2000cf30       0xfc CMakeFiles/2890-cartridge-gadget.dir/home/menadue/tree/github/monroe-calculator-information/2890/firmware/no-OS-FatFS-SD-SDIO-SPI-RPi-Pico/src/ff15/source/ff.c.o
                0x2000cf30                f_chdir
 .text.f_getcwd
                0x2000d02c      0x5c4 CMakeFiles/2890-cartridge-gadget.dir/home/menadue/tree/github/monroe-calculator-information/2890/firmware/no-OS-FatFS-SD-SDIO-SPI-RPi-Pico/src/ff15/source/ff.c.o
                0x2000d02c                f_getcwd
 .text.f_closedir
                0x2000d5f0       0x74 CMakeFiles/2890-cartridge-gadget.dir/home/menadue/tree/github/monroe-calculator-information/2890/firmware/no-OS-FatFS-SD-SDIO-SPI-RPi-Pico/src/ff15/source/ff.c.o
                0x2000d5f0                f_closedir
 .text.f_readdir
                0x2000d664       0x9c CMakeFiles/2890-cartridge-gadget.dir/home/menadue/tree/github/monroe-calculator-information/2890/firmware/no-OS-FatFS-SD-SDIO-SPI-RPi-Pico/src/ff15/source/ff.c.o
                0x2000d664                f_readdir
 .text.f_findnext
                0x2000d700      0x278 CMakeFiles/2890-cartridge-gadget.dir/home/menadue/tree/github/monroe-calculator-information/2890/firmware/no-OS-FatFS-SD-SDIO-SPI-RPi-Pico/src/ff15/source/ff.c.o
                0x2000d700                f_findnext
 .text.f_findfirst
                0x2000d978      0x118 CMakeFiles/2890-cartridge-gadget.dir/home/menadue/tree/github/monroe-calculator-information/2890/firmware/no-OS-FatFS-SD-SDIO-SPI-RPi-Pico/src/ff15/source/ff.c.o
                0x2000d978                f_findfirst
 .text.f_printf
                0x2000da90      0xd90 CMakeFiles/2890-cartridge-gadget.dir/home/menadue/tree/github/monroe-calculator-information/2890/firmware/no-OS-FatFS-SD-SDIO-SPI-RPi-Pico/src/ff15/source/ff.c.o
                0x2000da90                f_printf
 .text.ff_memalloc
                0x2000e820        0x4 CMakeFiles/2890-cartridge-gadget.dir/home/menadue/tree/github/monroe-calculator-information/2890/firmware/no-OS-FatFS-SD-SDIO-SPI-RPi-Pico/src/ff15/source/ffsystem.c.o
                0x2000e820                ff_memalloc
 .text.ff_memfree
                0x2000e824        0x4 CMakeFiles/2890-cartridge-gadget.dir/home/menadue/tree/github/monroe-calculator-information/2890/firmware/no-OS-FatFS-SD-SDIO-SPI-RPi-Pico/src/ff15/source/ffsystem.c.o
                0x2000e824                ff_memfree
 .text.ff_uni2oem
                0x2000e828       0x38 CMakeFiles/2890-cartridge-gadget.dir/home/menadue/tree/github/monroe-calculator-information/2890/firmware/no-OS-FatFS-SD-SDIO-SPI-RPi-Pico/src/ff15/source/ffunicode.c.o
                0x2000e828                ff_uni2oem
 .text.ff_oem2uni
                0x2000e860       0x28 CMakeFiles/2890-cartridge-gadget.dir/home/menadue/tree/github/monroe-calculator-information/2890/firmware/no-OS-FatFS-SD-SDIO-SPI-RPi-Pico/src/ff15/source/ffunicode.c.o
                0x2000e860                ff_oem2uni
 .text.ff_wtoupper
                0x2000e888       0xa4 CMakeFiles/2890-cartridge-gadget.dir/home/menadue/tree/github/monroe-calculator-information/2890/firmware/no-OS-FatFS-SD-SDIO-SPI-RPi-Pico/src/ff15/source/ffunicode.c.o
                0x2000e888                ff_wtoupper
 .text.dma_irq_add_handler
                0x2000e92c       0x9c CMakeFiles/2890-cartridge-gadget.dir/home/menadue/tree/github/monroe-calculator-information/2890/firmware/no-OS-FatFS-SD-SDIO-SPI-RPi-Pico/src/sd_driver/dma_interrupts.c.o
                0x2000e92c                dma_irq_add_handler
 .text.sd_lock  0x2000e9c8        0x8 CMakeFiles/2890-cartridge-gadget.dir/home/menadue/tree/github/monroe-calculator-information/2890/firmware/no-OS-FatFS-SD-SDIO-SPI-RPi-Pico/src/sd_driver/sd_card.c.o
                0x2000e9c8                sd_lock
 .text.sd_unlock
                0x2000e9d0        0x8 CMakeFiles/2890-cartridge-gadget.dir/home/menadue/tree/github/monroe-calculator-information/2890/firmware/no-OS-FatFS-SD-SDIO-SPI-RPi-Pico/src/sd_driver/sd_card.c.o
                0x2000e9d0                sd_unlock
 .text.sd_get_by_drive_prefix
                0x2000e9d8       0x34 CMakeFiles/2890-cartridge-gadget.dir/home/menadue/tree/github/monroe-calculator-information/2890/firmware/no-OS-FatFS-SD-SDIO-SPI-RPi-Pico/src/sd_driver/sd_card.c.o
                0x2000e9d8                sd_get_by_drive_prefix
 .text.sd_card_detect
                0x2000ea0c       0x78 CMakeFiles/2890-cartridge-gadget.dir/home/menadue/tree/github/monroe-calculator-information/2890/firmware/no-OS-FatFS-SD-SDIO-SPI-RPi-Pico/src/sd_driver/sd_card.c.o
                0x2000ea0c                sd_card_detect
 .text.sd_get_drive_prefix
                0x2000ea84       0x10 CMakeFiles/2890-cartridge-gadget.dir/home/menadue/tree/github/monroe-calculator-information/2890/firmware/no-OS-FatFS-SD-SDIO-SPI-RPi-Pico/src/sd_driver/sd_card.c.o
                0x2000ea84                sd_get_drive_prefix
 .text.sd_init_driver
                0x2000ea94       0xd8 CMakeFiles/2890-cartridge-gadget.dir/home/menadue/tree/github/monroe-calculator-information/2890/firmware/no-OS-FatFS-SD-SDIO-SPI-RPi-Pico/src/sd_driver/sd_card.c.o
                0x2000ea94                sd_init_driver
 .text.sdio_start_next_block_tx
                0x2000eb6c      0x140 CMakeFiles/2890-cartridge-gadget.dir/home/menadue/tree/github/monroe-calculator-information/2890/firmware/no-OS-FatFS-SD-SDIO-SPI-RPi-Pico/src/sd_driver/SDIO/rp2040_sdio.c.o
 .text.rp2040_sdio_stop.isra.0
                0x2000ecac       0x88 CMakeFiles/2890-cartridge-gadget.dir/home/menadue/tree/github/monroe-calculator-information/2890/firmware/no-OS-FatFS-SD-SDIO-SPI-RPi-Pico/src/sd_driver/SDIO/rp2040_sdio.c.o
 .text.sdio_send_command.isra.0
                0x2000ed34       0x7c CMakeFiles/2890-cartridge-gadget.dir/home/menadue/tree/github/monroe-calculator-information/2890/firmware/no-OS-FatFS-SD-SDIO-SPI-RPi-Pico/src/sd_driver/SDIO/rp2040_sdio.c.o
 .text.sdio_crc16_4bit_checksum
                0x2000edb0       0xa4 CMakeFiles/2890-cartridge-gadget.dir/home/menadue/tree/github/monroe-calculator-information/2890/firmware/no-OS-FatFS-SD-SDIO-SPI-RPi-Pico/src/sd_driver/SDIO/rp2040_sdio.c.o
                0x2000edb0                sdio_crc16_4bit_checksum
 .text.rp2040_sdio_command_R1
                0x2000ee54      0x14c CMakeFiles/2890-cartridge-gadget.dir/home/menadue/tree/github/monroe-calculator-information/2890/firmware/no-OS-FatFS-SD-SDIO-SPI-RPi-Pico/src/sd_driver/SDIO/rp2040_sdio.c.o
                0x2000ee54                rp2040_sdio_command_R1
 .text.rp2040_sdio_command_R2
                0x2000efa0      0x218 CMakeFiles/2890-cartridge-gadget.dir/home/menadue/tree/github/monroe-calculator-information/2890/firmware/no-OS-FatFS-SD-SDIO-SPI-RPi-Pico/src/sd_driver/SDIO/rp2040_sdio.c.o
                0x2000efa0                rp2040_sdio_command_R2
 .text.rp2040_sdio_command_R3
                0x2000f1b8       0x9c CMakeFiles/2890-cartridge-gadget.dir/home/menadue/tree/github/monroe-calculator-information/2890/firmware/no-OS-FatFS-SD-SDIO-SPI-RPi-Pico/src/sd_driver/SDIO/rp2040_sdio.c.o
                0x2000f1b8                rp2040_sdio_command_R3
 .text.rp2040_sdio_rx_start
                0x2000f254      0x18c CMakeFiles/2890-cartridge-gadget.dir/home/menadue/tree/github/monroe-calculator-information/2890/firmware/no-OS-FatFS-SD-SDIO-SPI-RPi-Pico/src/sd_driver/SDIO/rp2040_sdio.c.o
                0x2000f254                rp2040_sdio_rx_start
 .text.rp2040_sdio_rx_poll
                0x2000f3e0      0x1a0 CMakeFiles/2890-cartridge-gadget.dir/home/menadue/tree/github/monroe-calculator-information/2890/firmware/no-OS-FatFS-SD-SDIO-SPI-RPi-Pico/src/sd_driver/SDIO/rp2040_sdio.c.o
                0x2000f3e0                rp2040_sdio_rx_poll
 .text.rp2040_sdio_tx_start
                0x2000f580       0x7c CMakeFiles/2890-cartridge-gadget.dir/home/menadue/tree/github/monroe-calculator-information/2890/firmware/no-OS-FatFS-SD-SDIO-SPI-RPi-Pico/src/sd_driver/SDIO/rp2040_sdio.c.o
                0x2000f580                rp2040_sdio_tx_start
 .text.rp2040_sdio_tx_poll
                0x2000f5fc       0x88 CMakeFiles/2890-cartridge-gadget.dir/home/menadue/tree/github/monroe-calculator-information/2890/firmware/no-OS-FatFS-SD-SDIO-SPI-RPi-Pico/src/sd_driver/SDIO/rp2040_sdio.c.o
                0x2000f5fc                rp2040_sdio_tx_poll
 *fill*         0x2000f684        0x4 
 .text.rp2040_sdio_init
                0x2000f688      0x48c CMakeFiles/2890-cartridge-gadget.dir/home/menadue/tree/github/monroe-calculator-information/2890/firmware/no-OS-FatFS-SD-SDIO-SPI-RPi-Pico/src/sd_driver/SDIO/rp2040_sdio.c.o
                0x2000f688                rp2040_sdio_init
 .text.sd_sdio_deinit
                0x2000fb14       0xd8 CMakeFiles/2890-cartridge-gadget.dir/home/menadue/tree/github/monroe-calculator-information/2890/firmware/no-OS-FatFS-SD-SDIO-SPI-RPi-Pico/src/sd_driver/SDIO/sd_card_sdio.c.o
 .text.sd_sdio_test_com
                0x2000fbec       0x90 CMakeFiles/2890-cartridge-gadget.dir/home/menadue/tree/github/monroe-calculator-information/2890/firmware/no-OS-FatFS-SD-SDIO-SPI-RPi-Pico/src/sd_driver/SDIO/sd_card_sdio.c.o
 .text.logSDError.isra.0
                0x2000fc7c       0x48 CMakeFiles/2890-cartridge-gadget.dir/home/menadue/tree/github/monroe-calculator-information/2890/firmware/no-OS-FatFS-SD-SDIO-SPI-RPi-Pico/src/sd_driver/SDIO/sd_card_sdio.c.o
 .text.sd_sdio_sectorCount
                0x2000fcc4       0xdc CMakeFiles/2890-cartridge-gadget.dir/home/menadue/tree/github/monroe-calculator-information/2890/firmware/no-OS-FatFS-SD-SDIO-SPI-RPi-Pico/src/sd_driver/SDIO/sd_card_sdio.c.o
                0x2000fcc4                sd_sdio_sectorCount
 .text.sd_sdio_begin
                0x2000fda0      0x424 CMakeFiles/2890-cartridge-gadget.dir/home/menadue/tree/github/monroe-calculator-information/2890/firmware/no-OS-FatFS-SD-SDIO-SPI-RPi-Pico/src/sd_driver/SDIO/sd_card_sdio.c.o
                0x2000fda0                sd_sdio_begin
 .text.sd_sdio_init
                0x200101c4       0xf4 CMakeFiles/2890-cartridge-gadget.dir/home/menadue/tree/github/monroe-calculator-information/2890/firmware/no-OS-FatFS-SD-SDIO-SPI-RPi-Pico/src/sd_driver/SDIO/sd_card_sdio.c.o
 .text.sd_sdio_stopTransmission
                0x200102b8       0xcc CMakeFiles/2890-cartridge-gadget.dir/home/menadue/tree/github/monroe-calculator-information/2890/firmware/no-OS-FatFS-SD-SDIO-SPI-RPi-Pico/src/sd_driver/SDIO/sd_card_sdio.c.o
                0x200102b8                sd_sdio_stopTransmission
 .text.sd_sync  0x20010384       0x38 CMakeFiles/2890-cartridge-gadget.dir/home/menadue/tree/github/monroe-calculator-information/2890/firmware/no-OS-FatFS-SD-SDIO-SPI-RPi-Pico/src/sd_driver/SDIO/sd_card_sdio.c.o
 .text.sd_sdio_writeSector
                0x200103bc      0x114 CMakeFiles/2890-cartridge-gadget.dir/home/menadue/tree/github/monroe-calculator-information/2890/firmware/no-OS-FatFS-SD-SDIO-SPI-RPi-Pico/src/sd_driver/SDIO/sd_card_sdio.c.o
                0x200103bc                sd_sdio_writeSector
 .text.sd_sdio_writeSectors
                0x200104d0      0x174 CMakeFiles/2890-cartridge-gadget.dir/home/menadue/tree/github/monroe-calculator-information/2890/firmware/no-OS-FatFS-SD-SDIO-SPI-RPi-Pico/src/sd_driver/SDIO/sd_card_sdio.c.o
                0x200104d0                sd_sdio_writeSectors
 .text.sd_sdio_write_blocks
                0x20010644       0x44 CMakeFiles/2890-cartridge-gadget.dir/home/menadue/tree/github/monroe-calculator-information/2890/firmware/no-OS-FatFS-SD-SDIO-SPI-RPi-Pico/src/sd_driver/SDIO/sd_card_sdio.c.o
 .text.sd_sdio_readSector
                0x20010688      0x120 CMakeFiles/2890-cartridge-gadget.dir/home/menadue/tree/github/monroe-calculator-information/2890/firmware/no-OS-FatFS-SD-SDIO-SPI-RPi-Pico/src/sd_driver/SDIO/sd_card_sdio.c.o
                0x20010688                sd_sdio_readSector
 .text.sd_sdio_readSectors
                0x200107a8      0x140 CMakeFiles/2890-cartridge-gadget.dir/home/menadue/tree/github/monroe-calculator-information/2890/firmware/no-OS-FatFS-SD-SDIO-SPI-RPi-Pico/src/sd_driver/SDIO/sd_card_sdio.c.o
                0x200107a8                sd_sdio_readSectors
 .text.sd_sdio_read_blocks
                0x200108e8       0x44 CMakeFiles/2890-cartridge-gadget.dir/home/menadue/tree/github/monroe-calculator-information/2890/firmware/no-OS-FatFS-SD-SDIO-SPI-RPi-Pico/src/sd_driver/SDIO/sd_card_sdio.c.o
 .text.sd_sdio_ctor
                0x2001092c       0x6c CMakeFiles/2890-cartridge-gadget.dir/home/menadue/tree/github/monroe-calculator-information/2890/firmware/no-OS-FatFS-SD-SDIO-SPI-RPi-Pico/src/sd_driver/SDIO/sd_card_sdio.c.o
                0x2001092c                sd_sdio_ctor
 .text.spi_transfer_start
                0x20010998       0x80 CMakeFiles/2890-cartridge-gadget.dir/home/menadue/tree/github/monroe-calculator-information/2890/firmware/no-OS-FatFS-SD-SDIO-SPI-RPi-Pico/src/sd_driver/SPI/my_spi.c.o
                0x20010998                spi_transfer_start
 .text.calculate_transfer_time_ms
                0x20010a18       0x58 CMakeFiles/2890-cartridge-gadget.dir/home/menadue/tree/github/monroe-calculator-information/2890/firmware/no-OS-FatFS-SD-SDIO-SPI-RPi-Pico/src/sd_driver/SPI/my_spi.c.o
                0x20010a18                calculate_transfer_time_ms
 .text.my_spi_init
                0x20010a70      0x208 CMakeFiles/2890-cartridge-gadget.dir/home/menadue/tree/github/monroe-calculator-information/2890/firmware/no-OS-FatFS-SD-SDIO-SPI-RPi-Pico/src/sd_driver/SPI/my_spi.c.o
                0x20010a70                my_spi_init
 .text.sd_deinit
                0x20010c78       0x34 CMakeFiles/2890-cartridge-gadget.dir/home/menadue/tree/github/monroe-calculator-information/2890/firmware/no-OS-FatFS-SD-SDIO-SPI-RPi-Pico/src/sd_driver/SPI/sd_card_spi.c.o
 .text.crc7.constprop.0
                0x20010cac       0x30 CMakeFiles/2890-cartridge-gadget.dir/home/menadue/tree/github/monroe-calculator-information/2890/firmware/no-OS-FatFS-SD-SDIO-SPI-RPi-Pico/src/sd_driver/SPI/sd_card_spi.c.o
 .text.sd_wait_ready
                0x20010cdc       0xa0 CMakeFiles/2890-cartridge-gadget.dir/home/menadue/tree/github/monroe-calculator-information/2890/firmware/no-OS-FatFS-SD-SDIO-SPI-RPi-Pico/src/sd_driver/SPI/sd_card_spi.c.o
 .text.read_bytes
                0x20010d7c      0x16c CMakeFiles/2890-cartridge-gadget.dir/home/menadue/tree/github/monroe-calculator-information/2890/firmware/no-OS-FatFS-SD-SDIO-SPI-RPi-Pico/src/sd_driver/SPI/sd_card_spi.c.o
 .text.sd_cmd_spi
                0x20010ee8      0x168 CMakeFiles/2890-cartridge-gadget.dir/home/menadue/tree/github/monroe-calculator-information/2890/firmware/no-OS-FatFS-SD-SDIO-SPI-RPi-Pico/src/sd_driver/SPI/sd_card_spi.c.o
 .text.sd_spi_test_com
                0x20011050      0x17c CMakeFiles/2890-cartridge-gadget.dir/home/menadue/tree/github/monroe-calculator-information/2890/firmware/no-OS-FatFS-SD-SDIO-SPI-RPi-Pico/src/sd_driver/SPI/sd_card_spi.c.o
 .text.in_sd_go_idle_state
                0x200111cc      0x13c CMakeFiles/2890-cartridge-gadget.dir/home/menadue/tree/github/monroe-calculator-information/2890/firmware/no-OS-FatFS-SD-SDIO-SPI-RPi-Pico/src/sd_driver/SPI/sd_card_spi.c.o
 .text.send_block.constprop.0
                0x20011308      0x1ec CMakeFiles/2890-cartridge-gadget.dir/home/menadue/tree/github/monroe-calculator-information/2890/firmware/no-OS-FatFS-SD-SDIO-SPI-RPi-Pico/src/sd_driver/SPI/sd_card_spi.c.o
 .text.in_sd_spi_sectors
                0x200114f4      0x104 CMakeFiles/2890-cartridge-gadget.dir/home/menadue/tree/github/monroe-calculator-information/2890/firmware/no-OS-FatFS-SD-SDIO-SPI-RPi-Pico/src/sd_driver/SPI/sd_card_spi.c.o
 .text.sd_spi_sectors
                0x200115f8       0xf4 CMakeFiles/2890-cartridge-gadget.dir/home/menadue/tree/github/monroe-calculator-information/2890/firmware/no-OS-FatFS-SD-SDIO-SPI-RPi-Pico/src/sd_driver/SPI/sd_card_spi.c.o
                0x200115f8                sd_spi_sectors